<html>
<body>
<pre>
<h1>µVision Build Log</h1>
<h2>Tool Versions:</h2>
IDE-Version: ¦ÌVision V5.36.0.0
Copyright (C) 2021 ARM Ltd and ARM Germany GmbH. All rights reserved.
License Information: ZHANG 1173725220@qq.com, CQU, LIC=32B1Q-NHTZI-LQT0Q-NB76Z-FM837-T69RK
 
Tool Versions:
Toolchain:       MDK-ARM Plus  Version: 5.36.0.0
Toolchain Path:  C:\Keil_v5\ARM\ARMCC\Bin
C Compiler:      Armcc.exe V5.06 update 7 (build 960)
Assembler:       Armasm.exe V5.06 update 7 (build 960)
Linker/Locator:  ArmLink.exe V5.06 update 7 (build 960)
Library Manager: ArmAr.exe V5.06 update 7 (build 960)
Hex Converter:   FromElf.exe V5.06 update 7 (build 960)
CPU DLL:         SARMCM3.DLL V5.36.0.0
Dialog DLL:      DCM.DLL V1.17.3.0
Target DLL:      CMSIS_AGDI.dll V1.33.0.0
Dialog DLL:      TCM.DLL V1.53.0.0
 
<h2>Project:</h2>
C:\Users\11737\Desktop\vison\Engineer\MDK-ARM\Engineer.uvprojx
Project File Date:  12/26/2025

<h2>Output:</h2>
*** Using Compiler 'V5.06 update 7 (build 960)', folder: 'C:\Keil_v5\ARM\ARMCC\Bin'
Build target 'Engineer'
compiling chassis.c...
../APPLICATION/nac.h(107): warning:  #1295-D: Deprecated declaration NacSend - give arg types
  void NacSend();
../APPLICATION/nac.h(117): warning:  #1-D: last line of file ends without a newline
  #endif
..\APPLICATION\chassis\chassis.c(33): warning:  #188-D: enumerated type mixed with another type
                  .Improve       = PID_Trapezoid_Intergral | PID_Integral_Limit | PID_Derivative_On_Measurement,
..\APPLICATION\chassis\chassis.c(41): warning:  #188-D: enumerated type mixed with another type
                  .Improve       = PID_Trapezoid_Intergral | PID_Integral_Limit | PID_Derivative_On_Measurement,
..\APPLICATION\chassis\chassis.c(49): warning:  #188-D: enumerated type mixed with another type
              .close_loop_type       = CURRENT_LOOP | SPEED_LOOP,
..\APPLICATION\chassis\chassis.c(81): warning:  #188-D: enumerated type mixed with another type
                  .Improve           = PID_Trapezoid_Intergral | PID_Integral_Limit | PID_Derivative_On_Measurement | PID_DerivativeFilter | PID_ChangingIntegrationRate,
..\APPLICATION\chassis\chassis.c(91): warning:  #188-D: enumerated type mixed with another type
                  .Improve       = PID_Integral_Limit | PID_Derivative_On_Measurement | PID_ChangingIntegrationRate | PID_OutputFilter,
..\APPLICATION\chassis\chassis.c(122): warning:  #188-D: enumerated type mixed with another type
              .close_loop_type       = SPEED_LOOP | ANGLE_LOOP,
..\APPLICATION\chassis\chassis.c(143): warning:  #188-D: enumerated type mixed with another type
          .Improve           = PID_Trapezoid_Intergral | PID_DerivativeFilter | PID_DerivativeFilter | PID_Derivative_On_Measurement | PID_Integral_Limit | PID_Derivative_On_Measurement,
..\APPLICATION\chassis\chassis.c(193): warning:  #546-D: transfer of control bypasses initialization of:
            variable "target_error"  (declared at line 220)
      switch(chassis_ctrl_cmd.correct_mode)
      ^
..\APPLICATION\chassis\chassis.c(269): warning:  #177-D: function "SteeringWheelCalculate"  was declared but never referenced
  static void SteeringWheelCalculate()
..\APPLICATION\chassis\chassis.c: 11 warnings, 0 errors
linking...
Program Size: Code=63468 RO-data=3876 RW-data=1440 ZI-data=97312  
FromELF: creating hex file...
"Engineer\Engineer.axf" - 0 Error(s), 11 Warning(s).

<h2>Software Packages used:</h2>

Package Vendor: ARM
                http://www.keil.com/pack/ARM.CMSIS.5.8.0.pack
                ARM.CMSIS.5.8.0
                CMSIS (Common Microcontroller Software Interface Standard)
   * Component: CORE Version: 5.5.0

Package Vendor: Keil
                https://www.keil.com/pack/Keil.STM32F4xx_DFP.3.0.0.pack
                Keil.STM32F4xx_DFP.3.0.0
                STMicroelectronics STM32F4 Series Device Support

<h2>Collection of Component include folders:</h2>
  .\RTE\_Engineer
  C:\Users\11737\AppData\Local\Arm\Packs\ARM\CMSIS\5.8.0\CMSIS\Core\Include

<h2>Collection of Component Files used:</h2>

   * Component: ARM::CMSIS:CORE:5.5.0
      Include file:  CMSIS\Core\Include\tz_context.h
Build Time Elapsed:  00:00:02
</pre>
</body>
</html>
