Component: ARM Compiler 5.06 update 7 (build 960) Tool: armlink [4d3601]

==============================================================================

Section Cross References

    startup_stm32f407xx.o(STACK) refers (Special) to heapauxi.o(.text) for __use_two_region_memory
    startup_stm32f407xx.o(HEAP) refers (Special) to heapauxi.o(.text) for __use_two_region_memory
    startup_stm32f407xx.o(RESET) refers (Special) to heapauxi.o(.text) for __use_two_region_memory
    startup_stm32f407xx.o(RESET) refers to startup_stm32f407xx.o(STACK) for __initial_sp
    startup_stm32f407xx.o(RESET) refers to startup_stm32f407xx.o(.text) for Reset_Handler
    startup_stm32f407xx.o(RESET) refers to stm32f4xx_it.o(i.NMI_Handler) for NMI_Handler
    startup_stm32f407xx.o(RESET) refers to stm32f4xx_it.o(i.HardFault_Handler) for HardFault_Handler
    startup_stm32f407xx.o(RESET) refers to stm32f4xx_it.o(i.MemManage_Handler) for MemManage_Handler
    startup_stm32f407xx.o(RESET) refers to stm32f4xx_it.o(i.BusFault_Handler) for BusFault_Handler
    startup_stm32f407xx.o(RESET) refers to stm32f4xx_it.o(i.UsageFault_Handler) for UsageFault_Handler
    startup_stm32f407xx.o(RESET) refers to port.o(.emb_text) for SVC_Handler
    startup_stm32f407xx.o(RESET) refers to stm32f4xx_it.o(i.DebugMon_Handler) for DebugMon_Handler
    startup_stm32f407xx.o(RESET) refers to port.o(i.SysTick_Handler) for SysTick_Handler
    startup_stm32f407xx.o(RESET) refers to stm32f4xx_it.o(i.DMA1_Stream1_IRQHandler) for DMA1_Stream1_IRQHandler
    startup_stm32f407xx.o(RESET) refers to stm32f4xx_it.o(i.CAN1_RX0_IRQHandler) for CAN1_RX0_IRQHandler
    startup_stm32f407xx.o(RESET) refers to stm32f4xx_it.o(i.CAN1_RX1_IRQHandler) for CAN1_RX1_IRQHandler
    startup_stm32f407xx.o(RESET) refers to stm32f4xx_it.o(i.SPI1_IRQHandler) for SPI1_IRQHandler
    startup_stm32f407xx.o(RESET) refers to stm32f4xx_it.o(i.TIM8_TRG_COM_TIM14_IRQHandler) for TIM8_TRG_COM_TIM14_IRQHandler
    startup_stm32f407xx.o(RESET) refers to stm32f4xx_it.o(i.DMA2_Stream0_IRQHandler) for DMA2_Stream0_IRQHandler
    startup_stm32f407xx.o(RESET) refers to stm32f4xx_it.o(i.DMA2_Stream2_IRQHandler) for DMA2_Stream2_IRQHandler
    startup_stm32f407xx.o(RESET) refers to stm32f4xx_it.o(i.DMA2_Stream3_IRQHandler) for DMA2_Stream3_IRQHandler
    startup_stm32f407xx.o(RESET) refers to stm32f4xx_it.o(i.CAN2_RX0_IRQHandler) for CAN2_RX0_IRQHandler
    startup_stm32f407xx.o(RESET) refers to stm32f4xx_it.o(i.CAN2_RX1_IRQHandler) for CAN2_RX1_IRQHandler
    startup_stm32f407xx.o(RESET) refers to stm32f4xx_it.o(i.OTG_FS_IRQHandler) for OTG_FS_IRQHandler
    startup_stm32f407xx.o(.text) refers (Special) to heapauxi.o(.text) for __use_two_region_memory
    startup_stm32f407xx.o(.text) refers to system_stm32f4xx.o(i.SystemInit) for SystemInit
    startup_stm32f407xx.o(.text) refers to __main.o(!!!main) for __main
    startup_stm32f407xx.o(.text) refers to startup_stm32f407xx.o(HEAP) for Heap_Mem
    startup_stm32f407xx.o(.text) refers to startup_stm32f407xx.o(STACK) for Stack_Mem
    main.o(i.HAL_TIM_PeriodElapsedCallback) refers to stm32f4xx_hal.o(i.HAL_IncTick) for HAL_IncTick
    main.o(i.SystemClock_Config) refers to rt_memclr_w.o(.text) for __aeabi_memclr4
    main.o(i.SystemClock_Config) refers to stm32f4xx_hal_rcc.o(i.HAL_RCC_OscConfig) for HAL_RCC_OscConfig
    main.o(i.SystemClock_Config) refers to main.o(i.Error_Handler) for Error_Handler
    main.o(i.SystemClock_Config) refers to stm32f4xx_hal_rcc.o(i.HAL_RCC_ClockConfig) for HAL_RCC_ClockConfig
    main.o(i.main) refers to stm32f4xx_hal.o(i.HAL_Init) for HAL_Init
    main.o(i.main) refers to main.o(i.SystemClock_Config) for SystemClock_Config
    main.o(i.main) refers to gpio.o(i.MX_GPIO_Init) for MX_GPIO_Init
    main.o(i.main) refers to dma.o(i.MX_DMA_Init) for MX_DMA_Init
    main.o(i.main) refers to can.o(i.MX_CAN1_Init) for MX_CAN1_Init
    main.o(i.main) refers to can.o(i.MX_CAN2_Init) for MX_CAN2_Init
    main.o(i.main) refers to usart.o(i.MX_USART3_UART_Init) for MX_USART3_UART_Init
    main.o(i.main) refers to spi.o(i.MX_SPI1_Init) for MX_SPI1_Init
    main.o(i.main) refers to tim.o(i.MX_TIM10_Init) for MX_TIM10_Init
    main.o(i.main) refers to usart.o(i.MX_USART1_UART_Init) for MX_USART1_UART_Init
    main.o(i.main) refers to tim.o(i.MX_TIM1_Init) for MX_TIM1_Init
    main.o(i.main) refers to robot_cmd.o(i.RobotCMDInit) for RobotCMDInit
    main.o(i.main) refers to test.o(i.all_init_Task) for all_init_Task
    main.o(i.main) refers to freertos.o(i.MX_FREERTOS_Init) for MX_FREERTOS_Init
    main.o(i.main) refers to cmsis_os.o(i.osKernelStart) for osKernelStart
    gpio.o(i.MX_GPIO_Init) refers to rt_memclr_w.o(.text) for __aeabi_memclr4
    gpio.o(i.MX_GPIO_Init) refers to stm32f4xx_hal_gpio.o(i.HAL_GPIO_WritePin) for HAL_GPIO_WritePin
    gpio.o(i.MX_GPIO_Init) refers to stm32f4xx_hal_gpio.o(i.HAL_GPIO_Init) for HAL_GPIO_Init
    freertos.o(i.ChassisTask_f) refers to test.o(i.all_cmd_Task) for all_cmd_Task
[...]
    USBD_LL_IsoOUTIncomplete                 0x0800ac89   Thumb Code    72  usbd_core.o(i.USBD_LL_IsoOUTIncomplete)
    USBD_LL_OpenEP                           0x0800acd1   Thumb Code    48  usbd_conf.o(i.USBD_LL_OpenEP)
    USBD_LL_PrepareReceive                   0x0800ad01   Thumb Code    48  usbd_conf.o(i.USBD_LL_PrepareReceive)
    USBD_LL_Reset                            0x0800ad31   Thumb Code   110  usbd_core.o(i.USBD_LL_Reset)
    USBD_LL_Resume                           0x0800ad9f   Thumb Code    22  usbd_core.o(i.USBD_LL_Resume)
    USBD_LL_SOF                              0x0800adb5   Thumb Code    40  usbd_core.o(i.USBD_LL_SOF)
    USBD_LL_SetSpeed                         0x0800addd   Thumb Code     8  usbd_core.o(i.USBD_LL_SetSpeed)
    USBD_LL_SetUSBAddress                    0x0800ade5   Thumb Code    38  usbd_conf.o(i.USBD_LL_SetUSBAddress)
    USBD_LL_SetupStage                       0x0800ae0b   Thumb Code   118  usbd_core.o(i.USBD_LL_SetupStage)
    USBD_LL_StallEP                          0x0800ae81   Thumb Code    38  usbd_conf.o(i.USBD_LL_StallEP)
    USBD_LL_Start                            0x0800aea7   Thumb Code    30  usbd_conf.o(i.USBD_LL_Start)
    USBD_LL_Suspend                          0x0800aec5   Thumb Code    28  usbd_core.o(i.USBD_LL_Suspend)
    USBD_LL_Transmit                         0x0800aee1   Thumb Code    48  usbd_conf.o(i.USBD_LL_Transmit)
    USBD_ParseSetupRequest                   0x0800af11   Thumb Code    54  usbd_ctlreq.o(i.USBD_ParseSetupRequest)
    USBD_RegisterClass                       0x0800af47   Thumb Code    72  usbd_core.o(i.USBD_RegisterClass)
    USBD_RunTestMode                         0x0800af8f   Thumb Code     6  usbd_core.o(i.USBD_RunTestMode)
    USBD_SetClassConfig                      0x0800afef   Thumb Code    32  usbd_core.o(i.USBD_SetClassConfig)
    USBD_Start                               0x0800b14d   Thumb Code    12  usbd_core.o(i.USBD_Start)
    USBD_StdDevReq                           0x0800b159   Thumb Code   174  usbd_ctlreq.o(i.USBD_StdDevReq)
    USBD_StdEPReq                            0x0800b207   Thumb Code   644  usbd_ctlreq.o(i.USBD_StdEPReq)
    USBD_StdItfReq                           0x0800b48b   Thumb Code   174  usbd_ctlreq.o(i.USBD_StdItfReq)
    USBD_static_free                         0x0800b539   Thumb Code     2  usbd_conf.o(i.USBD_static_free)
    USBD_static_malloc                       0x0800b53d   Thumb Code     6  usbd_conf.o(i.USBD_static_malloc)
    USB_ActivateEndpoint                     0x0800b549   Thumb Code   202  stm32f4xx_ll_usb.o(i.USB_ActivateEndpoint)
    USB_ActivateSetup                        0x0800b619   Thumb Code    40  stm32f4xx_ll_usb.o(i.USB_ActivateSetup)
    USB_CoreInit                             0x0800b641   Thumb Code   136  stm32f4xx_ll_usb.o(i.USB_CoreInit)
    USB_DeactivateEndpoint                   0x0800b731   Thumb Code   318  stm32f4xx_ll_usb.o(i.USB_DeactivateEndpoint)
    USB_DevConnect                           0x0800b87d   Thumb Code    36  stm32f4xx_ll_usb.o(i.USB_DevConnect)
    USB_DevDisconnect                        0x0800b8a1   Thumb Code    36  stm32f4xx_ll_usb.o(i.USB_DevDisconnect)
    USB_DevInit                              0x0800b8c5   Thumb Code   480  stm32f4xx_ll_usb.o(i.USB_DevInit)
    USB_DisableGlobalInt                     0x0800baad   Thumb Code    14  stm32f4xx_ll_usb.o(i.USB_DisableGlobalInt)
    USB_EP0_OutStart                         0x0800babd   Thumb Code   106  stm32f4xx_ll_usb.o(i.USB_EP0_OutStart)
    USB_EPClearStall                         0x0800bb2d   Thumb Code   142  stm32f4xx_ll_usb.o(i.USB_EPClearStall)
    USB_EPSetStall                           0x0800bbbb   Thumb Code   154  stm32f4xx_ll_usb.o(i.USB_EPSetStall)
    USB_EPStartXfer                          0x0800bc55   Thumb Code   954  stm32f4xx_ll_usb.o(i.USB_EPStartXfer)
    USB_EPStopXfer                           0x0800c015   Thumb Code   236  stm32f4xx_ll_usb.o(i.USB_EPStopXfer)
    USB_EnableGlobalInt                      0x0800c101   Thumb Code    14  stm32f4xx_ll_usb.o(i.USB_EnableGlobalInt)
    USB_FlushRxFifo                          0x0800c10f   Thumb Code    80  stm32f4xx_ll_usb.o(i.USB_FlushRxFifo)
    USB_FlushTxFifo                          0x0800c15f   Thumb Code    84  stm32f4xx_ll_usb.o(i.USB_FlushTxFifo)
    USB_GetDevSpeed                          0x0800c1b3   Thumb Code    38  stm32f4xx_ll_usb.o(i.USB_GetDevSpeed)
    USB_GetMode                              0x0800c1d9   Thumb Code    10  stm32f4xx_ll_usb.o(i.USB_GetMode)
    USB_ReadDevAllInEpInterrupt              0x0800c1e3   Thumb Code    20  stm32f4xx_ll_usb.o(i.USB_ReadDevAllInEpInterrupt)
    USB_ReadDevAllOutEpInterrupt             0x0800c1f7   Thumb Code    20  stm32f4xx_ll_usb.o(i.USB_ReadDevAllOutEpInterrupt)
    USB_ReadDevInEPInterrupt                 0x0800c20b   Thumb Code    50  stm32f4xx_ll_usb.o(i.USB_ReadDevInEPInterrupt)
    USB_ReadDevOutEPInterrupt                0x0800c23d   Thumb Code    26  stm32f4xx_ll_usb.o(i.USB_ReadDevOutEPInterrupt)
    USB_ReadInterrupts                       0x0800c257   Thumb Code    10  stm32f4xx_ll_usb.o(i.USB_ReadInterrupts)
    USB_ReadPacket                           0x0800c261   Thumb Code    96  stm32f4xx_ll_usb.o(i.USB_ReadPacket)
    USB_RxHandler                            0x0800c2c1   Thumb Code    74  usb.o(i.USB_RxHandler)
    USB_SetCurrentMode                       0x0800c31d   Thumb Code   104  stm32f4xx_ll_usb.o(i.USB_SetCurrentMode)
    USB_SetDevAddress                        0x0800c385   Thumb Code    42  stm32f4xx_ll_usb.o(i.USB_SetDevAddress)
    USB_SetDevSpeed                          0x0800c3af   Thumb Code    18  stm32f4xx_ll_usb.o(i.USB_SetDevSpeed)
    USB_SetTurnaroundTime                    0x0800c3c1   Thumb Code   192  stm32f4xx_ll_usb.o(i.USB_SetTurnaroundTime)
    USB_WritePacket                          0x0800c4a9   Thumb Code    68  stm32f4xx_ll_usb.o(i.USB_WritePacket)
    UsageFault_Handler                       0x0800c4ed   Thumb Code     4  stm32f4xx_it.o(i.UsageFault_Handler)
    Usb_f                                    0x0800c4f1   Thumb Code    14  freertos.o(i.Usb_f)
    __ARM_fpclassifyf                        0x0800c4ff   Thumb Code    38  fpclassifyf.o(i.__ARM_fpclassifyf)
    __hardfp_acosf                           0x0800c595   Thumb Code   234  acosf.o(i.__hardfp_acosf)
    __hardfp_atan2f                          0x0800c6ad   Thumb Code   594  atan2f.o(i.__hardfp_atan2f)
    __hardfp_ceilf                           0x0800c959   Thumb Code    98  ceilf.o(i.__hardfp_ceilf)
    __mathlib_ceilf                          0x0800c959   Thumb Code     0  ceilf.o(i.__hardfp_ceilf)
    __hardfp_cosf                            0x0800c9c5   Thumb Code   280  cosf.o(i.__hardfp_cosf)
    __hardfp_fmaxf                           0x0800cb15   Thumb Code    72  fmaxf.o(i.__hardfp_fmaxf)
    __hardfp_fminf                           0x0800cb5d   Thumb Code    72  fminf.o(i.__hardfp_fminf)
    __hardfp_sinf                            0x0800cba5   Thumb Code   344  sinf.o(i.__hardfp_sinf)
    __hardfp_sqrtf                           0x0800cd35   Thumb Code    58  sqrtf.o(i.__hardfp_sqrtf)
    __mathlib_flt_infnan                     0x0800cd6f   Thumb Code     6  funder.o(i.__mathlib_flt_infnan)
    __mathlib_flt_infnan2                    0x0800cd75   Thumb Code     6  funder.o(i.__mathlib_flt_infnan2)
    __mathlib_flt_invalid                    0x0800cd7d   Thumb Code    10  funder.o(i.__mathlib_flt_invalid)
    __mathlib_flt_underflow                  0x0800cd8d   Thumb Code    10  funder.o(i.__mathlib_flt_underflow)
    __mathlib_rredf2                         0x0800cd9d   Thumb Code   316  rredf.o(i.__mathlib_rredf2)
    all_cmd_Task                             0x0800cef1   Thumb Code    12  test.o(i.all_cmd_Task)
    all_init_Task                            0x0800cefd   Thumb Code     8  test.o(i.all_init_Task)
    main                                     0x0800d2e3   Thumb Code    64  main.o(i.main)
    osDelay                                  0x0800d331   Thumb Code    24  cmsis_os.o(i.osDelay)
    osKernelStart                            0x0800d349   Thumb Code    10  cmsis_os.o(i.osKernelStart)
    osThreadCreate                           0x0800d353   Thumb Code    94  cmsis_os.o(i.osThreadCreate)
    pvPortMalloc                             0x0800d831   Thumb Code   306  heap_4.o(i.pvPortMalloc)
    pxPortInitialiseStack                    0x0800d97d   Thumb Code    38  port.o(i.pxPortInitialiseStack)
    sqrtf                                    0x0800d9a9   Thumb Code    62  sqrtf.o(i.sqrtf)
    uxListRemove                             0x0800d9e7   Thumb Code    40  list.o(i.uxListRemove)
    vApplicationGetIdleTaskMemory            0x0800da11   Thumb Code    14  freertos.o(i.vApplicationGetIdleTaskMemory)
    vListInitialise                          0x0800da29   Thumb Code    26  list.o(i.vListInitialise)
    vListInitialiseItem                      0x0800da43   Thumb Code     6  list.o(i.vListInitialiseItem)
    vListInsert                              0x0800da49   Thumb Code    52  list.o(i.vListInsert)
    vListInsertEnd                           0x0800da7d   Thumb Code    24  list.o(i.vListInsertEnd)
    vPortEnterCritical                       0x0800da95   Thumb Code    76  port.o(i.vPortEnterCritical)
    vPortExitCritical                        0x0800dae9   Thumb Code    56  port.o(i.vPortExitCritical)
    vPortFree                                0x0800db25   Thumb Code   150  heap_4.o(i.vPortFree)
    vPortSetupTimerInterrupt                 0x0800dbc9   Thumb Code    36  port.o(i.vPortSetupTimerInterrupt)
    vTaskDelay                               0x0800dbf1   Thumb Code    82  tasks.o(i.vTaskDelay)
    vTaskStartScheduler                      0x0800dc4d   Thumb Code   146  tasks.o(i.vTaskStartScheduler)
    vTaskSuspendAll                          0x0800dcfd   Thumb Code    12  tasks.o(i.vTaskSuspendAll)
    vTaskSwitchContext                       0x0800dd0d   Thumb Code   118  tasks.o(i.vTaskSwitchContext)
    xPortStartScheduler                      0x0800dd99   Thumb Code   330  port.o(i.xPortStartScheduler)
    xTaskCreate                              0x0800df01   Thumb Code   100  tasks.o(i.xTaskCreate)
    xTaskCreateStatic                        0x0800df65   Thumb Code   186  tasks.o(i.xTaskCreateStatic)
    xTaskIncrementTick                       0x0800e021   Thumb Code   282  tasks.o(i.xTaskIncrementTick)
    xTaskResumeAll                           0x0800e169   Thumb Code   224  tasks.o(i.xTaskResumeAll)
    __aeabi_d2f                              0x0800e26d   Thumb Code     0  d2f.o(x$fpl$d2f)
    _d2f                                     0x0800e26d   Thumb Code    98  d2f.o(x$fpl$d2f)
    __aeabi_ddiv                             0x0800e2d1   Thumb Code     0  ddiv.o(x$fpl$ddiv)
    _ddiv                                    0x0800e2d1   Thumb Code   552  ddiv.o(x$fpl$ddiv)
    __aeabi_dmul                             0x0800e581   Thumb Code     0  dmul.o(x$fpl$dmul)
    _dmul                                    0x0800e581   Thumb Code   332  dmul.o(x$fpl$dmul)
    __fpl_dnaninf                            0x0800e6d5   Thumb Code   156  dnaninf.o(x$fpl$dnaninf)
    __fpl_dretinf                            0x0800e771   Thumb Code    12  dretinf.o(x$fpl$dretinf)
    __aeabi_f2d                              0x0800e77d   Thumb Code     0  f2d.o(x$fpl$f2d)
    _f2d                                     0x0800e77d   Thumb Code    86  f2d.o(x$fpl$f2d)
    __fcmp4                                  0x0800e7d5   Thumb Code    24  fcmp4.o(x$fpl$fcmp4)
    __ARM_fcmp4                              0x0800e7ed   Thumb Code     0  fcmp4.o(x$fpl$fcmp4)
    _fcmp4                                   0x0800e7ed   Thumb Code    58  fcmp4.o(x$fpl$fcmp4)
    __fpl_fcmp_Inf                           0x0800e827   Thumb Code    24  fcmpi.o(x$fpl$fcmpinf)
    __fpl_fnaninf                            0x0800e83f   Thumb Code   140  fnaninf.o(x$fpl$fnaninf)
    _fp_init                                 0x0800e8cb   Thumb Code    10  fpinit.o(x$fpl$fpinit)
    __fplib_config_fpu_vfp                   0x0800e8d3   Thumb Code     0  fpinit.o(x$fpl$fpinit)
    __fplib_config_pureend_doubles           0x0800e8d3   Thumb Code     0  fpinit.o(x$fpl$fpinit)
    __fpl_fretinf                            0x0800e8d5   Thumb Code    10  fretinf.o(x$fpl$fretinf)
    __I$use$fp                               0x0800e8de   Number         0  usenofp.o(x$fpl$usenofp)
    AHBPrescTable                            0x0800e958   Data          16  system_stm32f4xx.o(.constdata)
    APBPrescTable                            0x0800e968   Data           8  system_stm32f4xx.o(.constdata)
    Region$$Table$$Base                      0x0800ed60   Number         0  anon$$obj.o(Region$$Table)
    Region$$Table$$Limit                     0x0800eda0   Number         0  anon$$obj.o(Region$$Table)
    ImuTaskHandle                            0x20000000   Data           4  freertos.o(.data)
    ChassisTaskHandle                        0x20000004   Data           4  freertos.o(.data)
    UsbTaskHandle                            0x20000008   Data           4  freertos.o(.data)
    Catch_TaskHandle                         0x2000000c   Data           4  freertos.o(.data)
    SystemCoreClock                          0x20000014   Data           4  system_stm32f4xx.o(.data)
    g_arm_homing_abort                       0x20000059   Data           1  arm.o(.data)
    USBD_Interface_fops_FS                   0x20000068   Data          20  usbd_cdc_if.o(.data)
    USBD_CDC                                 0x20000088   Data          56  usbd_cdc.o(.data)
    hcan1                                    0x20000108   Data          40  can.o(.bss)
    hcan2                                    0x20000130   Data          40  can.o(.bss)
    huart1                                   0x20000158   Data          72  usart.o(.bss)
    huart3                                   0x200001a0   Data          72  usart.o(.bss)
    hdma_usart1_rx                           0x200001e8   Data          96  usart.o(.bss)
    hdma_usart3_rx                           0x20000248   Data          96  usart.o(.bss)
    htim14                                   0x200002a8   Data          72  stm32f4xx_hal_timebase_tim.o(.bss)
    usb_chassis_cmd                          0x20000320   Data          12  usb.o(.bss)
    g_arm_state                              0x20000744   Data         200  arm.o(.bss)
    g_arm_calibration                        0x2000080c   Data          72  arm.o(.bss)
    g_arm_soft_limit_debug                   0x20000854   Data         204  arm.o(.bss)
    g_arm_kinematics_debug                   0x20000920   Data         140  arm.o(.bss)
    g_arm_motion_debug                       0x200009ac   Data         112  arm_trajectory.o(.bss)
    hUsbDeviceFS                             0x20006b5c   Data         732  usb_device.o(.bss)
    USBD_StrDesc                             0x20006e38   Data         512  usbd_desc.o(.bss)
    UserRxBufferFS                           0x20007038   Data        2048  usbd_cdc_if.o(.bss)
    UserTxBufferFS                           0x20007838   Data        2048  usbd_cdc_if.o(.bss)
    hpcd_USB_OTG_FS                          0x20008038   Data        1252  usbd_conf.o(.bss)
    __libspace_start                         0x2000873c   Data          96  libspace.o(.bss)
    __temporary_stack_top$libspace           0x2000879c   Data           0  libspace.o(.bss)
    uwTick                                   0x2001c000   Data           4  stm32f4xx_hal.o(.data)
    uwTickPrio                               0x2001c004   Data           4  stm32f4xx_hal.o(.data)
    uwTickFreq                               0x2001c008   Data           1  stm32f4xx_hal.o(.data)
    usb_last_recv_time                       0x2001c1f8   Data           4  usb.o(.data)
    pxCurrentTCB                             0x2001c20c   Data           4  tasks.o(.data)
    FS_Desc                                  0x2001c268   Data          28  usbd_desc.o(.data)
    USBD_FS_DeviceDesc                       0x2001c284   Data          18  usbd_desc.o(.data)
    USBD_LangIDDesc                          0x2001c298   Data           4  usbd_desc.o(.data)
    USBD_StringSerial                        0x2001c29c   Data          26  usbd_desc.o(.data)
    hspi1                                    0x2001c51c   Data          88  spi.o(.bss)
    hdma_spi1_rx                             0x2001c574   Data          96  spi.o(.bss)
    hdma_spi1_tx                             0x2001c5d4   Data          96  spi.o(.bss)
    htim1                                    0x2001c634   Data          72  tim.o(.bss)
    htim10                                   0x2001c67c   Data          72  tim.o(.bss)



==============================================================================

Memory Map of the image

  Image Entry point : 0x08000189

  Load Region LR_IROM1 (Base: 0x08000000, Size: 0x0000f160, Max: 0x00100000, ABSOLUTE, COMPRESSED[0x0000ef08])

    Execution Region ER_IROM1 (Exec base: 0x08000000, Load base: 0x08000000, Size: 0x0000eda0, Max: 0x00100000, ABSOLUTE)

    Exec Addr    Load Addr    Size         Type   Attr      Idx    E Section Name        Object

    0x08000000   0x08000000   0x00000188   Data   RO            3    RESET               startup_stm32f407xx.o
    0x08000188   0x08000188   0x00000008   Code   RO         9526  * !!!main             c_w.l(__main.o)
    0x08000190   0x08000190   0x00000034   Code   RO         9899    !!!scatter          c_w.l(__scatter.o)
    0x080001c4   0x080001c4   0x0000005a   Code   RO         9897    !!dczerorl2         c_w.l(__dczerorl2.o)
    0x0800021e   0x0800021e   0x00000002   PAD
    0x08000220   0x08000220   0x0000001a   Code   RO         9901    !!handler_copy      c_w.l(__scatter_copy.o)
    0x0800023a   0x0800023a   0x00000002   PAD
    0x0800023c   0x0800023c   0x0000001c   Code   RO         9903    !!handler_zi        c_w.l(__scatter_zi.o)
    0x08000258   0x08000258   0x00000002   Code   RO         9834    .ARM.Collect$$libinit$$00000000  c_w.l(libinit.o)
    0x0800025a   0x0800025a   0x00000004   Code   RO         9679    .ARM.Collect$$libinit$$00000001  c_w.l(libinit2.o)
    0x0800025e   0x0800025e   0x00000000   Code   RO         9682    .ARM.Collect$$libinit$$00000004  c_w.l(libinit2.o)
    0x0800025e   0x0800025e   0x00000008   Code   RO         9683    .ARM.Collect$$libinit$$00000005  c_w.l(libinit2.o)
    0x08000266   0x08000266   0x00000000   Code   RO         9685    .ARM.Collect$$libinit$$0000000A  c_w.l(libinit2.o)
    0x08000266   0x08000266   0x00000000   Code   RO         9687    .ARM.Collect$$libinit$$0000000C  c_w.l(libinit2.o)
    0x08000266   0x08000266   0x00000000   Code   RO         9689    .ARM.Collect$$libinit$$0000000E  c_w.l(libinit2.o)
    0x08000266   0x08000266   0x00000000   Code   RO         9692    .ARM.Collect$$libinit$$00000011  c_w.l(libinit2.o)
    0x08000266   0x08000266   0x00000000   Code   RO         9694    .ARM.Collect$$libinit$$00000013  c_w.l(libinit2.o)
    0x08000266   0x08000266   0x00000000   Code   RO         9696    .ARM.Collect$$libinit$$00000015  c_w.l(libinit2.o)
    0x08000266   0x08000266   0x00000000   Code   RO         9698    .ARM.Collect$$libinit$$00000017  c_w.l(libinit2.o)
    0x08000266   0x08000266   0x00000000   Code   RO         9700    .ARM.Collect$$libinit$$00000019  c_w.l(libinit2.o)
    0x08000266   0x08000266   0x00000000   Code   RO         9702    .ARM.Collect$$libinit$$0000001B  c_w.l(libinit2.o)
    0x08000266   0x08000266   0x00000000   Code   RO         9704    .ARM.Collect$$libinit$$0000001D  c_w.l(libinit2.o)
    0x08000266   0x08000266   0x00000000   Code   RO         9706    .ARM.Collect$$libinit$$0000001F  c_w.l(libinit2.o)
    0x08000266   0x08000266   0x00000000   Code   RO         9708    .ARM.Collect$$libinit$$00000021  c_w.l(libinit2.o)
    0x08000266   0x08000266   0x00000000   Code   RO         9710    .ARM.Collect$$libinit$$00000023  c_w.l(libinit2.o)
    0x08000266   0x08000266   0x00000000   Code   RO         9712    .ARM.Collect$$libinit$$00000025  c_w.l(libinit2.o)
    0x08000266   0x08000266   0x00000000   Code   RO         9716    .ARM.Collect$$libinit$$0000002C  c_w.l(libinit2.o)
    0x08000266   0x08000266   0x00000000   Code   RO         9718    .ARM.Collect$$libinit$$0000002E  c_w.l(libinit2.o)
    0x08000266   0x08000266   0x00000000   Code   RO         9720    .ARM.Collect$$libinit$$00000030  c_w.l(libinit2.o)
    0x08000266   0x08000266   0x00000000   Code   RO         9722    .ARM.Collect$$libinit$$00000032  c_w.l(libinit2.o)
    0x08000266   0x08000266   0x00000002   Code   RO         9723    .ARM.Collect$$libinit$$00000033  c_w.l(libinit2.o)
    0x08000268   0x08000268   0x00000002   Code   RO         9894    .ARM.Collect$$libshutdown$$00000000  c_w.l(libshutdown.o)
    0x0800026a   0x0800026a   0x00000000   Code   RO         9850    .ARM.Collect$$libshutdown$$00000002  c_w.l(libshutdown2.o)
    0x0800026a   0x0800026a   0x00000000   Code   RO         9852    .ARM.Collect$$libshutdown$$00000004  c_w.l(libshutdown2.o)
    0x0800026a   0x0800026a   0x00000000   Code   RO         9854    .ARM.Collect$$libshutdown$$00000006  c_w.l(libshutdown2.o)
    0x0800026a   0x0800026a   0x00000000   Code   RO         9857    .ARM.Collect$$libshutdown$$00000009  c_w.l(libshutdown2.o)
    0x0800026a   0x0800026a   0x00000000   Code   RO         9860    .ARM.Collect$$libshutdown$$0000000C  c_w.l(libshutdown2.o)
    0x0800026a   0x0800026a   0x00000000   Code   RO         9862    .ARM.Collect$$libshutdown$$0000000E  c_w.l(libshutdown2.o)
    0x0800026a   0x0800026a   0x00000000   Code   RO         9865    .ARM.Collect$$libshutdown$$00000011  c_w.l(libshutdown2.o)
    0x0800026a   0x0800026a   0x00000002   Code   RO         9866    .ARM.Collect$$libshutdown$$00000012  c_w.l(libshutdown2.o)
    0x0800026c   0x0800026c   0x00000000   Code   RO         9632    .ARM.Collect$$rtentry$$00000000  c_w.l(__rtentry.o)
    0x0800026c   0x0800026c   0x00000000   Code   RO         9762    .ARM.Collect$$rtentry$$00000002  c_w.l(__rtentry2.o)
    0x0800026c   0x0800026c   0x00000006   Code   RO         9774    .ARM.Collect$$rtentry$$00000004  c_w.l(__rtentry4.o)
    0x08000272   0x08000272   0x00000000   Code   RO         9764    .ARM.Collect$$rtentry$$00000009  c_w.l(__rtentry2.o)
    0x08000272   0x08000272   0x00000004   Code   RO         9765    .ARM.Collect$$rtentry$$0000000A  c_w.l(__rtentry2.o)
    0x08000276   0x08000276   0x00000000   Code   RO         9767    .ARM.Collect$$rtentry$$0000000C  c_w.l(__rtentry2.o)
    0x08000276   0x08000276   0x00000008   Code   RO         9768    .ARM.Collect$$rtentry$$0000000D  c_w.l(__rtentry2.o)
    0x0800027e   0x0800027e   0x00000002   Code   RO         9837    .ARM.Collect$$rtexit$$00000000  c_w.l(rtexit.o)
    0x08000280   0x08000280   0x00000000   Code   RO         9870    .ARM.Collect$$rtexit$$00000002  c_w.l(rtexit2.o)
    0x08000280   0x08000280   0x00000004   Code   RO         9871    .ARM.Collect$$rtexit$$00000003  c_w.l(rtexit2.o)
    0x08000284   0x08000284   0x00000006   Code   RO         9872    .ARM.Collect$$rtexit$$00000004  c_w.l(rtexit2.o)
    0x0800028a   0x0800028a   0x00000002   PAD
    0x0800028c   0x0800028c   0x000000be   Code   RO         8312    .emb_text           port.o
    0x0800034a   0x0800034a   0x00000002   PAD
    0x0800034c   0x0800034c   0x00000000   Code   RO         9785    .emb_text           c_w.l(maybetermalloc1.o)
    0x0800034c   0x0800034c   0x00000040   Code   RO            4    .text               startup_stm32f407xx.o
    0x0800038c   0x0800038c   0x0000005e   Code   RO         9422    .text               c_w.l(h1_alloc.o)
    0x080003ea   0x080003ea   0x000000ee   Code   RO         9476    .text               c_w.l(lludivv7m.o)
    0x080004d8   0x080004d8   0x0000008a   Code   RO         9512    .text               c_w.l(rt_memcpy_v6.o)
    0x08000562   0x08000562   0x00000064   Code   RO         9514    .text               c_w.l(rt_memcpy_w.o)
    0x080005c6   0x080005c6   0x00000044   Code   RO         9520    .text               c_w.l(rt_memclr.o)
    0x0800060a   0x0800060a   0x0000004e   Code   RO         9522    .text               c_w.l(rt_memclr_w.o)
    0x08000658   0x08000658   0x00000006   Code   RO         9524    .text               c_w.l(heapauxi.o)
    0x0800065e   0x0800065e   0x00000002   PAD
    0x08000660   0x08000660   0x00000008   Code   RO         9640    .text               c_w.l(rt_heap_descriptor_intlibspace.o)
    0x08000668   0x08000668   0x00000004   Code   RO         9642    .text               c_w.l(hguard.o)
    0x0800066c   0x0800066c   0x0000008a   Code   RO         9644    .text               c_w.l(init_alloc.o)
    0x080006f6   0x080006f6   0x0000000e   Code   RO         9650    .text               c_w.l(h1_init.o)
    0x08000704   0x08000704   0x0000004e   Code   RO         9652    .text               c_w.l(h1_free.o)
    0x08000752   0x08000752   0x00000016   Code   RO         9668    .text               c_w.l(_rserrno.o)
    0x08000768   0x08000768   0x00000008   Code   RO         9758    .text               c_w.l(libspace.o)
    0x08000770   0x08000770   0x00000008   Code   RO         9781    .text               c_w.l(rt_errno_addr_intlibspace.o)
    0x08000778   0x08000778   0x00000034   Code   RO         9787    .text               c_w.l(h1_extend.o)
    0x080007ac   0x080007ac   0x0000000e   Code   RO         9793    .text               c_w.l(defsig_rtmem_outer.o)
    0x080007ba   0x080007ba   0x00000002   Code   RO         9806    .text               c_w.l(use_no_semi.o)
    0x080007bc   0x080007bc   0x00000000   Code   RO         9808    .text               c_w.l(indicate_semi.o)
    0x080007bc   0x080007bc   0x0000004a   Code   RO         9809    .text               c_w.l(sys_stackheap_outer.o)
    0x08000806   0x08000806   0x00000012   Code   RO         9815    .text               c_w.l(exit.o)
    0x08000818   0x08000818   0x0000000a   Code   RO         9817    .text               c_w.l(defsig_exit.o)
    0x08000822   0x08000822   0x00000002   PAD
    0x08000824   0x08000824   0x00000050   Code   RO         9823    .text               c_w.l(defsig_rtmem_inner.o)
    0x08000874   0x08000874   0x0000000c   Code   RO         9835    .text               c_w.l(sys_exit.o)
    0x08000880   0x08000880   0x00000032   Code   RO         9845    .text               c_w.l(defsig_general.o)
    0x080008b2   0x080008b2   0x0000000e   Code   RO         9867    .text               c_w.l(sys_wrch.o)
    0x080008c0   0x080008c0   0x00000298   Code   RO         6371    i.Arm3508RatioTestTask  arm.o
    0x08000b58   0x08000b58   0x0000001c   Code   RO         6850    i.ArmAbortMotion    arm_trajectory.o
    0x08000b74   0x08000b74   0x000000fc   Code   RO         6372    i.ArmAutoCalibrationTask  arm.o
    0x08000c70   0x08000c70   0x00000098   Code   RO         6778    i.ArmAutoPoseIsSafe  arm_kinematics.o
    0x08000d08   0x08000d08   0x00000034   Code   RO         6373    i.ArmBaseInitHold   arm.o
    0x08000d3c   0x08000d3c   0x00000134   Code   RO         6374    i.ArmBaseInitMove   arm.o
    0x08000e70   0x08000e70   0x00000060   Code   RO         6375    i.ArmBaseJointAngle  arm.o
    0x08000ed0   0x08000ed0   0x00000028   Code   RO         6376    i.ArmBaseMotorConfig  arm.o
    0x08000ef8   0x08000ef8   0x000000b4   Code   RO         6377    i.ArmBaseResetControllerOnTargetCross  arm.o
    0x08000fac   0x08000fac   0x00000164   Code   RO         6379    i.ArmBeginJointMove  arm.o
    0x08001110   0x08001110   0x0000000a   Code   RO         6380    i.ArmCalibrationAbort  arm.o
    0x0800111a   0x0800111a   0x00000002   PAD
    0x0800111c   0x0800111c   0x00000090   Code   RO         6381    i.ArmCalibrationFail  arm.o
    0x080011ac   0x080011ac   0x00000012   Code   RO         6383    i.ArmCalibrationStateIsActive  arm.o
    0x080011be   0x080011be   0x00000002   PAD
    0x080011c0   0x080011c0   0x00000248   Code   RO         6384    i.ArmCalibrationTask  arm.o
    0x08001408   0x08001408   0x0000002a   Code   RO         6851    i.ArmCartesianClamp  arm_trajectory.o
    0x08001432   0x08001432   0x00000002   PAD
    0x08001434   0x08001434   0x0000025c   Code   RO         6852    i.ArmCartesianDurationMs  arm_trajectory.o
    0x08001690   0x08001690   0x00000150   Code   RO         6853    i.ArmCartesianInterpolateJointSamples  arm_trajectory.o
    0x080017e0   0x080017e0   0x00000084   Code   RO         6854    i.ArmCartesianJointStepContinuous  arm_trajectory.o
    0x08001864   0x08001864   0x00000038   Code   RO         6855    i.ArmCartesianMotorsReady  arm_trajectory.o
    0x0800189c   0x0800189c   0x00000054   Code   RO         6856    i.ArmCartesianPositionDistance  arm_trajectory.o
    0x080018f0   0x080018f0   0x00000050   Code   RO         6857    i.ArmCartesianQuintic  arm_trajectory.o
    0x08001940   0x08001940   0x00000020   Code   RO         6858    i.ArmCartesianRecordRejected  arm_trajectory.o
    0x08001960   0x08001960   0x00000104   Code   RO         6859    i.ArmCartesianRunPreparedTrajectory  arm_trajectory.o
    0x08001a64   0x08001a64   0x00000014   Code   RO         6860    i.ArmCartesianSetState  arm_trajectory.o
    0x08001a78   0x08001a78   0x00000194   Code   RO         6861    i.ArmCartesianStartBootStaging  arm_trajectory.o
    0x08001c0c   0x08001c0c   0x000000a0   Code   RO         6862    i.ArmCartesianStartPreparedTrajectory  arm_trajectory.o
    0x08001cac   0x08001cac   0x000000cc   Code   RO         6863    i.ArmCartesianUpdateDebug  arm_trajectory.o
    0x08001d78   0x08001d78   0x00000048   Code   RO         6864    i.ArmCartesianWrapTo180  arm_trajectory.o
    0x08001dc0   0x08001dc0   0x00000030   Code   RO         6386    i.ArmClearMotorController  arm.o
    0x08001df0   0x08001df0   0x00000084   Code   RO         6387    i.ArmClearPidRuntime  arm.o
    0x08001e74   0x08001e74   0x00000098   Code   RO         6388    i.ArmConfirmedStall  arm.o
    0x08001f0c   0x08001f0c   0x00000028   Code   RO         6389    i.ArmElbowMotorConfig  arm.o
    0x08001f34   0x08001f34   0x00000048   Code   RO         6390    i.ArmEnterCalibrationState  arm.o
    0x08001f7c   0x08001f7c   0x000000e0   Code   RO         6391    i.ArmFinishJointHoming  arm.o
    0x0800205c   0x0800205c   0x000000e0   Code   RO         6779    i.ArmForwardKinematics3DOF  arm_kinematics.o
    0x0800213c   0x0800213c   0x0000000a   Code   RO         6393    i.ArmHomingStart    arm.o
    0x08002146   0x08002146   0x00000002   PAD
    0x08002148   0x08002148   0x000001d0   Code   RO         6394    i.ArmInit           arm.o
    0x08002318   0x08002318   0x0000042c   Code   RO         6780    i.ArmInverseKinematics3DOF  arm_kinematics.o
    0x08002744   0x08002744   0x000000e0   Code   RO         6781    i.ArmJointPoseWithinSoftLimits  arm_kinematics.o
    0x08002824   0x08002824   0x00000020   Code   RO         6782    i.ArmKinematicsAngleDifference  arm_kinematics.o
    0x08002844   0x08002844   0x000000ac   Code   RO         6783    i.ArmKinematicsCandidateScore  arm_kinematics.o
    0x080028f0   0x080028f0   0x0000002a   Code   RO         6784    i.ArmKinematicsClamp  arm_kinematics.o
    0x0800291a   0x0800291a   0x00000002   PAD
    0x0800291c   0x0800291c   0x000000ac   Code   RO         6785    i.ArmKinematicsSelfTest  arm_kinematics.o
    0x080029c8   0x080029c8   0x00000048   Code   RO         6786    i.ArmKinematicsWrapTo180  arm_kinematics.o
    0x08002a10   0x08002a10   0x000000f4   Code   RO         6395    i.ArmLoadMeasuredJointMapping  arm.o
    0x08002b04   0x08002b04   0x00000034   Code   RO         6396    i.ArmMotionStopMotors  arm.o
    0x08002b38   0x08002b38   0x00000024   Code   RO         6398    i.ArmMotorFeedbackReady  arm.o
    0x08002b5c   0x08002b5c   0x00000050   Code   RO         6399    i.ArmMotorToCalibratedJoint  arm.o
    0x08002bac   0x08002bac   0x00000298   Code   RO         6865    i.ArmMoveLinear     arm_trajectory.o
    0x08002e44   0x08002e44   0x0000009c   Code   RO         6400    i.ArmNearestBaseTotalTarget  arm.o
    0x08002ee0   0x08002ee0   0x00000024   Code   RO         6401    i.ArmRatioTestEnterState  arm.o
    0x08002f04   0x08002f04   0x00000048   Code   RO         6402    i.ArmRatioTestFail  arm.o
    0x08002f4c   0x08002f4c   0x0000007c   Code   RO         6403    i.ArmRecordOppositeSpan  arm.o
    0x08002fc8   0x08002fc8   0x00000026   Code   RO         6404    i.ArmResetMotorAtReference  arm.o
    0x08002fee   0x08002fee   0x00000002   PAD
    0x08002ff0   0x08002ff0   0x00000168   Code   RO         6405    i.ArmRunFindOpposite  arm.o
    0x08003158   0x08003158   0x000000e8   Code   RO         6406    i.ArmRunFindReference  arm.o
    0x08003240   0x08003240   0x00000104   Code   RO         6407    i.ArmRunReleaseReference  arm.o
    0x08003344   0x08003344   0x0000005c   Code   RO         6408    i.ArmRunSettleOpposite  arm.o
    0x080033a0   0x080033a0   0x00000060   Code   RO         6409    i.ArmRunSettleReference  arm.o
    0x08003400   0x08003400   0x00000010   Code   RO         6410    i.ArmSetAngleLoop   arm.o
    0x08003410   0x08003410   0x00000164   Code   RO         6866    i.ArmSetCartesianTarget  arm_trajectory.o
    0x08003574   0x08003574   0x00000010   Code   RO         6412    i.ArmSetSpeedLoop   arm.o
    0x08003584   0x08003584   0x00000028   Code   RO         6413    i.ArmShoulderMotorConfig  arm.o
    0x080035ac   0x080035ac   0x0000001a   Code   RO         6414    i.ArmSign           arm.o
    0x080035c6   0x080035c6   0x00000002   PAD
    0x080035c8   0x080035c8   0x00000028   Code   RO         6415    i.ArmSoftLimitEnterState  arm.o
    0x080035f0   0x080035f0   0x0000005c   Code   RO         6416    i.ArmSoftLimitFail  arm.o
    0x0800364c   0x0800364c   0x00000050   Code   RO         6417    i.ArmSoftLimitJointToMotor  arm.o
    0x0800369c   0x0800369c   0x0000005c   Code   RO         6418    i.ArmSoftLimitOvercurrent  arm.o
    0x080036f8   0x080036f8   0x000001b8   Code   RO         6419    i.ArmSoftLimitTask  arm.o
    0x080038b0   0x080038b0   0x000000b4   Code   RO         6420    i.ArmStageProtectionTriggered  arm.o
    0x08003964   0x08003964   0x00000050   Code   RO         6421    i.ArmStallCondition  arm.o
    0x080039b4   0x080039b4   0x00000140   Code   RO         6422    i.ArmStartHomingMode  arm.o
    0x08003af4   0x08003af4   0x00000028   Code   RO         6423    i.ArmStop           arm.o
    0x08003b1c   0x08003b1c   0x00000020   Code   RO         6424    i.ArmStopMotor      arm.o
    0x08003b3c   0x08003b3c   0x00000128   Code   RO         6425    i.ArmTask           arm.o
    0x08003c64   0x08003c64   0x00000048   Code   RO         6867    i.ArmTrajectoryInit  arm_trajectory.o
    0x08003cac   0x08003cac   0x00000014   Code   RO         6868    i.ArmTrajectoryMotorHoldAllowed  arm_trajectory.o
    0x08003cc0   0x08003cc0   0x0000002c   Code   RO         6869    i.ArmTrajectoryOwnsControl  arm_trajectory.o
    0x08003cec   0x08003cec   0x00000144   Code   RO         6870    i.ArmTrajectoryTask  arm_trajectory.o
    0x08003e30   0x08003e30   0x00000048   Code   RO         6426    i.ArmUpdateCalibrationValid  arm.o
    0x08003e78   0x08003e78   0x000001c8   Code   RO         6427    i.ArmUpdateFeedback  arm.o
    0x08004040   0x08004040   0x00000044   Code   RO         6428    i.ArmUpdateForwardKinematics  arm.o
    0x08004084   0x08004084   0x000001e8   Code   RO         6429    i.ArmUpdateJointReference  arm.o
    0x0800426c   0x0800426c   0x00000224   Code   RO         6430    i.ArmUpdateKinematicsDebug  arm.o
    0x08004490   0x08004490   0x000000c0   Code   RO         6431    i.ArmUpdateMappingFromFullScan  arm.o
    0x08004550   0x08004550   0x00000030   Code   RO         6432    i.ArmUpdatePeakCurrent  arm.o
    0x08004580   0x08004580   0x00000344   Code   RO         6433    i.ArmUpdateSoftLimitDebug  arm.o
    0x080048c4   0x080048c4   0x000000b8   Code   RO         6434    i.ArmUpdateSoftLimitTargets  arm.o
    0x0800497c   0x0800497c   0x00000048   Code   RO         6435    i.ArmWrapTo180      arm.o
    0x080049c4   0x080049c4   0x0000003c   Code   RO         6436    i.ArmWrapTo360      arm.o
    0x08004a00   0x08004a00   0x00000004   Code   RO          658    i.BusFault_Handler  stm32f4xx_it.o
    0x08004a04   0x08004a04   0x00000010   Code   RO          659    i.CAN1_RX0_IRQHandler  stm32f4xx_it.o
    0x08004a14   0x08004a14   0x00000010   Code   RO          660    i.CAN1_RX1_IRQHandler  stm32f4xx_it.o
    0x08004a24   0x08004a24   0x00000010   Code   RO          661    i.CAN2_RX0_IRQHandler  stm32f4xx_it.o
    0x08004a34   0x08004a34   0x00000010   Code   RO          662    i.CAN2_RX1_IRQHandler  stm32f4xx_it.o
    0x08004a44   0x08004a44   0x00000068   Code   RO         4591    i.CANAddFilter      bsp_can.o
    0x08004aac   0x08004aac   0x0000009c   Code   RO         4592    i.CANFIFOxCallback  bsp_can.o
    0x08004b48   0x08004b48   0x000000a4   Code   RO         4593    i.CANRegister       bsp_can.o
    0x08004bec   0x08004bec   0x00000038   Code   RO         4594    i.CANServiceInit    bsp_can.o
    0x08004c24   0x08004c24   0x0000007c   Code   RO         4596    i.CANTransmit       bsp_can.o
    0x08004ca0   0x08004ca0   0x00000044   Code   RO         8508    i.CDC_Control_FS    usbd_cdc_if.o
    0x08004ce4   0x08004ce4   0x00000004   Code   RO         8509    i.CDC_DeInit_FS     usbd_cdc_if.o
    0x08004ce8   0x08004ce8   0x00000024   Code   RO         8510    i.CDC_Init_FS       usbd_cdc_if.o
    0x08004d0c   0x08004d0c   0x00000024   Code   RO         8511    i.CDC_Receive_FS    usbd_cdc_if.o
    0x08004d30   0x08004d30   0x0000000c   Code   RO         8512    i.CDC_TransmitCplt_FS  usbd_cdc_if.o
    0x08004d3c   0x08004d3c   0x0000000e   Code   RO          324    i.ChassisTask_f     freertos.o
    0x08004d4a   0x08004d4a   0x00000002   PAD
    0x08004d4c   0x08004d4c   0x000001d4   Code   RO         4919    i.DJIMotorControl   dji_motor.o
    0x08004f20   0x08004f20   0x00000008   Code   RO         4920    i.DJIMotorEnable    dji_motor.o
    0x08004f28   0x08004f28   0x000000d4   Code   RO         4921    i.DJIMotorInit      dji_motor.o
    0x08004ffc   0x08004ffc   0x00000024   Code   RO         4922    i.DJIMotorLostCallback  dji_motor.o
    0x08005020   0x08005020   0x0000002c   Code   RO         4924    i.DJIMotorReset     dji_motor.o
    0x0800504c   0x0800504c   0x00000006   Code   RO         4925    i.DJIMotorSetRef    dji_motor.o
    0x08005052   0x08005052   0x00000008   Code   RO         4926    i.DJIMotorStop      dji_motor.o
    0x0800505a   0x0800505a   0x00000002   PAD
    0x0800505c   0x0800505c   0x00000010   Code   RO          663    i.DMA1_Stream1_IRQHandler  stm32f4xx_it.o
    0x0800506c   0x0800506c   0x00000010   Code   RO          664    i.DMA2_Stream0_IRQHandler  stm32f4xx_it.o
    0x0800507c   0x0800507c   0x00000010   Code   RO          665    i.DMA2_Stream2_IRQHandler  stm32f4xx_it.o
    0x0800508c   0x0800508c   0x00000010   Code   RO          666    i.DMA2_Stream3_IRQHandler  stm32f4xx_it.o
    0x0800509c   0x0800509c   0x00000034   Code   RO         2929    i.DMA_CalcBaseAndBitshift  stm32f4xx_hal_dma.o
    0x080050d0   0x080050d0   0x000000aa   Code   RO         2930    i.DMA_CheckFifoParam  stm32f4xx_hal_dma.o
    0x0800517a   0x0800517a   0x00000002   PAD
    0x0800517c   0x0800517c   0x0000004c   Code   RO         4660    i.DWT_CNT_Update    bsp_dwt.o
    0x080051c8   0x080051c8   0x0000004c   Code   RO         4662    i.DWT_GetDeltaT     bsp_dwt.o
    0x08005214   0x08005214   0x00000050   Code   RO         4664    i.DWT_GetTimeline_ms  bsp_dwt.o
    0x08005264   0x08005264   0x00000070   Code   RO         4667    i.DWT_Init          bsp_dwt.o
    0x080052d4   0x080052d4   0x000000d0   Code   RO         4668    i.DWT_SysTimeUpdate  bsp_dwt.o
    0x080053a4   0x080053a4   0x00000010   Code   RO         5293    i.DaemonIsOnline    daemon.o
    0x080053b4   0x080053b4   0x00000058   Code   RO         5294    i.DaemonRegister    daemon.o
    0x0800540c   0x0800540c   0x00000006   Code   RO         5295    i.DaemonReload      daemon.o
    0x08005412   0x08005412   0x00000002   PAD
    0x08005414   0x08005414   0x0000003c   Code   RO         5296    i.DaemonTask        daemon.o
    0x08005450   0x08005450   0x00000002   Code   RO          667    i.DebugMon_Handler  stm32f4xx_it.o
    0x08005452   0x08005452   0x00000002   PAD
    0x08005454   0x08005454   0x00000114   Code   RO         4927    i.DecodeDJIMotor    dji_motor.o
    0x08005568   0x08005568   0x00000006   Code   RO           13    i.Error_Handler     main.o
    0x0800556e   0x0800556e   0x00000002   PAD
    0x08005570   0x08005570   0x00000034   Code   RO         8427    i.Get_SerialNum     usbd_desc.o
    0x080055a4   0x080055a4   0x0000002a   Code   RO         3626    i.HAL_CAN_ActivateNotification  stm32f4xx_hal_can.o
    0x080055ce   0x080055ce   0x0000014a   Code   RO         3627    i.HAL_CAN_AddTxMessage  stm32f4xx_hal_can.o
    0x08005718   0x08005718   0x00000120   Code   RO         3628    i.HAL_CAN_ConfigFilter  stm32f4xx_hal_can.o
    0x08005838   0x08005838   0x00000002   Code   RO         3631    i.HAL_CAN_ErrorCallback  stm32f4xx_hal_can.o
    0x0800583a   0x0800583a   0x00000028   Code   RO         3633    i.HAL_CAN_GetRxFifoFillLevel  stm32f4xx_hal_can.o
    0x08005862   0x08005862   0x00000194   Code   RO         3634    i.HAL_CAN_GetRxMessage  stm32f4xx_hal_can.o
    0x080059f6   0x080059f6   0x00000036   Code   RO         3636    i.HAL_CAN_GetTxMailboxesFreeLevel  stm32f4xx_hal_can.o
    0x08005a2c   0x08005a2c   0x0000024e   Code   RO         3638    i.HAL_CAN_IRQHandler  stm32f4xx_hal_can.o
    0x08005c7a   0x08005c7a   0x00000174   Code   RO         3639    i.HAL_CAN_Init      stm32f4xx_hal_can.o
    0x08005dee   0x08005dee   0x00000002   PAD
    0x08005df0   0x08005df0   0x00000180   Code   RO          442    i.HAL_CAN_MspInit   can.o
    0x08005f70   0x08005f70   0x00000002   Code   RO         3646    i.HAL_CAN_RxFifo0FullCallback  stm32f4xx_hal_can.o
    0x08005f72   0x08005f72   0x0000000e   Code   RO         4597    i.HAL_CAN_RxFifo0MsgPendingCallback  bsp_can.o
    0x08005f80   0x08005f80   0x00000002   Code   RO         3648    i.HAL_CAN_RxFifo1FullCallback  stm32f4xx_hal_can.o
    0x08005f82   0x08005f82   0x0000000e   Code   RO         4598    i.HAL_CAN_RxFifo1MsgPendingCallback  bsp_can.o
    0x08005f90   0x08005f90   0x00000002   Code   RO         3650    i.HAL_CAN_SleepCallback  stm32f4xx_hal_can.o
    0x08005f92   0x08005f92   0x0000005e   Code   RO         3651    i.HAL_CAN_Start     stm32f4xx_hal_can.o
    0x08005ff0   0x08005ff0   0x00000002   Code   RO         3653    i.HAL_CAN_TxMailbox0AbortCallback  stm32f4xx_hal_can.o
    0x08005ff2   0x08005ff2   0x00000002   Code   RO         3654    i.HAL_CAN_TxMailbox0CompleteCallback  stm32f4xx_hal_can.o
    0x08005ff4   0x08005ff4   0x00000002   Code   RO         3655    i.HAL_CAN_TxMailbox1AbortCallback  stm32f4xx_hal_can.o
    0x08005ff6   0x08005ff6   0x00000002   Code   RO         3656    i.HAL_CAN_TxMailbox1CompleteCallback  stm32f4xx_hal_can.o
    0x08005ff8   0x08005ff8   0x00000002   Code   RO         3657    i.HAL_CAN_TxMailbox2AbortCallback  stm32f4xx_hal_can.o
    0x08005ffa   0x08005ffa   0x00000002   Code   RO         3658    i.HAL_CAN_TxMailbox2CompleteCallback  stm32f4xx_hal_can.o
    0x08005ffc   0x08005ffc   0x00000002   Code   RO         3660    i.HAL_CAN_WakeUpFromRxMsgCallback  stm32f4xx_hal_can.o
    0x08005ffe   0x08005ffe   0x00000028   Code   RO         2933    i.HAL_DMA_Abort_IT  stm32f4xx_hal_dma.o
    0x08006026   0x08006026   0x00000002   PAD
    0x08006028   0x08006028   0x00000240   Code   RO         2937    i.HAL_DMA_IRQHandler  stm32f4xx_hal_dma.o
    0x08006268   0x08006268   0x000000ec   Code   RO         2938    i.HAL_DMA_Init      stm32f4xx_hal_dma.o
    0x08006354   0x08006354   0x00000028   Code   RO         3374    i.HAL_Delay         stm32f4xx_hal.o
    0x0800637c   0x0800637c   0x000001f4   Code   RO         2825    i.HAL_GPIO_Init     stm32f4xx_hal_gpio.o
    0x08006570   0x08006570   0x0000000c   Code   RO         2829    i.HAL_GPIO_WritePin  stm32f4xx_hal_gpio.o
    0x0800657c   0x0800657c   0x0000000c   Code   RO         3380    i.HAL_GetTick       stm32f4xx_hal.o
    0x08006588   0x08006588   0x00000018   Code   RO         3386    i.HAL_IncTick       stm32f4xx_hal.o
    0x080065a0   0x080065a0   0x0000003c   Code   RO         3387    i.HAL_Init          stm32f4xx_hal.o
    0x080065dc   0x080065dc   0x000000b4   Code   RO          806    i.HAL_InitTick      stm32f4xx_hal_timebase_tim.o
    0x08006690   0x08006690   0x00000054   Code   RO          782    i.HAL_MspInit       stm32f4xx_hal_msp.o
    0x080066e4   0x080066e4   0x00000028   Code   RO         3217    i.HAL_NVIC_EnableIRQ  stm32f4xx_hal_cortex.o
    0x0800670c   0x0800670c   0x0000007c   Code   RO         3223    i.HAL_NVIC_SetPriority  stm32f4xx_hal_cortex.o
    0x08006788   0x08006788   0x00000028   Code   RO         3224    i.HAL_NVIC_SetPriorityGrouping  stm32f4xx_hal_cortex.o
    0x080067b0   0x080067b0   0x00000002   Code   RO         2073    i.HAL_PCDEx_LPM_Callback  stm32f4xx_hal_pcd_ex.o
    0x080067b2   0x080067b2   0x0000000a   Code   RO         2074    i.HAL_PCDEx_SetRxFiFo  stm32f4xx_hal_pcd_ex.o
    0x080067bc   0x080067bc   0x0000004e   Code   RO         2075    i.HAL_PCDEx_SetTxFiFo  stm32f4xx_hal_pcd_ex.o
    0x0800680a   0x0800680a   0x0000000e   Code   RO         8573    i.HAL_PCD_ConnectCallback  usbd_conf.o
    0x08006818   0x08006818   0x00000020   Code   RO         8574    i.HAL_PCD_DataInStageCallback  usbd_conf.o
    0x08006838   0x08006838   0x00000020   Code   RO         8575    i.HAL_PCD_DataOutStageCallback  usbd_conf.o
    0x08006858   0x08006858   0x0000000e   Code   RO         8576    i.HAL_PCD_DisconnectCallback  usbd_conf.o
    0x08006866   0x08006866   0x00000042   Code   RO         1838    i.HAL_PCD_EP_Abort  stm32f4xx_hal_pcd.o
    0x080068a8   0x080068a8   0x0000006a   Code   RO         1839    i.HAL_PCD_EP_Close  stm32f4xx_hal_pcd.o
    0x08006912   0x08006912   0x0000007c   Code   RO         1840    i.HAL_PCD_EP_ClrStall  stm32f4xx_hal_pcd.o
    0x0800698e   0x0800698e   0x00000016   Code   RO         1842    i.HAL_PCD_EP_GetRxCount  stm32f4xx_hal_pcd.o
    0x080069a4   0x080069a4   0x0000008e   Code   RO         1843    i.HAL_PCD_EP_Open   stm32f4xx_hal_pcd.o
    0x08006a32   0x08006a32   0x00000046   Code   RO         1844    i.HAL_PCD_EP_Receive  stm32f4xx_hal_pcd.o
    0x08006a78   0x08006a78   0x0000008a   Code   RO         1845    i.HAL_PCD_EP_SetStall  stm32f4xx_hal_pcd.o
    0x08006b02   0x08006b02   0x00000048   Code   RO         1846    i.HAL_PCD_EP_Transmit  stm32f4xx_hal_pcd.o
    0x08006b4a   0x08006b4a   0x000006ca   Code   RO         1848    i.HAL_PCD_IRQHandler  stm32f4xx_hal_pcd.o
    0x08007214   0x08007214   0x00000012   Code   RO         8577    i.HAL_PCD_ISOINIncompleteCallback  usbd_conf.o
    0x08007226   0x08007226   0x00000012   Code   RO         8578    i.HAL_PCD_ISOOUTIncompleteCallback  usbd_conf.o
    0x08007238   0x08007238   0x0000015e   Code   RO         1851    i.HAL_PCD_Init      stm32f4xx_hal_pcd.o
    0x08007396   0x08007396   0x00000002   PAD
    0x08007398   0x08007398   0x000000a8   Code   RO         8580    i.HAL_PCD_MspInit   usbd_conf.o
    0x08007440   0x08007440   0x00000030   Code   RO         8581    i.HAL_PCD_ResetCallback  usbd_conf.o
    0x08007470   0x08007470   0x0000000e   Code   RO         8582    i.HAL_PCD_ResumeCallback  usbd_conf.o
    0x0800747e   0x0800747e   0x0000000e   Code   RO         8583    i.HAL_PCD_SOFCallback  usbd_conf.o
    0x0800748c   0x0800748c   0x00000034   Code   RO         1857    i.HAL_PCD_SetAddress  stm32f4xx_hal_pcd.o
    0x080074c0   0x080074c0   0x00000012   Code   RO         8584    i.HAL_PCD_SetupStageCallback  usbd_conf.o
    0x080074d2   0x080074d2   0x0000004c   Code   RO         1860    i.HAL_PCD_Start     stm32f4xx_hal_pcd.o
    0x0800751e   0x0800751e   0x00000002   PAD
    0x08007520   0x08007520   0x00000034   Code   RO         8585    i.HAL_PCD_SuspendCallback  usbd_conf.o
    0x08007554   0x08007554   0x00000184   Code   RO         2426    i.HAL_RCC_ClockConfig  stm32f4xx_hal_rcc.o
    0x080076d8   0x080076d8   0x00000044   Code   RO         2430    i.HAL_RCC_GetClockConfig  stm32f4xx_hal_rcc.o
    0x0800771c   0x0800771c   0x0000000c   Code   RO         2431    i.HAL_RCC_GetHCLKFreq  stm32f4xx_hal_rcc.o
    0x08007728   0x08007728   0x00000020   Code   RO         2433    i.HAL_RCC_GetPCLK1Freq  stm32f4xx_hal_rcc.o
    0x08007748   0x08007748   0x00000020   Code   RO         2434    i.HAL_RCC_GetPCLK2Freq  stm32f4xx_hal_rcc.o
    0x08007768   0x08007768   0x000000b0   Code   RO         2435    i.HAL_RCC_GetSysClockFreq  stm32f4xx_hal_rcc.o
    0x08007818   0x08007818   0x0000049c   Code   RO         2438    i.HAL_RCC_OscConfig  stm32f4xx_hal_rcc.o
    0x08007cb4   0x08007cb4   0x00000002   Code   RO         3866    i.HAL_SPI_ErrorCallback  stm32f4xx_hal_spi.o
    0x08007cb6   0x08007cb6   0x00000002   PAD
    0x08007cb8   0x08007cb8   0x0000015c   Code   RO         3869    i.HAL_SPI_IRQHandler  stm32f4xx_hal_spi.o
    0x08007e14   0x08007e14   0x000000c8   Code   RO         3870    i.HAL_SPI_Init      stm32f4xx_hal_spi.o
    0x08007edc   0x08007edc   0x00000168   Code   RO          515    i.HAL_SPI_MspInit   spi.o
    0x08008044   0x08008044   0x00000002   Code   RO         1562    i.HAL_TIMEx_BreakCallback  stm32f4xx_hal_tim_ex.o
    0x08008046   0x08008046   0x00000002   Code   RO         1563    i.HAL_TIMEx_CommutCallback  stm32f4xx_hal_tim_ex.o
    0x08008048   0x08008048   0x00000074   Code   RO         1565    i.HAL_TIMEx_ConfigBreakDeadTime  stm32f4xx_hal_tim_ex.o
    0x080080bc   0x080080bc   0x000000b4   Code   RO         1581    i.HAL_TIMEx_MasterConfigSynchronization  stm32f4xx_hal_tim_ex.o
    0x08008170   0x08008170   0x00000066   Code   RO          847    i.HAL_TIM_Base_Init  stm32f4xx_hal_tim.o
    0x080081d6   0x080081d6   0x00000002   PAD
    0x080081d8   0x080081d8   0x00000060   Code   RO          557    i.HAL_TIM_Base_MspInit  tim.o
    0x08008238   0x08008238   0x000000a8   Code   RO          852    i.HAL_TIM_Base_Start_IT  stm32f4xx_hal_tim.o
    0x080082e0   0x080082e0   0x0000010c   Code   RO          856    i.HAL_TIM_ConfigClockSource  stm32f4xx_hal_tim.o
    0x080083ec   0x080083ec   0x00000002   Code   RO          881    i.HAL_TIM_IC_CaptureCallback  stm32f4xx_hal_tim.o
    0x080083ee   0x080083ee   0x0000016c   Code   RO          895    i.HAL_TIM_IRQHandler  stm32f4xx_hal_tim.o
    0x0800855a   0x0800855a   0x00000002   PAD
    0x0800855c   0x0800855c   0x000000ac   Code   RO          558    i.HAL_TIM_MspPostInit  tim.o
    0x08008608   0x08008608   0x00000002   Code   RO          898    i.HAL_TIM_OC_DelayElapsedCallback  stm32f4xx_hal_tim.o
    0x0800860a   0x0800860a   0x00000104   Code   RO          919    i.HAL_TIM_PWM_ConfigChannel  stm32f4xx_hal_tim.o
    0x0800870e   0x0800870e   0x00000066   Code   RO          922    i.HAL_TIM_PWM_Init  stm32f4xx_hal_tim.o
    0x08008774   0x08008774   0x00000002   Code   RO          924    i.HAL_TIM_PWM_MspInit  stm32f4xx_hal_tim.o
    0x08008776   0x08008776   0x00000002   Code   RO          925    i.HAL_TIM_PWM_PulseFinishedCallback  stm32f4xx_hal_tim.o
    0x08008778   0x08008778   0x00000018   Code   RO           14    i.HAL_TIM_PeriodElapsedCallback  main.o
    0x08008790   0x08008790   0x00000002   Code   RO          938    i.HAL_TIM_TriggerCallback  stm32f4xx_hal_tim.o
    0x08008792   0x08008792   0x00000076   Code   RO         4211    i.HAL_UART_Init     stm32f4xx_hal_uart.o
    0x08008808   0x08008808   0x000001d0   Code   RO          611    i.HAL_UART_MspInit  usart.o
    0x080089d8   0x080089d8   0x00000004   Code   RO          668    i.HardFault_Handler  stm32f4xx_it.o
    0x080089dc   0x080089dc   0x0000000e   Code   RO          325    i.ImuTask_f         freertos.o
    0x080089ea   0x080089ea   0x0000003e   Code   RO         8428    i.IntToUnicode      usbd_desc.o
    0x08008a28   0x08008a28   0x00000044   Code   RO          443    i.MX_CAN1_Init      can.o
    0x08008a6c   0x08008a6c   0x00000044   Code   RO          444    i.MX_CAN2_Init      can.o
    0x08008ab0   0x08008ab0   0x00000088   Code   RO          490    i.MX_DMA_Init       dma.o
    0x08008b38   0x08008b38   0x0000007c   Code   RO          326    i.MX_FREERTOS_Init  freertos.o
    0x08008bb4   0x08008bb4   0x000001ec   Code   RO          300    i.MX_GPIO_Init      gpio.o
    0x08008da0   0x08008da0   0x00000048   Code   RO          516    i.MX_SPI1_Init      spi.o
    0x08008de8   0x08008de8   0x0000006c   Code   RO          559    i.MX_TIM10_Init     tim.o
    0x08008e54   0x08008e54   0x000000d8   Code   RO          560    i.MX_TIM1_Init      tim.o
    0x08008f2c   0x08008f2c   0x00000038   Code   RO          612    i.MX_USART1_UART_Init  usart.o
    0x08008f64   0x08008f64   0x0000003c   Code   RO          613    i.MX_USART3_UART_Init  usart.o
    0x08008fa0   0x08008fa0   0x0000004c   Code   RO         8392    i.MX_USB_DEVICE_Init  usb_device.o
    0x08008fec   0x08008fec   0x00000004   Code   RO          669    i.MemManage_Handler  stm32f4xx_it.o
    0x08008ff0   0x08008ff0   0x0000014c   Code   RO         4928    i.MotorSenderGrouping  dji_motor.o
    0x0800913c   0x0800913c   0x00000004   Code   RO          670    i.NMI_Handler       stm32f4xx_it.o
    0x08009140   0x08009140   0x00000010   Code   RO          671    i.OTG_FS_IRQHandler  stm32f4xx_it.o
    0x08009150   0x08009150   0x00000064   Code   RO         1864    i.PCD_EP_OutSetupPacket_int  stm32f4xx_hal_pcd.o
    0x080091b4   0x080091b4   0x00000144   Code   RO         1865    i.PCD_EP_OutXfrComplete_int  stm32f4xx_hal_pcd.o
    0x080092f8   0x080092f8   0x000000b6   Code   RO         1866    i.PCD_WriteEmptyTxFifo  stm32f4xx_hal_pcd.o
    0x080093ae   0x080093ae   0x00000002   PAD
    0x080093b0   0x080093b0   0x00000184   Code   RO         4805    i.PIDCalculate      controller.o
    0x08009534   0x08009534   0x00000064   Code   RO         4806    i.PIDInit           controller.o
    0x08009598   0x08009598   0x0000000a   Code   RO         6307    i.RobotCMDInit      robot_cmd.o
    0x080095a2   0x080095a2   0x00000002   PAD
    0x080095a4   0x080095a4   0x00000010   Code   RO          672    i.SPI1_IRQHandler   stm32f4xx_it.o
    0x080095b4   0x080095b4   0x00000014   Code   RO         3897    i.SPI_DMAAbortOnError  stm32f4xx_hal_spi.o
    0x080095c8   0x080095c8   0x00000012   Code   RO         8950    i.SWAPBYTE          usbd_ctlreq.o
    0x080095da   0x080095da   0x0000000a   Code   RO          327    i.Start_catch       freertos.o
    0x080095e4   0x080095e4   0x00000034   Code   RO         8313    i.SysTick_Handler   port.o
    0x08009618   0x08009618   0x000000b4   Code   RO           15    i.SystemClock_Config  main.o
    0x080096cc   0x080096cc   0x00000014   Code   RO         4555    i.SystemInit        system_stm32f4xx.o
    0x080096e0   0x080096e0   0x00000010   Code   RO          673    i.TIM8_TRG_COM_TIM14_IRQHandler  stm32f4xx_it.o
    0x080096f0   0x080096f0   0x000000e0   Code   RO          940    i.TIM_Base_SetConfig  stm32f4xx_hal_tim.o
    0x080097d0   0x080097d0   0x00000016   Code   RO          951    i.TIM_ETR_SetConfig  stm32f4xx_hal_tim.o
    0x080097e6   0x080097e6   0x00000012   Code   RO          952    i.TIM_ITRx_SetConfig  stm32f4xx_hal_tim.o
    0x080097f8   0x080097f8   0x00000070   Code   RO          953    i.TIM_OC1_SetConfig  stm32f4xx_hal_tim.o
    0x08009868   0x08009868   0x0000007c   Code   RO          954    i.TIM_OC2_SetConfig  stm32f4xx_hal_tim.o
    0x080098e4   0x080098e4   0x00000078   Code   RO          955    i.TIM_OC3_SetConfig  stm32f4xx_hal_tim.o
    0x0800995c   0x0800995c   0x00000054   Code   RO          956    i.TIM_OC4_SetConfig  stm32f4xx_hal_tim.o
    0x080099b0   0x080099b0   0x00000026   Code   RO          958    i.TIM_TI1_ConfigInputStage  stm32f4xx_hal_tim.o
    0x080099d6   0x080099d6   0x00000028   Code   RO          960    i.TIM_TI2_ConfigInputStage  stm32f4xx_hal_tim.o
    0x080099fe   0x080099fe   0x00000002   PAD
    0x08009a00   0x08009a00   0x0000022c   Code   RO         4238    i.UART_SetConfig    stm32f4xx_hal_uart.o
    0x08009c2c   0x08009c2c   0x000000be   Code   RO         9121    i.USBD_CDC_DataIn   usbd_cdc.o
    0x08009cea   0x08009cea   0x00000048   Code   RO         9122    i.USBD_CDC_DataOut  usbd_cdc.o
    0x08009d32   0x08009d32   0x00000002   PAD
    0x08009d34   0x08009d34   0x000000d4   Code   RO         9123    i.USBD_CDC_DeInit   usbd_cdc.o
    0x08009e08   0x08009e08   0x00000050   Code   RO         9124    i.USBD_CDC_EP0_RxReady  usbd_cdc.o
    0x08009e58   0x08009e58   0x00000010   Code   RO         9125    i.USBD_CDC_GetDeviceQualifierDescriptor  usbd_cdc.o
    0x08009e68   0x08009e68   0x00000044   Code   RO         9126    i.USBD_CDC_GetFSCfgDesc  usbd_cdc.o
    0x08009eac   0x08009eac   0x00000048   Code   RO         9127    i.USBD_CDC_GetHSCfgDesc  usbd_cdc.o
    0x08009ef4   0x08009ef4   0x00000044   Code   RO         9128    i.USBD_CDC_GetOtherSpeedCfgDesc  usbd_cdc.o
    0x08009f38   0x08009f38   0x000001a0   Code   RO         9129    i.USBD_CDC_Init     usbd_cdc.o
    0x0800a0d8   0x0800a0d8   0x00000050   Code   RO         9130    i.USBD_CDC_ReceivePacket  usbd_cdc.o
    0x0800a128   0x0800a128   0x00000018   Code   RO         9131    i.USBD_CDC_RegisterInterface  usbd_cdc.o
    0x0800a140   0x0800a140   0x0000001e   Code   RO         9132    i.USBD_CDC_SetRxBuffer  usbd_cdc.o
    0x0800a15e   0x0800a15e   0x00000024   Code   RO         9133    i.USBD_CDC_SetTxBuffer  usbd_cdc.o
    0x0800a182   0x0800a182   0x00000140   Code   RO         9134    i.USBD_CDC_Setup    usbd_cdc.o
    0x0800a2c2   0x0800a2c2   0x0000001c   Code   RO         8784    i.USBD_ClrClassConfig  usbd_core.o
    0x0800a2de   0x0800a2de   0x0000003e   Code   RO         8951    i.USBD_ClrFeature   usbd_ctlreq.o
    0x0800a31c   0x0800a31c   0x00000006   Code   RO         8785    i.USBD_CoreFindEP   usbd_core.o
    0x0800a322   0x0800a322   0x00000006   Code   RO         8786    i.USBD_CoreFindIF   usbd_core.o
    0x0800a328   0x0800a328   0x00000018   Code   RO         9057    i.USBD_CtlContinueRx  usbd_ioreq.o
    0x0800a340   0x0800a340   0x00000018   Code   RO         9058    i.USBD_CtlContinueSendData  usbd_ioreq.o
    0x0800a358   0x0800a358   0x00000018   Code   RO         8952    i.USBD_CtlError     usbd_ctlreq.o
    0x0800a370   0x0800a370   0x0000002e   Code   RO         9059    i.USBD_CtlPrepareRx  usbd_ioreq.o
    0x0800a39e   0x0800a39e   0x0000001a   Code   RO         9060    i.USBD_CtlReceiveStatus  usbd_ioreq.o
    0x0800a3b8   0x0800a3b8   0x00000024   Code   RO         9061    i.USBD_CtlSendData  usbd_ioreq.o
    0x0800a3dc   0x0800a3dc   0x0000001a   Code   RO         9062    i.USBD_CtlSendStatus  usbd_ioreq.o
    0x0800a3f6   0x0800a3f6   0x00000002   PAD
    0x0800a3f8   0x0800a3f8   0x00000034   Code   RO         8429    i.USBD_FS_ConfigStrDescriptor  usbd_desc.o
    0x0800a42c   0x0800a42c   0x00000010   Code   RO         8430    i.USBD_FS_DeviceDescriptor  usbd_desc.o
    0x0800a43c   0x0800a43c   0x00000038   Code   RO         8431    i.USBD_FS_InterfaceStrDescriptor  usbd_desc.o
    0x0800a474   0x0800a474   0x00000010   Code   RO         8432    i.USBD_FS_LangIDStrDescriptor  usbd_desc.o
    0x0800a484   0x0800a484   0x0000002c   Code   RO         8433    i.USBD_FS_ManufacturerStrDescriptor  usbd_desc.o
    0x0800a4b0   0x0800a4b0   0x00000040   Code   RO         8434    i.USBD_FS_ProductStrDescriptor  usbd_desc.o
    0x0800a4f0   0x0800a4f0   0x00000018   Code   RO         8435    i.USBD_FS_SerialStrDescriptor  usbd_desc.o
    0x0800a508   0x0800a508   0x00000056   Code   RO         8953    i.USBD_GetConfig    usbd_ctlreq.o
    0x0800a55e   0x0800a55e   0x000001fc   Code   RO         8954    i.USBD_GetDescriptor  usbd_ctlreq.o
    0x0800a75a   0x0800a75a   0x00000050   Code   RO         8788    i.USBD_GetEpDesc    usbd_core.o
    0x0800a7aa   0x0800a7aa   0x00000016   Code   RO         8955    i.USBD_GetLen       usbd_ctlreq.o
    0x0800a7c0   0x0800a7c0   0x00000014   Code   RO         8789    i.USBD_GetNextDesc  usbd_core.o
    0x0800a7d4   0x0800a7d4   0x0000005a   Code   RO         8956    i.USBD_GetStatus    usbd_ctlreq.o
    0x0800a82e   0x0800a82e   0x00000068   Code   RO         8957    i.USBD_GetString    usbd_ctlreq.o
    0x0800a896   0x0800a896   0x0000002c   Code   RO         8586    i.USBD_Get_USB_Status  usbd_conf.o
    0x0800a8c2   0x0800a8c2   0x0000003a   Code   RO         8790    i.USBD_Init         usbd_core.o
    0x0800a8fc   0x0800a8fc   0x00000026   Code   RO         8587    i.USBD_LL_ClearStallEP  usbd_conf.o
    0x0800a922   0x0800a922   0x00000026   Code   RO         8588    i.USBD_LL_CloseEP   usbd_conf.o
    0x0800a948   0x0800a948   0x00000110   Code   RO         8791    i.USBD_LL_DataInStage  usbd_core.o
    0x0800aa58   0x0800aa58   0x0000010a   Code   RO         8792    i.USBD_LL_DataOutStage  usbd_core.o
    0x0800ab62   0x0800ab62   0x00000006   Code   RO         8793    i.USBD_LL_DevConnected  usbd_core.o
    0x0800ab68   0x0800ab68   0x00000026   Code   RO         8794    i.USBD_LL_DevDisconnected  usbd_core.o
    0x0800ab8e   0x0800ab8e   0x00000012   Code   RO         8592    i.USBD_LL_GetRxDataSize  usbd_conf.o
    0x0800aba0   0x0800aba0   0x00000068   Code   RO         8593    i.USBD_LL_Init      usbd_conf.o
    0x0800ac08   0x0800ac08   0x00000038   Code   RO         8594    i.USBD_LL_IsStallEP  usbd_conf.o
    0x0800ac40   0x0800ac40   0x00000048   Code   RO         8795    i.USBD_LL_IsoINIncomplete  usbd_core.o
    0x0800ac88   0x0800ac88   0x00000048   Code   RO         8796    i.USBD_LL_IsoOUTIncomplete  usbd_core.o
    0x0800acd0   0x0800acd0   0x00000030   Code   RO         8595    i.USBD_LL_OpenEP    usbd_conf.o
    0x0800ad00   0x0800ad00   0x00000030   Code   RO         8596    i.USBD_LL_PrepareReceive  usbd_conf.o
    0x0800ad30   0x0800ad30   0x0000006e   Code   RO         8797    i.USBD_LL_Reset     usbd_core.o
    0x0800ad9e   0x0800ad9e   0x00000016   Code   RO         8798    i.USBD_LL_Resume    usbd_core.o
    0x0800adb4   0x0800adb4   0x00000028   Code   RO         8799    i.USBD_LL_SOF       usbd_core.o
    0x0800addc   0x0800addc   0x00000008   Code   RO         8800    i.USBD_LL_SetSpeed  usbd_core.o
    0x0800ade4   0x0800ade4   0x00000026   Code   RO         8597    i.USBD_LL_SetUSBAddress  usbd_conf.o
    0x0800ae0a   0x0800ae0a   0x00000076   Code   RO         8801    i.USBD_LL_SetupStage  usbd_core.o
    0x0800ae80   0x0800ae80   0x00000026   Code   RO         8598    i.USBD_LL_StallEP   usbd_conf.o
    0x0800aea6   0x0800aea6   0x0000001e   Code   RO         8599    i.USBD_LL_Start     usbd_conf.o
    0x0800aec4   0x0800aec4   0x0000001c   Code   RO         8802    i.USBD_LL_Suspend   usbd_core.o
    0x0800aee0   0x0800aee0   0x00000030   Code   RO         8601    i.USBD_LL_Transmit  usbd_conf.o
    0x0800af10   0x0800af10   0x00000036   Code   RO         8958    i.USBD_ParseSetupRequest  usbd_ctlreq.o
    0x0800af46   0x0800af46   0x00000048   Code   RO         8803    i.USBD_RegisterClass  usbd_core.o
    0x0800af8e   0x0800af8e   0x00000006   Code   RO         8804    i.USBD_RunTestMode  usbd_core.o
    0x0800af94   0x0800af94   0x0000005a   Code   RO         8959    i.USBD_SetAddress   usbd_ctlreq.o
    0x0800afee   0x0800afee   0x00000020   Code   RO         8805    i.USBD_SetClassConfig  usbd_core.o
    0x0800b00e   0x0800b00e   0x00000002   PAD
    0x0800b010   0x0800b010   0x00000104   Code   RO         8960    i.USBD_SetConfig    usbd_ctlreq.o
    0x0800b114   0x0800b114   0x00000038   Code   RO         8961    i.USBD_SetFeature   usbd_ctlreq.o
    0x0800b14c   0x0800b14c   0x0000000c   Code   RO         8806    i.USBD_Start        usbd_core.o
    0x0800b158   0x0800b158   0x000000ae   Code   RO         8962    i.USBD_StdDevReq    usbd_ctlreq.o
    0x0800b206   0x0800b206   0x00000284   Code   RO         8963    i.USBD_StdEPReq     usbd_ctlreq.o
    0x0800b48a   0x0800b48a   0x000000ae   Code   RO         8964    i.USBD_StdItfReq    usbd_ctlreq.o
    0x0800b538   0x0800b538   0x00000002   Code   RO         8602    i.USBD_static_free  usbd_conf.o
    0x0800b53a   0x0800b53a   0x00000002   PAD
    0x0800b53c   0x0800b53c   0x0000000c   Code   RO         8603    i.USBD_static_malloc  usbd_conf.o
    0x0800b548   0x0800b548   0x000000d0   Code   RO         2115    i.USB_ActivateEndpoint  stm32f4xx_ll_usb.o
    0x0800b618   0x0800b618   0x00000028   Code   RO         2117    i.USB_ActivateSetup  stm32f4xx_ll_usb.o
    0x0800b640   0x0800b640   0x0000008c   Code   RO         2119    i.USB_CoreInit      stm32f4xx_ll_usb.o
    0x0800b6cc   0x0800b6cc   0x00000062   Code   RO         2120    i.USB_CoreReset     stm32f4xx_ll_usb.o
    0x0800b72e   0x0800b72e   0x00000002   PAD
    0x0800b730   0x0800b730   0x0000014c   Code   RO         2123    i.USB_DeactivateEndpoint  stm32f4xx_ll_usb.o
    0x0800b87c   0x0800b87c   0x00000024   Code   RO         2124    i.USB_DevConnect    stm32f4xx_ll_usb.o
    0x0800b8a0   0x0800b8a0   0x00000024   Code   RO         2125    i.USB_DevDisconnect  stm32f4xx_ll_usb.o
    0x0800b8c4   0x0800b8c4   0x000001e8   Code   RO         2126    i.USB_DevInit       stm32f4xx_ll_usb.o
    0x0800baac   0x0800baac   0x0000000e   Code   RO         2127    i.USB_DisableGlobalInt  stm32f4xx_ll_usb.o
    0x0800baba   0x0800baba   0x00000002   PAD
    0x0800babc   0x0800babc   0x00000070   Code   RO         2130    i.USB_EP0_OutStart  stm32f4xx_ll_usb.o
    0x0800bb2c   0x0800bb2c   0x0000008e   Code   RO         2131    i.USB_EPClearStall  stm32f4xx_ll_usb.o
    0x0800bbba   0x0800bbba   0x0000009a   Code   RO         2132    i.USB_EPSetStall    stm32f4xx_ll_usb.o
    0x0800bc54   0x0800bc54   0x000003c0   Code   RO         2133    i.USB_EPStartXfer   stm32f4xx_ll_usb.o
    0x0800c014   0x0800c014   0x000000ec   Code   RO         2134    i.USB_EPStopXfer    stm32f4xx_ll_usb.o
    0x0800c100   0x0800c100   0x0000000e   Code   RO         2135    i.USB_EnableGlobalInt  stm32f4xx_ll_usb.o
    0x0800c10e   0x0800c10e   0x00000050   Code   RO         2136    i.USB_FlushRxFifo   stm32f4xx_ll_usb.o
    0x0800c15e   0x0800c15e   0x00000054   Code   RO         2137    i.USB_FlushTxFifo   stm32f4xx_ll_usb.o
    0x0800c1b2   0x0800c1b2   0x00000026   Code   RO         2139    i.USB_GetDevSpeed   stm32f4xx_ll_usb.o
    0x0800c1d8   0x0800c1d8   0x0000000a   Code   RO         2141    i.USB_GetMode       stm32f4xx_ll_usb.o
    0x0800c1e2   0x0800c1e2   0x00000014   Code   RO         2149    i.USB_ReadDevAllInEpInterrupt  stm32f4xx_ll_usb.o
    0x0800c1f6   0x0800c1f6   0x00000014   Code   RO         2150    i.USB_ReadDevAllOutEpInterrupt  stm32f4xx_ll_usb.o
    0x0800c20a   0x0800c20a   0x00000032   Code   RO         2151    i.USB_ReadDevInEPInterrupt  stm32f4xx_ll_usb.o
    0x0800c23c   0x0800c23c   0x0000001a   Code   RO         2152    i.USB_ReadDevOutEPInterrupt  stm32f4xx_ll_usb.o
    0x0800c256   0x0800c256   0x0000000a   Code   RO         2153    i.USB_ReadInterrupts  stm32f4xx_ll_usb.o
    0x0800c260   0x0800c260   0x00000060   Code   RO         2154    i.USB_ReadPacket    stm32f4xx_ll_usb.o
    0x0800c2c0   0x0800c2c0   0x0000005c   Code   RO         5910    i.USB_RxHandler     usb.o
    0x0800c31c   0x0800c31c   0x00000068   Code   RO         2156    i.USB_SetCurrentMode  stm32f4xx_ll_usb.o
    0x0800c384   0x0800c384   0x0000002a   Code   RO         2157    i.USB_SetDevAddress  stm32f4xx_ll_usb.o
    0x0800c3ae   0x0800c3ae   0x00000012   Code   RO         2158    i.USB_SetDevSpeed   stm32f4xx_ll_usb.o
    0x0800c3c0   0x0800c3c0   0x000000e8   Code   RO         2159    i.USB_SetTurnaroundTime  stm32f4xx_ll_usb.o
    0x0800c4a8   0x0800c4a8   0x00000044   Code   RO         2162    i.USB_WritePacket   stm32f4xx_ll_usb.o
    0x0800c4ec   0x0800c4ec   0x00000004   Code   RO          674    i.UsageFault_Handler  stm32f4xx_it.o
    0x0800c4f0   0x0800c4f0   0x0000000e   Code   RO          328    i.Usb_f             freertos.o
    0x0800c4fe   0x0800c4fe   0x00000026   Code   RO         9737    i.__ARM_fpclassifyf  m_wm.l(fpclassifyf.o)
    0x0800c524   0x0800c524   0x00000012   Code   RO         6440    i.__ARM_isfinitef   arm.o
    0x0800c536   0x0800c536   0x00000012   Code   RO         6787    i.__ARM_isfinitef   arm_kinematics.o
    0x0800c548   0x0800c548   0x00000012   Code   RO         6871    i.__ARM_isfinitef   arm_trajectory.o
    0x0800c55a   0x0800c55a   0x00000002   PAD
    0x0800c55c   0x0800c55c   0x00000010   Code   RO         3230    i.__NVIC_GetPriorityGrouping  stm32f4xx_hal_cortex.o
    0x0800c56c   0x0800c56c   0x00000028   Code   RO         3231    i.__NVIC_SetPriority  stm32f4xx_hal_cortex.o
    0x0800c594   0x0800c594   0x00000118   Code   RO         9544    i.__hardfp_acosf    m_wm.l(acosf.o)
    0x0800c6ac   0x0800c6ac   0x000002ac   Code   RO         9568    i.__hardfp_atan2f   m_wm.l(atan2f.o)
    0x0800c958   0x0800c958   0x0000006c   Code   RO         9580    i.__hardfp_ceilf    m_wm.l(ceilf.o)
    0x0800c9c4   0x0800c9c4   0x00000150   Code   RO         9586    i.__hardfp_cosf     m_wm.l(cosf.o)
    0x0800cb14   0x0800cb14   0x00000048   Code   RO         9622    i.__hardfp_fmaxf    m_wm.l(fmaxf.o)
    0x0800cb5c   0x0800cb5c   0x00000048   Code   RO         9626    i.__hardfp_fminf    m_wm.l(fminf.o)
    0x0800cba4   0x0800cba4   0x00000190   Code   RO         9598    i.__hardfp_sinf     m_wm.l(sinf.o)
    0x0800cd34   0x0800cd34   0x0000003a   Code   RO         9610    i.__hardfp_sqrtf    m_wm.l(sqrtf.o)
    0x0800cd6e   0x0800cd6e   0x00000006   Code   RO         9740    i.__mathlib_flt_infnan  m_wm.l(funder.o)
    0x0800cd74   0x0800cd74   0x00000006   Code   RO         9741    i.__mathlib_flt_infnan2  m_wm.l(funder.o)
    0x0800cd7a   0x0800cd7a   0x00000002   PAD
    0x0800cd7c   0x0800cd7c   0x00000010   Code   RO         9742    i.__mathlib_flt_invalid  m_wm.l(funder.o)
    0x0800cd8c   0x0800cd8c   0x00000010   Code   RO         9745    i.__mathlib_flt_underflow  m_wm.l(funder.o)
    0x0800cd9c   0x0800cd9c   0x00000154   Code   RO         9753    i.__mathlib_rredf2  m_wm.l(rredf.o)
    0x0800cef0   0x0800cef0   0x0000000c   Code   RO         6334    i.all_cmd_Task      test.o
    0x0800cefc   0x0800cefc   0x00000008   Code   RO         6335    i.all_init_Task     test.o
    0x0800cf04   0x0800cf04   0x000000c8   Code   RO         4807    i.f_Changing_Integration_Rate  controller.o
    0x0800cfcc   0x0800cfcc   0x00000042   Code   RO         4808    i.f_Derivative_Filter  controller.o
    0x0800d00e   0x0800d00e   0x00000022   Code   RO         4809    i.f_Derivative_On_Measurement  controller.o
    0x0800d030   0x0800d030   0x000000d4   Code   RO         4810    i.f_Integral_Limit  controller.o
    0x0800d104   0x0800d104   0x00000042   Code   RO         4811    i.f_Output_Filter   controller.o
    0x0800d146   0x0800d146   0x0000003e   Code   RO         4812    i.f_Output_Limit    controller.o
    0x0800d184   0x0800d184   0x000000bc   Code   RO         4813    i.f_PID_ErrorHandle  controller.o
    0x0800d240   0x0800d240   0x00000084   Code   RO         4814    i.f_Trapezoid_Intergral  controller.o
    0x0800d2c4   0x0800d2c4   0x0000000a   Code   RO         4815    i.fabsf             controller.o
    0x0800d2ce   0x0800d2ce   0x0000000a   Code   RO         6441    i.fabsf             arm.o
    0x0800d2d8   0x0800d2d8   0x0000000a   Code   RO         6872    i.fabsf             arm_trajectory.o
    0x0800d2e2   0x0800d2e2   0x00000040   Code   RO           16    i.main              main.o
    0x0800d322   0x0800d322   0x0000000e   Code   RO         7878    i.makeFreeRtosPriority  cmsis_os.o
    0x0800d330   0x0800d330   0x00000018   Code   RO         7880    i.osDelay           cmsis_os.o
    0x0800d348   0x0800d348   0x0000000a   Code   RO         7883    i.osKernelStart     cmsis_os.o
    0x0800d352   0x0800d352   0x0000005e   Code   RO         7917    i.osThreadCreate    cmsis_os.o
    0x0800d3b0   0x0800d3b0   0x00000098   Code   RO         7543    i.prvAddCurrentTaskToDelayedList  tasks.o
    0x0800d448   0x0800d448   0x000000b4   Code   RO         7544    i.prvAddNewTaskToReadyList  tasks.o
    0x0800d4fc   0x0800d4fc   0x00000048   Code   RO         7545    i.prvCheckTasksWaitingTermination  tasks.o
    0x0800d544   0x0800d544   0x00000050   Code   RO         7546    i.prvDeleteTCB      tasks.o
    0x0800d594   0x0800d594   0x0000007c   Code   RO         8245    i.prvHeapInit       heap_4.o
    0x0800d610   0x0800d610   0x00000028   Code   RO         7547    i.prvIdleTask       tasks.o
    0x0800d638   0x0800d638   0x000000b4   Code   RO         7548    i.prvInitialiseNewTask  tasks.o
    0x0800d6ec   0x0800d6ec   0x00000068   Code   RO         7549    i.prvInitialiseTaskLists  tasks.o
    0x0800d754   0x0800d754   0x00000068   Code   RO         8246    i.prvInsertBlockIntoFreeList  heap_4.o
    0x0800d7bc   0x0800d7bc   0x00000034   Code   RO         7550    i.prvResetNextTaskUnblockTime  tasks.o
    0x0800d7f0   0x0800d7f0   0x00000040   Code   RO         8314    i.prvTaskExitError  port.o
    0x0800d830   0x0800d830   0x0000014c   Code   RO         8247    i.pvPortMalloc      heap_4.o
    0x0800d97c   0x0800d97c   0x0000002c   Code   RO         8315    i.pxPortInitialiseStack  port.o
    0x0800d9a8   0x0800d9a8   0x0000003e   Code   RO         9612    i.sqrtf             m_wm.l(sqrtf.o)
    0x0800d9e6   0x0800d9e6   0x00000028   Code   RO         7172    i.uxListRemove      list.o
    0x0800da0e   0x0800da0e   0x00000002   PAD
    0x0800da10   0x0800da10   0x00000018   Code   RO          329    i.vApplicationGetIdleTaskMemory  freertos.o
    0x0800da28   0x0800da28   0x0000001a   Code   RO         7173    i.vListInitialise   list.o
    0x0800da42   0x0800da42   0x00000006   Code   RO         7174    i.vListInitialiseItem  list.o
    0x0800da48   0x0800da48   0x00000034   Code   RO         7175    i.vListInsert       list.o
    0x0800da7c   0x0800da7c   0x00000018   Code   RO         7176    i.vListInsertEnd    list.o
    0x0800da94   0x0800da94   0x00000054   Code   RO         8317    i.vPortEnterCritical  port.o
    0x0800dae8   0x0800dae8   0x0000003c   Code   RO         8318    i.vPortExitCritical  port.o
    0x0800db24   0x0800db24   0x000000a4   Code   RO         8248    i.vPortFree         heap_4.o
    0x0800dbc8   0x0800dbc8   0x00000028   Code   RO         8319    i.vPortSetupTimerInterrupt  port.o
    0x0800dbf0   0x0800dbf0   0x0000005c   Code   RO         7559    i.vTaskDelay        tasks.o
    0x0800dc4c   0x0800dc4c   0x000000b0   Code   RO         7573    i.vTaskStartScheduler  tasks.o
    0x0800dcfc   0x0800dcfc   0x00000010   Code   RO         7575    i.vTaskSuspendAll   tasks.o
    0x0800dd0c   0x0800dd0c   0x0000008c   Code   RO         7576    i.vTaskSwitchContext  tasks.o
    0x0800dd98   0x0800dd98   0x00000168   Code   RO         8321    i.xPortStartScheduler  port.o
    0x0800df00   0x0800df00   0x00000064   Code   RO         7579    i.xTaskCreate       tasks.o
    0x0800df64   0x0800df64   0x000000ba   Code   RO         7580    i.xTaskCreateStatic  tasks.o
    0x0800e01e   0x0800e01e   0x00000002   PAD
    0x0800e020   0x0800e020   0x00000148   Code   RO         7587    i.xTaskIncrementTick  tasks.o
    0x0800e168   0x0800e168   0x00000104   Code   RO         7593    i.xTaskResumeAll    tasks.o
    0x0800e26c   0x0800e26c   0x00000062   Code   RO         9528    x$fpl$d2f           fz_wm.l(d2f.o)
    0x0800e2ce   0x0800e2ce   0x00000002   PAD
    0x0800e2d0   0x0800e2d0   0x000002b0   Code   RO         9531    x$fpl$ddiv          fz_wm.l(ddiv.o)
    0x0800e580   0x0800e580   0x00000154   Code   RO         9540    x$fpl$dmul          fz_wm.l(dmul.o)
    0x0800e6d4   0x0800e6d4   0x0000009c   Code   RO         9724    x$fpl$dnaninf       fz_wm.l(dnaninf.o)
    0x0800e770   0x0800e770   0x0000000c   Code   RO         9726    x$fpl$dretinf       fz_wm.l(dretinf.o)
    0x0800e77c   0x0800e77c   0x00000056   Code   RO         9542    x$fpl$f2d           fz_wm.l(f2d.o)
    0x0800e7d2   0x0800e7d2   0x00000002   PAD
    0x0800e7d4   0x0800e7d4   0x00000052   Code   RO         9728    x$fpl$fcmp4         fz_wm.l(fcmp4.o)
    0x0800e826   0x0800e826   0x00000018   Code   RO         9802    x$fpl$fcmpinf       fz_wm.l(fcmpi.o)
    0x0800e83e   0x0800e83e   0x0000008c   Code   RO         9732    x$fpl$fnaninf       fz_wm.l(fnaninf.o)
    0x0800e8ca   0x0800e8ca   0x0000000a   Code   RO         9804    x$fpl$fpinit        fz_wm.l(fpinit.o)
    0x0800e8d4   0x0800e8d4   0x0000000a   Code   RO         9734    x$fpl$fretinf       fz_wm.l(fretinf.o)
    0x0800e8de   0x0800e8de   0x00000000   Code   RO         9736    x$fpl$usenofp       fz_wm.l(usenofp.o)
    0x0800e8de   0x0800e8de   0x00000002   PAD
    0x0800e8e0   0x0800e8e0   0x00000070   Data   RO          331    .constdata          freertos.o
    0x0800e950   0x0800e950   0x00000008   Data   RO         2944    .constdata          stm32f4xx_hal_dma.o
    0x0800e958   0x0800e958   0x00000018   Data   RO         4556    .constdata          system_stm32f4xx.o
    0x0800e970   0x0800e970   0x0000000c   Data   RO         4930    .constdata          dji_motor.o
    0x0800e97c   0x0800e97c   0x0000036c   Data   RO         6443    .constdata          arm.o
    0x0800ece8   0x0800ece8   0x00000030   Data   RO         6874    .constdata          arm_trajectory.o
    0x0800ed18   0x0800ed18   0x00000020   Data   RO         9754    .constdata          m_wm.l(rredf.o)
    0x0800ed38   0x0800ed38   0x00000028   Data   RO          332    .conststring        freertos.o
    0x0800ed60   0x0800ed60   0x00000040   Data   RO         9895    Region$$Table       anon$$obj.o


    Execution Region RW_IRAM1 (Exec base: 0x20000000, Load base: 0x0800eda0, Size: 0x000187a0, Max: 0x0001c000, ABSOLUTE)

    Exec Addr    Load Addr    Size         Type   Attr      Idx    E Section Name        Object

    0x20000000   0x0800eda0   0x00000010   Data   RW          333    .data               freertos.o
    0x20000010   0x0800edb0   0x00000004   Data   RW          446    .data               can.o
    0x20000014   0x0800edb4   0x00000004   Data   RW         4557    .data               system_stm32f4xx.o
    0x20000018   0x0800edb8   0x00000042   Data   RW         6444    .data               arm.o
    0x2000005a   0x0800edfa   0x00000002   PAD
    0x2000005c   0x0800edfc   0x0000000c   Data   RW         8322    .data               port.o
    0x20000068   0x0800ee08   0x00000014   Data   RW         8515    .data               usbd_cdc_if.o
    0x2000007c   0x0800ee1c   0x0000008a   Data   RW         9136    .data               usbd_cdc.o
    0x20000106   0x0800eea6   0x00000002   PAD
    0x20000108        -       0x00000050   Zero   RW          445    .bss                can.o
    0x20000158        -       0x00000150   Zero   RW          614    .bss                usart.o
    0x200002a8        -       0x00000048   Zero   RW          809    .bss                stm32f4xx_hal_timebase_tim.o
    0x200002f0        -       0x00000030   Zero   RW         4929    .bss                dji_motor.o
    0x20000320        -       0x0000040c   Zero   RW         5917    .bss                usb.o
    0x2000072c        -       0x00000280   Zero   RW         6442    .bss                arm.o
    0x200009ac        -       0x000012a0   Zero   RW         6873    .bss                arm_trajectory.o
    0x20001c4c        -       0x000000f0   Zero   RW         7595    .bss                tasks.o
    0x20001d3c        -       0x00004e20   Zero   RW         8253    .bss                heap_4.o
    0x20006b5c        -       0x000002dc   Zero   RW         8393    .bss                usb_device.o
    0x20006e38        -       0x00000200   Zero   RW         8436    .bss                usbd_desc.o
    0x20007038        -       0x00001000   Zero   RW         8514    .bss                usbd_cdc_if.o
    0x20008038        -       0x00000704   Zero   RW         8604    .bss                usbd_conf.o
    0x2000873c        -       0x00000060   Zero   RW         9759    .bss                c_w.l(libspace.o)
    0x2000879c   0x0800eea6   0x00000004   PAD
    0x200087a0        -       0x00008000   Zero   RW            2    HEAP                startup_stm32f407xx.o
    0x200107a0        -       0x00008000   Zero   RW            1    STACK               startup_stm32f407xx.o


    Execution Region RW_IRAM2 (Exec base: 0x2001c000, Load base: 0x0800eea8, Size: 0x000007a0, Max: 0x00004000, ABSOLUTE, COMPRESSED[0x00000060])

    Exec Addr    Load Addr    Size         Type   Attr      Idx    E Section Name        Object

    0x2001c000   COMPRESSED   0x00000009   Data   RW         3394    .data               stm32f4xx_hal.o
    0x2001c009   COMPRESSED   0x00000003   PAD
    0x2001c00c   COMPRESSED   0x0000000c   Data   RW         4600    .data               bsp_can.o
    0x2001c018   COMPRESSED   0x00000048   Data   RW         4669    .data               bsp_dwt.o
    0x2001c060   COMPRESSED   0x00000008   Data   RW         4816    .data               controller.o
    0x2001c068   COMPRESSED   0x0000018d   Data   RW         4931    .data               dji_motor.o
    0x2001c1f5   COMPRESSED   0x00000001   Data   RW         5298    .data               daemon.o
    0x2001c1f6   COMPRESSED   0x00000002   PAD
    0x2001c1f8   COMPRESSED   0x00000011   Data   RW         5919    .data               usb.o
    0x2001c209   COMPRESSED   0x00000003   PAD
    0x2001c20c   COMPRESSED   0x0000003c   Data   RW         7596    .data               tasks.o
    0x2001c248   COMPRESSED   0x00000020   Data   RW         8254    .data               heap_4.o
    0x2001c268   COMPRESSED   0x0000004e   Data   RW         8437    .data               usbd_desc.o
    0x2001c2b6   COMPRESSED   0x00000001   Data   RW         8965    .data               usbd_ctlreq.o
    0x2001c2b7   COMPRESSED   0x00000001   PAD
    0x2001c2b8        -       0x00000264   Zero   RW          330    .bss                freertos.o
    0x2001c51c        -       0x00000118   Zero   RW          517    .bss                spi.o
    0x2001c634        -       0x00000090   Zero   RW          561    .bss                tim.o
    0x2001c6c4        -       0x0000005c   Zero   RW         4599    .bss                bsp_can.o
    0x2001c720        -       0x00000080   Zero   RW         5297    .bss                daemon.o


==============================================================================

Image component sizes


      Code (inc. data)   RO Data    RW Data    ZI Data      Debug   Object Name

     10566       1100        876         66        640      63866   arm.o
      2176        172          0          0          0      22088   arm_kinematics.o
      4022        226         48          0       4768      27286   arm_trajectory.o
       632         50          0         12         92       6068   bsp_can.o
       552        104          0         72          0       4172   bsp_dwt.o
         0          0          0          0          0       1428   bsp_usart.o
       520         44          0          4         80       2578   can.o
       142          0          0          0          0      23095   cmsis_os.o
      1458         50          0          8          0      12820   controller.o
       170         18          0          1        128       3622   daemon.o
      1390         86         12        397         48      13802   dji_motor.o
       136          6          0          0          0        950   dma.o
         0          0          0          0          0      14408   event_groups.o
       200         32        152         16        612      13433   freertos.o
       492         22          0          0          0       1355   gpio.o
       724         74          0         32      20000       7535   heap_4.o
       148          0          0          0          0       3686   list.o
       274         14          0          0          0     757608   main.o
       894         78          0         12          0      11252   port.o
         0          0          0          0          0        392   ramp_contorller.o
        10          0          0          0          0        495   robot_cmd.o
       432         38          0          0        280       2059   spi.o
        64         26        392          0      65536        844   startup_stm32f407xx.o
       136         24          0          9          0       8854   stm32f4xx_hal.o
      2236          4          0          0          0      15378   stm32f4xx_hal_can.o
       260         22          0          0          0      33558   stm32f4xx_hal_cortex.o
      1074         16          8          0          0       4667   stm32f4xx_hal_dma.o
       512         46          0          0          0       2232   stm32f4xx_hal_gpio.o
        84          6          0          0          0        986   stm32f4xx_hal_msp.o
      3562         16          0          0          0      13928   stm32f4xx_hal_pcd.o
        90          0          0          0          0       2561   stm32f4xx_hal_pcd_ex.o
      1888         94          0          0          0       6413   stm32f4xx_hal_rcc.o
       570          6          0          0          0       3564   stm32f4xx_hal_spi.o
      2056        112          0          0          0      15108   stm32f4xx_hal_tim.o
       300         30          0          0          0       3477   stm32f4xx_hal_tim_ex.o
       180         20          0          0         72       1596   stm32f4xx_hal_timebase_tim.o
       674         10          0          0          0       2000   stm32f4xx_hal_uart.o
       198         66          0          0          0       8371   stm32f4xx_it.o
      3908         84          0          0          0      22980   stm32f4xx_ll_usb.o
        20          6         24          4          0       1251   system_stm32f4xx.o
      2158        270          0         60        240      20569   tasks.o
        20          0          0          0          0        959   test.o
       592         48          0          0        144       3343   tim.o
       580         66          0          0        336       2749   usart.o
        92         18          0         17       1036       3033   usb.o
        76         16          0          0        732        780   usb_device.o
      1684         48          0        138          0      13595   usbd_cdc.o
       156         16          0         20       4096       3678   usbd_cdc_if.o
      1004         24          0          0       1796      17752   usbd_conf.o
      1372          0          0          0          0      16685   usbd_core.o
      2366         30          0          1          0      18076   usbd_ctlreq.o
       386        122          0         78        512       7021   usbd_desc.o
       182          0          0          0          0       4848   usbd_ioreq.o
         0          0          0          0          0        976   user_lib.o

    ----------------------------------------------------------------------
     53484       3360       1576        960     101148    1255830   Object Totals
         0          0         64          0          0          0   (incl. Generated)
        66          0          0         13          0          0   (incl. Padding)

    ----------------------------------------------------------------------

      Code (inc. data)   RO Data    RW Data    ZI Data      Debug   Library Member Name

        90          0          0          0          0          0   __dczerorl2.o
         8          0          0          0          0         68   __main.o
         0          0          0          0          0          0   __rtentry.o
        12          0          0          0          0          0   __rtentry2.o
         6          0          0          0          0          0   __rtentry4.o
        52          8          0          0          0          0   __scatter.o
        26          0          0          0          0          0   __scatter_copy.o
        28          0          0          0          0          0   __scatter_zi.o
        22          0          0          0          0        100   _rserrno.o
        10          0          0          0          0         68   defsig_exit.o
        50          0          0          0          0         88   defsig_general.o
        80         58          0          0          0         76   defsig_rtmem_inner.o
        14          0          0          0          0         80   defsig_rtmem_outer.o
        18          0          0          0          0         80   exit.o
        94          0          0          0          0         80   h1_alloc.o
        52          0          0          0          0         68   h1_extend.o
        78          0          0          0          0         80   h1_free.o
        14          0          0          0          0         84   h1_init.o
         6          0          0          0          0        152   heapauxi.o
         4          0          0          0          0        136   hguard.o
         0          0          0          0          0          0   indicate_semi.o
       138          0          0          0          0        168   init_alloc.o
         2          0          0          0          0          0   libinit.o
        14          0          0          0          0          0   libinit2.o
         2          0          0          0          0          0   libshutdown.o
         2          0          0          0          0          0   libshutdown2.o
         8          4          0          0         96         68   libspace.o
       238          0          0          0          0        100   lludivv7m.o
         0          0          0          0          0          0   maybetermalloc1.o
         8          4          0          0          0         68   rt_errno_addr_intlibspace.o
         8          4          0          0          0         68   rt_heap_descriptor_intlibspace.o
        68          0          0          0          0         68   rt_memclr.o
        78          0          0          0          0         80   rt_memclr_w.o
       138          0          0          0          0         68   rt_memcpy_v6.o
       100          0          0          0          0         80   rt_memcpy_w.o
         2          0          0          0          0          0   rtexit.o
        10          0          0          0          0          0   rtexit2.o
        12          4          0          0          0         68   sys_exit.o
        74          0          0          0          0         80   sys_stackheap_outer.o
        14          0          0          0          0         76   sys_wrch.o
         2          0          0          0          0         68   use_no_semi.o
        98          4          0          0          0        140   d2f.o
       688        140          0          0          0        256   ddiv.o
       340         12          0          0          0        152   dmul.o
       156          4          0          0          0        140   dnaninf.o
        12          0          0          0          0        116   dretinf.o
        86          4          0          0          0        132   f2d.o
        82          4          0          0          0        160   fcmp4.o
        24          0          0          0          0        116   fcmpi.o
       140          4          0          0          0        132   fnaninf.o
        10          0          0          0          0        116   fpinit.o
        10          0          0          0          0        116   fretinf.o
         0          0          0          0          0          0   usenofp.o
       280         46          0          0          0        176   acosf.o
       684         90          0          0          0        208   atan2f.o
       108         10          0          0          0        116   ceilf.o
       336         56          0          0          0        136   cosf.o
        72          0          0          0          0        148   fmaxf.o
        72          0          0          0          0        148   fminf.o
        38          0          0          0          0        116   fpclassifyf.o
        44         12          0          0          0        464   funder.o
       340         24         32          0          0        160   rredf.o
       400         56          0          0          0        212   sinf.o
       120          0          0          0          0        272   sqrtf.o

    ----------------------------------------------------------------------
      5740        548         32          0        100       5952   Library Totals
        18          0          0          0          4          0   (incl. Padding)

    ----------------------------------------------------------------------

      Code (inc. data)   RO Data    RW Data    ZI Data      Debug   Library Name

      1582         82          0          0         96       2220   c_w.l
      1646        172          0          0          0       1576   fz_wm.l
      2494        294         32          0          0       2156   m_wm.l

    ----------------------------------------------------------------------
      5740        548         32          0        100       5952   Library Totals

    ----------------------------------------------------------------------

==============================================================================


      Code (inc. data)   RO Data    RW Data    ZI Data      Debug   

     59224       3908       1608        960     101248    1215554   Grand Totals
     59224       3908       1608        360     101248    1215554   ELF Image Totals (compressed)
     59224       3908       1608        360          0          0   ROM Totals

==============================================================================

    Total RO  Size (Code + RO Data)                60832 (  59.41kB)
    Total RW  Size (RW Data + ZI Data)            102208 (  99.81kB)
    Total ROM Size (Code + RO Data + RW Data)      61192 (  59.76kB)

==============================================================================

