Component: ARM Compiler 5.06 update 7 (build 960) Tool: armlink [4d3601]

==============================================================================

Section Cross References

    startup_stm32f407xx.o(STACK) refers (Special) to heapauxi.o(.text) for __use_two_region_memory
    startup_stm32f407xx.o(HEAP) refers (Special) to heapauxi.o(.text) for __use_two_region_memory
    startup_stm32f407xx.o(RESET) refers (Special) to heapauxi.o(.text) for __use_two_region_memory
    startup_stm32f407xx.o(RESET) refers to startup_stm32f407xx.o(STACK) for __initial_sp
    startup_stm32f407xx.o(RESET) refers to startup_stm32f407xx.o(.text) for Reset_Handler
    startup_stm32f407xx.o(RESET) refers to stm32f4xx_it.o(i.NMI_Handler) for NMI_Handler
    startup_stm32f407xx.o(RESET) refers to stm32f4xx_it.o(i.HardFault_Handler) for HardFault_Handler
    startup_stm32f407xx.o(RESET) refers to stm32f4xx_it.o(i.MemManage_Handler) for MemManage_Handler
    startup_stm32f407xx.o(RESET) refers to stm32f4xx_it.o(i.BusFault_Handler) for BusFault_Handler
    startup_stm32f407xx.o(RESET) refers to stm32f4xx_it.o(i.UsageFault_Handler) for UsageFault_Handler
    startup_stm32f407xx.o(RESET) refers to port.o(.emb_text) for SVC_Handler
    startup_stm32f407xx.o(RESET) refers to stm32f4xx_it.o(i.DebugMon_Handler) for DebugMon_Handler
    startup_stm32f407xx.o(RESET) refers to port.o(i.SysTick_Handler) for SysTick_Handler
    startup_stm32f407xx.o(RESET) refers to stm32f4xx_it.o(i.DMA1_Stream1_IRQHandler) for DMA1_Stream1_IRQHandler
    startup_stm32f407xx.o(RESET) refers to stm32f4xx_it.o(i.CAN1_RX0_IRQHandler) for CAN1_RX0_IRQHandler
    startup_stm32f407xx.o(RESET) refers to stm32f4xx_it.o(i.CAN1_RX1_IRQHandler) for CAN1_RX1_IRQHandler
    startup_stm32f407xx.o(RESET) refers to stm32f4xx_it.o(i.SPI1_IRQHandler) for SPI1_IRQHandler
    startup_stm32f407xx.o(RESET) refers to stm32f4xx_it.o(i.TIM8_TRG_COM_TIM14_IRQHandler) for TIM8_TRG_COM_TIM14_IRQHandler
    startup_stm32f407xx.o(RESET) refers to stm32f4xx_it.o(i.DMA2_Stream0_IRQHandler) for DMA2_Stream0_IRQHandler
    startup_stm32f407xx.o(RESET) refers to stm32f4xx_it.o(i.DMA2_Stream2_IRQHandler) for DMA2_Stream2_IRQHandler
    startup_stm32f407xx.o(RESET) refers to stm32f4xx_it.o(i.DMA2_Stream3_IRQHandler) for DMA2_Stream3_IRQHandler
    startup_stm32f407xx.o(RESET) refers to stm32f4xx_it.o(i.CAN2_RX0_IRQHandler) for CAN2_RX0_IRQHandler
    startup_stm32f407xx.o(RESET) refers to stm32f4xx_it.o(i.CAN2_RX1_IRQHandler) for CAN2_RX1_IRQHandler
    startup_stm32f407xx.o(RESET) refers to stm32f4xx_it.o(i.OTG_FS_IRQHandler) for OTG_FS_IRQHandler
    startup_stm32f407xx.o(RESET) refers to stm32f4xx_it.o(i.USART6_IRQHandler) for USART6_IRQHandler
    startup_stm32f407xx.o(.text) refers (Special) to heapauxi.o(.text) for __use_two_region_memory
    startup_stm32f407xx.o(.text) refers to system_stm32f4xx.o(i.SystemInit) for SystemInit
    startup_stm32f407xx.o(.text) refers to __main.o(!!!main) for __main
    startup_stm32f407xx.o(.text) refers to startup_stm32f407xx.o(HEAP) for Heap_Mem
    startup_stm32f407xx.o(.text) refers to startup_stm32f407xx.o(STACK) for Stack_Mem
    main.o(i.HAL_TIM_PeriodElapsedCallback) refers to stm32f4xx_hal.o(i.HAL_IncTick) for HAL_IncTick
    main.o(i.SystemClock_Config) refers to rt_memclr_w.o(.text) for __aeabi_memclr4
    main.o(i.SystemClock_Config) refers to stm32f4xx_hal_rcc.o(i.HAL_RCC_OscConfig) for HAL_RCC_OscConfig
    main.o(i.SystemClock_Config) refers to main.o(i.Error_Handler) for Error_Handler
    main.o(i.SystemClock_Config) refers to stm32f4xx_hal_rcc.o(i.HAL_RCC_ClockConfig) for HAL_RCC_ClockConfig
    main.o(i.main) refers to stm32f4xx_hal.o(i.HAL_Init) for HAL_Init
    main.o(i.main) refers to main.o(i.SystemClock_Config) for SystemClock_Config
    main.o(i.main) refers to gpio.o(i.MX_GPIO_Init) for MX_GPIO_Init
    main.o(i.main) refers to dma.o(i.MX_DMA_Init) for MX_DMA_Init
    main.o(i.main) refers to can.o(i.MX_CAN1_Init) for MX_CAN1_Init
    main.o(i.main) refers to can.o(i.MX_CAN2_Init) for MX_CAN2_Init
    main.o(i.main) refers to usart.o(i.MX_USART3_UART_Init) for MX_USART3_UART_Init
    main.o(i.main) refers to spi.o(i.MX_SPI1_Init) for MX_SPI1_Init
    main.o(i.main) refers to tim.o(i.MX_TIM10_Init) for MX_TIM10_Init
    main.o(i.main) refers to usart.o(i.MX_USART1_UART_Init) for MX_USART1_UART_Init
    main.o(i.main) refers to tim.o(i.MX_TIM1_Init) for MX_TIM1_Init
    main.o(i.main) refers to usart.o(i.MX_USART6_UART_Init) for MX_USART6_UART_Init
    main.o(i.main) refers to tim.o(i.MX_TIM4_Init) for MX_TIM4_Init
    main.o(i.main) refers to robot_cmd.o(i.RobotCMDInit) for RobotCMDInit
    main.o(i.main) refers to test.o(i.all_init_Task) for all_init_Task
    main.o(i.main) refers to freertos.o(i.MX_FREERTOS_Init) for MX_FREERTOS_Init
    main.o(i.main) refers to cmsis_os.o(i.osKernelStart) for osKernelStart
    gpio.o(i.MX_GPIO_Init) refers to rt_memclr_w.o(.text) for __aeabi_memclr4
[...]
    0x0800024e   0x0800024e   0x00000000   Code   RO        10765    .ARM.Collect$$libshutdown$$00000011  c_w.l(libshutdown2.o)
    0x0800024e   0x0800024e   0x00000002   Code   RO        10766    .ARM.Collect$$libshutdown$$00000012  c_w.l(libshutdown2.o)
    0x08000250   0x08000250   0x00000000   Code   RO        10547    .ARM.Collect$$rtentry$$00000000  c_w.l(__rtentry.o)
    0x08000250   0x08000250   0x00000000   Code   RO        10664    .ARM.Collect$$rtentry$$00000002  c_w.l(__rtentry2.o)
    0x08000250   0x08000250   0x00000006   Code   RO        10676    .ARM.Collect$$rtentry$$00000004  c_w.l(__rtentry4.o)
    0x08000256   0x08000256   0x00000000   Code   RO        10666    .ARM.Collect$$rtentry$$00000009  c_w.l(__rtentry2.o)
    0x08000256   0x08000256   0x00000004   Code   RO        10667    .ARM.Collect$$rtentry$$0000000A  c_w.l(__rtentry2.o)
    0x0800025a   0x0800025a   0x00000000   Code   RO        10669    .ARM.Collect$$rtentry$$0000000C  c_w.l(__rtentry2.o)
    0x0800025a   0x0800025a   0x00000008   Code   RO        10670    .ARM.Collect$$rtentry$$0000000D  c_w.l(__rtentry2.o)
    0x08000262   0x08000262   0x00000002   Code   RO        10737    .ARM.Collect$$rtexit$$00000000  c_w.l(rtexit.o)
    0x08000264   0x08000264   0x00000000   Code   RO        10770    .ARM.Collect$$rtexit$$00000002  c_w.l(rtexit2.o)
    0x08000264   0x08000264   0x00000004   Code   RO        10771    .ARM.Collect$$rtexit$$00000003  c_w.l(rtexit2.o)
    0x08000268   0x08000268   0x00000006   Code   RO        10772    .ARM.Collect$$rtexit$$00000004  c_w.l(rtexit2.o)
    0x0800026e   0x0800026e   0x00000002   PAD
    0x08000270   0x08000270   0x000000be   Code   RO         9253    .emb_text           port.o
    0x0800032e   0x0800032e   0x00000002   PAD
    0x08000330   0x08000330   0x00000000   Code   RO        10687    .emb_text           c_w.l(maybetermalloc1.o)
    0x08000330   0x08000330   0x00000040   Code   RO            4    .text               startup_stm32f407xx.o
    0x08000370   0x08000370   0x0000005e   Code   RO        10365    .text               c_w.l(h1_alloc.o)
    0x080003ce   0x080003ce   0x0000004e   Code   RO        10367    .text               c_w.l(h1_free.o)
    0x0800041c   0x0800041c   0x000000ee   Code   RO        10423    .text               c_w.l(lludivv7m.o)
    0x0800050a   0x0800050a   0x0000008a   Code   RO        10427    .text               c_w.l(rt_memcpy_v6.o)
    0x08000594   0x08000594   0x00000064   Code   RO        10429    .text               c_w.l(rt_memcpy_w.o)
    0x080005f8   0x080005f8   0x00000010   Code   RO        10433    .text               c_w.l(aeabi_memset.o)
    0x08000608   0x08000608   0x00000044   Code   RO        10435    .text               c_w.l(rt_memclr.o)
    0x0800064c   0x0800064c   0x0000004e   Code   RO        10437    .text               c_w.l(rt_memclr_w.o)
    0x0800069a   0x0800069a   0x00000006   Code   RO        10439    .text               c_w.l(heapauxi.o)
    0x080006a0   0x080006a0   0x00000008   Code   RO        10555    .text               c_w.l(rt_heap_descriptor_intlibspace.o)
    0x080006a8   0x080006a8   0x00000004   Code   RO        10557    .text               c_w.l(hguard.o)
    0x080006ac   0x080006ac   0x0000008a   Code   RO        10559    .text               c_w.l(init_alloc.o)
    0x08000736   0x08000736   0x0000000e   Code   RO        10563    .text               c_w.l(h1_init.o)
    0x08000744   0x08000744   0x00000016   Code   RO        10577    .text               c_w.l(_rserrno.o)
    0x0800075a   0x0800075a   0x00000002   PAD
    0x0800075c   0x0800075c   0x00000008   Code   RO        10660    .text               c_w.l(libspace.o)
    0x08000764   0x08000764   0x00000008   Code   RO        10683    .text               c_w.l(rt_errno_addr_intlibspace.o)
    0x0800076c   0x0800076c   0x00000034   Code   RO        10689    .text               c_w.l(h1_extend.o)
    0x080007a0   0x080007a0   0x0000000e   Code   RO        10693    .text               c_w.l(defsig_rtmem_outer.o)
    0x080007ae   0x080007ae   0x00000002   Code   RO        10706    .text               c_w.l(use_no_semi.o)
    0x080007b0   0x080007b0   0x00000000   Code   RO        10708    .text               c_w.l(indicate_semi.o)
    0x080007b0   0x080007b0   0x0000004a   Code   RO        10709    .text               c_w.l(sys_stackheap_outer.o)
    0x080007fa   0x080007fa   0x00000012   Code   RO        10715    .text               c_w.l(exit.o)
    0x0800080c   0x0800080c   0x0000000a   Code   RO        10717    .text               c_w.l(defsig_exit.o)
    0x08000816   0x08000816   0x00000002   PAD
    0x08000818   0x08000818   0x00000050   Code   RO        10723    .text               c_w.l(defsig_rtmem_inner.o)
    0x08000868   0x08000868   0x0000000c   Code   RO        10735    .text               c_w.l(sys_exit.o)
    0x08000874   0x08000874   0x00000032   Code   RO        10745    .text               c_w.l(defsig_general.o)
    0x080008a6   0x080008a6   0x0000000e   Code   RO        10767    .text               c_w.l(sys_wrch.o)
    0x080008b4   0x080008b4   0x00000030   Code   RO         7243    i.ArmAbortMotion    arm_trajectory.o
    0x080008e4   0x080008e4   0x0000001a   Code   RO         6648    i.ArmAbs            arm.o
    0x080008fe   0x080008fe   0x00000002   PAD
    0x08000900   0x08000900   0x00000054   Code   RO         6649    i.ArmAllFeedbackValid  arm.o
    0x08000954   0x08000954   0x00000034   Code   RO         6651    i.ArmAllMotorsEnabled  arm.o
    0x08000988   0x08000988   0x00000034   Code   RO         6652    i.ArmAllTargetsSynced  arm.o
    0x080009bc   0x080009bc   0x0000002c   Code   RO         6653    i.ArmAnyMotorStateFault  arm.o
    0x080009e8   0x080009e8   0x00000038   Code   RO         6654    i.ArmAnyPreviouslySeenMotorOffline  arm.o
    0x08000a20   0x08000a20   0x00000030   Code   RO         6655    i.ArmAnyTxFault     arm.o
    0x08000a50   0x08000a50   0x0000009c   Code   RO         7161    i.ArmAutoPoseIsSafe  arm_kinematics.o
    0x08000aec   0x08000aec   0x0000000e   Code   RO         6657    i.ArmAxisIsValid    arm.o
    0x08000afa   0x08000afa   0x00000002   PAD
    0x08000afc   0x08000afc   0x00000048   Code   RO         6659    i.ArmBeginJointMove  arm.o
    0x08000b44   0x08000b44   0x00000004   Code   RO         6661    i.ArmBootBuzzerStart  arm.o
    0x08000b48   0x08000b48   0x00000002   Code   RO         6662    i.ArmBootBuzzerStop  arm.o
    0x08000b4a   0x08000b4a   0x00000002   PAD
    0x08000b4c   0x08000b4c   0x00000018   Code   RO         6663    i.ArmCancelMotion   arm.o
    0x08000b64   0x08000b64   0x000001b4   Code   RO         7245    i.ArmCartesianBuildJointSampleProgress  arm_trajectory.o
    0x08000d18   0x08000d18   0x0000002a   Code   RO         7246    i.ArmCartesianClamp  arm_trajectory.o
    0x08000d42   0x08000d42   0x00000002   PAD
    0x08000d44   0x08000d44   0x0000039c   Code   RO         7247    i.ArmCartesianDurationMs  arm_trajectory.o
    0x080010e0   0x080010e0   0x000001c0   Code   RO         7248    i.ArmCartesianInterpolateJointSamples  arm_trajectory.o
    0x080012a0   0x080012a0   0x000000c0   Code   RO         7249    i.ArmCartesianInterpolateOnlineIK  arm_trajectory.o
    0x08001360   0x08001360   0x00000084   Code   RO         7250    i.ArmCartesianJointStepContinuous  arm_trajectory.o
    0x080013e4   0x080013e4   0x00000068   Code   RO         7251    i.ArmCartesianLimitVector  arm_trajectory.o
    0x0800144c   0x0800144c   0x00000060   Code   RO         7252    i.ArmCartesianMotorsReady  arm_trajectory.o
    0x080014ac   0x080014ac   0x00000050   Code   RO         7253    i.ArmCartesianPositionAtProgress  arm_trajectory.o
    0x080014fc   0x080014fc   0x00000054   Code   RO         7254    i.ArmCartesianPositionDistance  arm_trajectory.o
    0x08001550   0x08001550   0x00000050   Code   RO         7255    i.ArmCartesianQuintic  arm_trajectory.o
    0x080015a0   0x080015a0   0x00000050   Code   RO         7256    i.ArmCartesianQuinticAcceleration  arm_trajectory.o
    0x080015f0   0x080015f0   0x00000048   Code   RO         7257    i.ArmCartesianQuinticVelocity  arm_trajectory.o
    0x08001638   0x08001638   0x00000020   Code   RO         7258    i.ArmCartesianRecordRejected  arm_trajectory.o
    0x08001658   0x08001658   0x0000003c   Code   RO         7259    i.ArmCartesianResetControlStatistics  arm_trajectory.o
    0x08001694   0x08001694   0x00000184   Code   RO         7260    i.ArmCartesianRunPreparedTrajectory  arm_trajectory.o
    0x08001818   0x08001818   0x00000414   Code   RO         7261    i.ArmCartesianRunRealtime  arm_trajectory.o
    0x08001c2c   0x08001c2c   0x00000014   Code   RO         7262    i.ArmCartesianSetState  arm_trajectory.o
    0x08001c40   0x08001c40   0x00000088   Code   RO         7263    i.ArmCartesianSetVectorLength  arm_trajectory.o
    0x08001cc8   0x08001cc8   0x0000004c   Code   RO         7264    i.ArmCartesianSmallLinkPitchDeg  arm_trajectory.o
    0x08001d14   0x08001d14   0x00000138   Code   RO         7265    i.ArmCartesianSolveOnlineIK  arm_trajectory.o
    0x08001e4c   0x08001e4c   0x00000118   Code   RO         7266    i.ArmCartesianStartPreparedTrajectory  arm_trajectory.o
    0x08001f64   0x08001f64   0x0000002c   Code   RO         7267    i.ArmCartesianToolVerticalAllowedForQ  arm_trajectory.o
    0x08001f90   0x08001f90   0x000003e8   Code   RO         7268    i.ArmCartesianUpdateControlDebug  arm_trajectory.o
    0x08002378   0x08002378   0x000000c8   Code   RO         7269    i.ArmCartesianUpdateDebug  arm_trajectory.o
    0x08002440   0x08002440   0x0000002e   Code   RO         7270    i.ArmCartesianVectorLength  arm_trajectory.o
    0x0800246e   0x0800246e   0x00000002   PAD
    0x08002470   0x08002470   0x00000048   Code   RO         7271    i.ArmCartesianWrapTo180  arm_trajectory.o
    0x080024b8   0x080024b8   0x0000008c   Code   RO         6664    i.ArmCheckLimit     arm.o
    0x08002544   0x08002544   0x0000001c   Code   RO         6665    i.ArmCommandIdIsNewer  arm.o
    0x08002560   0x08002560   0x00000038   Code   RO         6666    i.ArmCommandIsDuplicate  arm.o
    0x08002598   0x08002598   0x000000a8   Code   RO         6667    i.ArmCommandPose    arm.o
    0x08002640   0x08002640   0x00000012   Code   RO         6669    i.ArmCommandTypeIsValid  arm.o
    0x08002652   0x08002652   0x00000002   PAD
    0x08002654   0x08002654   0x00000028   Code   RO         6670    i.ArmDisableAll     arm.o
    0x0800267c   0x0800267c   0x00000050   Code   RO         6671    i.ArmElbowCouplingCompDeg  arm.o
    0x080026cc   0x080026cc   0x00000014   Code   RO         7162    i.ArmElbowMathToMechanicalDeg  arm_kinematics.o
    0x080026e0   0x080026e0   0x00000014   Code   RO         7163    i.ArmElbowMechanicalToMathDeg  arm_kinematics.o
    0x080026f4   0x080026f4   0x0000000a   Code   RO         6672    i.ArmEmergencyStop  arm.o
    0x080026fe   0x080026fe   0x00000002   PAD
    0x08002700   0x08002700   0x000001d0   Code   RO         6675    i.ArmExecuteCartesianCommand  arm.o
    0x080028d0   0x080028d0   0x000000bc   Code   RO         6676    i.ArmExecuteJointCommand  arm.o
    0x0800298c   0x0800298c   0x00000090   Code   RO         6677    i.ArmExecuteRealtimeTarget  arm.o
    0x08002a1c   0x08002a1c   0x000000dc   Code   RO         6678    i.ArmExecuteToolCommand  arm.o
    0x08002af8   0x08002af8   0x000000e4   Code   RO         7164    i.ArmForwardKinematics3DOF  arm_kinematics.o
    0x08002bdc   0x08002bdc   0x0000002c   Code   RO         6680    i.ArmGetHostStatus  arm.o
    0x08002c08   0x08002c08   0x0000002c   Code   RO         6684    i.ArmHostFinishCommand  arm.o
    0x08002c34   0x08002c34   0x00000034   Code   RO         6685    i.ArmHostFinishInterrupted  arm.o
    0x08002c68   0x08002c68   0x00000030   Code   RO         6686    i.ArmHostInterruptPending  arm.o
    0x08002c98   0x08002c98   0x00000030   Code   RO         6687    i.ArmHostRecordInterrupted  arm.o
    0x08002cc8   0x08002cc8   0x00000014   Code   RO         6688    i.ArmHostStartCommand  arm.o
    0x08002cdc   0x08002cdc   0x0000001c   Code   RO         6689    i.ArmHostStartYawWait  arm.o
    0x08002cf8   0x08002cf8   0x00000028   Code   RO         6690    i.ArmHostYawActive  arm.o
    0x08002d20   0x08002d20   0x00000328   Code   RO         6691    i.ArmInit           arm.o
    0x08003048   0x08003048   0x000003fc   Code   RO         7165    i.ArmInverseKinematics3DOF  arm_kinematics.o
    0x08003444   0x08003444   0x00000080   Code   RO         6693    i.ArmJointDegToMotorRadBase  arm.o
    0x080034c4   0x080034c4   0x0000008c   Code   RO         6694    i.ArmJointDegToMotorRadForPose  arm.o
    0x08003550   0x08003550   0x00000058   Code   RO         6695    i.ArmJointDegToMotorRadWithShoulder  arm.o
    0x080035a8   0x080035a8   0x000000c8   Code   RO         7166    i.ArmJointPoseWithinSoftLimits  arm_kinematics.o
    0x08003670   0x08003670   0x00000020   Code   RO         7167    i.ArmKinematicsAngleDifference  arm_kinematics.o
    0x08003690   0x08003690   0x000000a0   Code   RO         7168    i.ArmKinematicsCandidateScore  arm_kinematics.o
    0x08003730   0x08003730   0x0000002a   Code   RO         7169    i.ArmKinematicsClamp  arm_kinematics.o
    0x0800375a   0x0800375a   0x00000002   PAD
    0x0800375c   0x0800375c   0x000000cc   Code   RO         7170    i.ArmKinematicsSelfTest  arm_kinematics.o
    0x08003828   0x08003828   0x00000048   Code   RO         7171    i.ArmKinematicsWrapTo180  arm_kinematics.o
    0x08003870   0x08003870   0x00000074   Code   RO         6696    i.ArmLatchFault     arm.o
    0x080038e4   0x080038e4   0x00000054   Code   RO         6698    i.ArmMotorRadToJointDeg  arm.o
    0x08003938   0x08003938   0x0000005c   Code   RO         6699    i.ArmMotorRadToJointDegBase  arm.o
    0x08003994   0x08003994   0x00000060   Code   RO         6700    i.ArmMotorRadToJointDegWithShoulder  arm.o
    0x080039f4   0x080039f4   0x000000bc   Code   RO         6701    i.ArmMotorVelocityToJointDegS  arm.o
    0x08003ab0   0x08003ab0   0x000002c8   Code   RO         7272    i.ArmMoveLinear     arm_trajectory.o
    0x08003d78   0x08003d78   0x0000030c   Code   RO         7273    i.ArmMoveLinearToolTipVerticalDown  arm_trajectory.o
    0x08004084   0x08004084   0x000000f0   Code   RO         6702    i.ArmPoseArrived    arm.o
    0x08004174   0x08004174   0x0000002c   Code   RO         6703    i.ArmPriorityRequestPending  arm.o
    0x080041a0   0x080041a0   0x000001f8   Code   RO         6704    i.ArmProcessAutoInit  arm.o
    0x08004398   0x08004398   0x00000460   Code   RO         6705    i.ArmProcessBootSequence  arm.o
    0x080047f8   0x080047f8   0x000002c8   Code   RO         6706    i.ArmProcessCommandMailbox  arm.o
    0x08004ac0   0x08004ac0   0x00000134   Code   RO         6707    i.ArmProcessEnableOnly  arm.o
    0x08004bf4   0x08004bf4   0x00000148   Code   RO         6708    i.ArmProcessFaultReset  arm.o
    0x08004d3c   0x08004d3c   0x00000002   Code   RO         6589    i.ArmRealtimeHostSimulatorTask  test.o
    0x08004d3e   0x08004d3e   0x00000002   PAD
    0x08004d40   0x08004d40   0x0000002c   Code   RO         6710    i.ArmRequestFaultReset  arm.o
    0x08004d6c   0x08004d6c   0x000000dc   Code   RO         6711    i.ArmResolveHomePose  arm.o
    0x08004e48   0x08004e48   0x00000014   Code   RO         6713    i.ArmSetBootState   arm.o
    0x08004e5c   0x08004e5c   0x00000198   Code   RO         7274    i.ArmSetCartesianTarget  arm_trajectory.o
    0x08004ff4   0x08004ff4   0x000000e0   Code   RO         6714    i.ArmSetJointCommandForPose  arm.o
    0x080050d4   0x080050d4   0x0000003a   Code   RO         6716    i.ArmSetJointTargetDeg  arm.o
    0x0800510e   0x0800510e   0x00000002   PAD
    0x08005110   0x08005110   0x0000003c   Code   RO         6717    i.ArmSetStartState  arm.o
    0x0800514c   0x0800514c   0x00000154   Code   RO         7275    i.ArmSetToolTipTargetVerticalDown  arm_trajectory.o
    0x080052a0   0x080052a0   0x00000008   Code   RO         6720    i.ArmStopRealtimeTracking  arm.o
    0x080052a8   0x080052a8   0x000001a4   Code   RO         6722    i.ArmSubmitCommand  arm.o
    0x0800544c   0x0800544c   0x0000007c   Code   RO         6725    i.ArmSyncAllCurrentTargets  arm.o
    0x080054c8   0x080054c8   0x0000012c   Code   RO         6726    i.ArmTask           arm.o
    0x080055f4   0x080055f4   0x00000040   Code   RO         6727    i.ArmTemperatureAtOrAbove  arm.o
    0x08005634   0x08005634   0x0000012c   Code   RO         7584    i.ArmToolAngleDegToPos  arm_tool.o
    0x08005760   0x08005760   0x00000022   Code   RO         6728    i.ArmToolCommandAllowedBeforeReady  arm.o
    0x08005782   0x08005782   0x00000002   PAD
    0x08005784   0x08005784   0x0000000c   Code   RO         7585    i.ArmToolGetServo2WorldYawTarget  arm_tool.o
    0x08005790   0x08005790   0x00000008   Code   RO         7586    i.ArmToolGetState   arm_tool.o
    0x08005798   0x08005798   0x00000134   Code   RO         7587    i.ArmToolGetTipFromWrist  arm_tool.o
    0x080058cc   0x080058cc   0x00000110   Code   RO         7588    i.ArmToolGetWristFromTipVerticalDown  arm_tool.o
    0x080059dc   0x080059dc   0x000000e8   Code   RO         7589    i.ArmToolInit       arm_tool.o
    0x08005ac4   0x08005ac4   0x00000016   Code   RO         6729    i.ArmToolReadyForMotion  arm.o
    0x08005ada   0x08005ada   0x00000002   PAD
    0x08005adc   0x08005adc   0x00000138   Code   RO         7590    i.ArmToolSendServo  arm_tool.o
    0x08005c14   0x08005c14   0x00000060   Code   RO         7591    i.ArmToolServo1AngleForVerticalDown  arm_tool.o
    0x08005c74   0x08005c74   0x0000001a   Code   RO         7592    i.ArmToolServo1AngleValid  arm_tool.o
    0x08005c8e   0x08005c8e   0x00000002   PAD
    0x08005c90   0x08005c90   0x00000050   Code   RO         7595    i.ArmToolServo2WorldYawValidForQ1  arm_tool.o
    0x08005ce0   0x08005ce0   0x00000078   Code   RO         7596    i.ArmToolServoAngleFiniteAndInRange  arm_tool.o
    0x08005d58   0x08005d58   0x0000000e   Code   RO         7597    i.ArmToolServoIndex  arm_tool.o
    0x08005d66   0x08005d66   0x00000002   PAD
    0x08005d68   0x08005d68   0x00000030   Code   RO         7598    i.ArmToolSetMagnet  arm_tool.o
    0x08005d98   0x08005d98   0x00000030   Code   RO         7599    i.ArmToolSetServo1Angle  arm_tool.o
    0x08005dc8   0x08005dc8   0x00000030   Code   RO         7600    i.ArmToolSetServo2Angle  arm_tool.o
    0x08005df8   0x08005df8   0x0000005c   Code   RO         7602    i.ArmToolSetServo2WorldYawTarget  arm_tool.o
    0x08005e54   0x08005e54   0x0000008c   Code   RO         7603    i.ArmToolSetVerticalDownFromPitch  arm_tool.o
    0x08005ee0   0x08005ee0   0x00000018   Code   RO         7604    i.ArmToolStopServo1Tracking  arm_tool.o
    0x08005ef8   0x08005ef8   0x00000244   Code   RO         7605    i.ArmToolTask       arm_tool.o
    0x0800613c   0x0800613c   0x0000010c   Code   RO         7606    i.ArmToolTrackServo2WorldYaw  arm_tool.o
    0x08006248   0x08006248   0x000000d4   Code   RO         7276    i.ArmTrajectoryCancel  arm_trajectory.o
    0x0800631c   0x0800631c   0x00000048   Code   RO         7277    i.ArmTrajectoryInit  arm_trajectory.o
    0x08006364   0x08006364   0x00000038   Code   RO         7278    i.ArmTrajectoryIsBusy  arm_trajectory.o
    0x0800639c   0x0800639c   0x000000e4   Code   RO         7280    i.ArmTrajectoryMoveJoint  arm_trajectory.o
    0x08006480   0x08006480   0x0000000c   Code   RO         7283    i.ArmTrajectoryRealtimeActive  arm_trajectory.o
    0x0800648c   0x0800648c   0x000000d0   Code   RO         7284    i.ArmTrajectorySetJointDirect  arm_trajectory.o
    0x0800655c   0x0800655c   0x0000002c   Code   RO         7286    i.ArmTrajectoryStopRealtime  arm_trajectory.o
    0x08006588   0x08006588   0x000003cc   Code   RO         7287    i.ArmTrajectorySubmitRealtimeTarget  arm_trajectory.o
    0x08006954   0x08006954   0x000000f8   Code   RO         7288    i.ArmTrajectoryTask  arm_trajectory.o
    0x08006a4c   0x08006a4c   0x00000002   Code   RO         6730    i.ArmUpdateControllerDebugSnapshot  arm.o
    0x08006a4e   0x08006a4e   0x00000002   PAD
    0x08006a50   0x08006a50   0x00000340   Code   RO         6731    i.ArmUpdateFeedback  arm.o
    0x08006d90   0x08006d90   0x00000340   Code   RO         6732    i.ArmUpdateHostStatus  arm.o
    0x080070d0   0x080070d0   0x00000058   Code   RO         6733    i.ArmUpdateJointReference  arm.o
    0x08007128   0x08007128   0x00000240   Code   RO         6734    i.ArmUpdateTeachAndKinematicsDebug  arm.o
    0x08007368   0x08007368   0x00000124   Code   RO         7751    i.ArmUsbBridgeInit  arm_usb_bridge.o
    0x0800748c   0x0800748c   0x00000178   Code   RO         7752    i.ArmUsbBridgeOnTargetControl  arm_usb_bridge.o
    0x08007604   0x08007604   0x00000208   Code   RO         7753    i.ArmUsbBridgeOnTaskStatus  arm_usb_bridge.o
    0x0800780c   0x0800780c   0x00000028   Code   RO         7754    i.ArmUsbBridgeRequestTaskStartFromKey  arm_usb_bridge.o
    0x08007834   0x08007834   0x00000504   Code   RO         7755    i.ArmUsbBridgeTask  arm_usb_bridge.o
    0x08007d38   0x08007d38   0x0000002c   Code   RO         7756    i.ArmUsbBusinessCallbackId  arm_usb_bridge.o
    0x08007d64   0x08007d64   0x00000024   Code   RO         7757    i.ArmUsbCommandCompleted  arm_usb_bridge.o
    0x08007d88   0x08007d88   0x00000034   Code   RO         7758    i.ArmUsbCommandFailed  arm_usb_bridge.o
    0x08007dbc   0x08007dbc   0x00000088   Code   RO         7759    i.ArmUsbCompleteActive  arm_usb_bridge.o
    0x08007e44   0x08007e44   0x0000009c   Code   RO         7760    i.ArmUsbFailActive  arm_usb_bridge.o
    0x08007ee0   0x08007ee0   0x0000002c   Code   RO         7761    i.ArmUsbFaultFromCommandResult  arm_usb_bridge.o
    0x08007f0c   0x08007f0c   0x00000028   Code   RO         7762    i.ArmUsbFaultFromHost  arm_usb_bridge.o
    0x08007f34   0x08007f34   0x00000074   Code   RO         7763    i.ArmUsbFillCurrentFromHost  arm_usb_bridge.o
    0x08007fa8   0x08007fa8   0x0000003c   Code   RO         7764    i.ArmUsbFinite3     arm_usb_bridge.o
    0x08007fe4   0x08007fe4   0x00000018   Code   RO         7765    i.ArmUsbHostReadyAndIdle  arm_usb_bridge.o
    0x08007ffc   0x08007ffc   0x00000020   Code   RO         7766    i.ArmUsbNextInternalCommandId  arm_usb_bridge.o
    0x0800801c   0x0800801c   0x00000016   Code   RO         7767    i.ArmUsbSendCallbackStatus  arm_usb_bridge.o
    0x08008032   0x08008032   0x00000002   PAD
    0x08008034   0x08008034   0x00000074   Code   RO         7768    i.ArmUsbSendMotionStatus  arm_usb_bridge.o
    0x080080a8   0x080080a8   0x0000000c   Code   RO         7769    i.ArmUsbServo2HalfRangePos  arm_usb_bridge.o
    0x080080b4   0x080080b4   0x00000038   Code   RO         7770    i.ArmUsbServo2MaxYawAbsDeg  arm_usb_bridge.o
    0x080080ec   0x080080ec   0x00000014   Code   RO         7771    i.ArmUsbSetBusiness  arm_usb_bridge.o
    0x08008100   0x08008100   0x00000044   Code   RO         7772    i.ArmUsbSetState    arm_usb_bridge.o
    0x08008144   0x08008144   0x00000048   Code   RO         7773    i.ArmUsbStartBusiness  arm_usb_bridge.o
    0x0800818c   0x0800818c   0x00000064   Code   RO         7774    i.ArmUsbSubmitServo2Reset  arm_usb_bridge.o
    0x080081f0   0x080081f0   0x00000034   Code   RO         7775    i.ArmUsbSubmitTargetMoveFinal  arm_usb_bridge.o
    0x08008224   0x08008224   0x00000038   Code   RO         7776    i.ArmUsbSubmitTargetMoveLift  arm_usb_bridge.o
    0x0800825c   0x0800825c   0x000000b4   Code   RO         7777    i.ArmUsbSubmitTipMove  arm_usb_bridge.o
    0x08008310   0x08008310   0x000000b8   Code   RO         7778    i.ArmUsbYawToServo2Position  arm_usb_bridge.o
    0x080083c8   0x080083c8   0x00000018   Code   RO         7537    i.ArmWristInit      arm_wrist.o
    0x080083e0   0x080083e0   0x00000004   Code   RO          694    i.BusFault_Handler  stm32f4xx_it.o
    0x080083e4   0x080083e4   0x00000024   Code   RO         6419    i.BuzzerInit        buzzer.o
    0x08008408   0x08008408   0x00000064   Code   RO         6420    i.BuzzerStart       buzzer.o
    0x0800846c   0x0800846c   0x00000030   Code   RO         6421    i.BuzzerStop        buzzer.o
    0x0800849c   0x0800849c   0x00000024   Code   RO         6422    i.BuzzerTask        buzzer.o
    0x080084c0   0x080084c0   0x00000010   Code   RO          695    i.CAN1_RX0_IRQHandler  stm32f4xx_it.o
    0x080084d0   0x080084d0   0x00000010   Code   RO          696    i.CAN1_RX1_IRQHandler  stm32f4xx_it.o
    0x080084e0   0x080084e0   0x00000010   Code   RO          697    i.CAN2_RX0_IRQHandler  stm32f4xx_it.o
    0x080084f0   0x080084f0   0x00000010   Code   RO          698    i.CAN2_RX1_IRQHandler  stm32f4xx_it.o
    0x08008500   0x08008500   0x00000068   Code   RO         4633    i.CANAddFilter      bsp_can.o
    0x08008568   0x08008568   0x0000009c   Code   RO         4634    i.CANFIFOxCallback  bsp_can.o
    0x08008604   0x08008604   0x000000a4   Code   RO         4635    i.CANRegister       bsp_can.o
    0x080086a8   0x080086a8   0x00000038   Code   RO         4636    i.CANServiceInit    bsp_can.o
    0x080086e0   0x080086e0   0x0000000e   Code   RO         4637    i.CANSetDLC         bsp_can.o
    0x080086ee   0x080086ee   0x00000002   PAD
    0x080086f0   0x080086f0   0x0000007c   Code   RO         4638    i.CANTransmit       bsp_can.o
    0x0800876c   0x0800876c   0x00000044   Code   RO         9449    i.CDC_Control_FS    usbd_cdc_if.o
    0x080087b0   0x080087b0   0x00000004   Code   RO         9450    i.CDC_DeInit_FS     usbd_cdc_if.o
    0x080087b4   0x080087b4   0x00000024   Code   RO         9451    i.CDC_Init_FS       usbd_cdc_if.o
    0x080087d8   0x080087d8   0x00000024   Code   RO         9452    i.CDC_Receive_FS    usbd_cdc_if.o
    0x080087fc   0x080087fc   0x00000016   Code   RO         9453    i.CDC_TransmitCplt_FS  usbd_cdc_if.o
    0x08008812   0x08008812   0x00000002   PAD
    0x08008814   0x08008814   0x00000038   Code   RO         9454    i.CDC_Transmit_FS   usbd_cdc_if.o
    0x0800884c   0x0800884c   0x0000000e   Code   RO          337    i.ChassisTask_f     freertos.o
    0x0800885a   0x0800885a   0x00000002   PAD
    0x0800885c   0x0800885c   0x000001d4   Code   RO         4984    i.DJIMotorControl   dji_motor.o
    0x08008a30   0x08008a30   0x00000010   Code   RO          699    i.DMA1_Stream1_IRQHandler  stm32f4xx_it.o
    0x08008a40   0x08008a40   0x00000010   Code   RO          700    i.DMA2_Stream0_IRQHandler  stm32f4xx_it.o
    0x08008a50   0x08008a50   0x00000010   Code   RO          701    i.DMA2_Stream2_IRQHandler  stm32f4xx_it.o
    0x08008a60   0x08008a60   0x00000010   Code   RO          702    i.DMA2_Stream3_IRQHandler  stm32f4xx_it.o
    0x08008a70   0x08008a70   0x00000034   Code   RO         2971    i.DMA_CalcBaseAndBitshift  stm32f4xx_hal_dma.o
    0x08008aa4   0x08008aa4   0x000000aa   Code   RO         2972    i.DMA_CheckFifoParam  stm32f4xx_hal_dma.o
    0x08008b4e   0x08008b4e   0x0000002c   Code   RO         2973    i.DMA_SetConfig     stm32f4xx_hal_dma.o
    0x08008b7a   0x08008b7a   0x00000014   Code   RO         5086    i.DMMotorClearFault  dmmotor.o
    0x08008b8e   0x08008b8e   0x00000002   PAD
    0x08008b90   0x08008b90   0x000000bc   Code   RO         5087    i.DMMotorConfigIsValid  dmmotor.o
    0x08008c4c   0x08008c4c   0x000000d4   Code   RO         5088    i.DMMotorControl    dmmotor.o
    0x08008d20   0x08008d20   0x00000122   Code   RO         5089    i.DMMotorDecode     dmmotor.o
    0x08008e42   0x08008e42   0x00000026   Code   RO         5090    i.DMMotorDisable    dmmotor.o
    0x08008e68   0x08008e68   0x0000003e   Code   RO         5091    i.DMMotorEnterMode  dmmotor.o
    0x08008ea6   0x08008ea6   0x00000040   Code   RO         5092    i.DMMotorEnterModeAndHoldOpenLoop  dmmotor.o
    0x08008ee6   0x08008ee6   0x00000010   Code   RO         5093    i.DMMotorFeedbackValid  dmmotor.o
    0x08008ef6   0x08008ef6   0x0000001e   Code   RO         5094    i.DMMotorHasActiveStateFault  dmmotor.o
    0x08008f14   0x08008f14   0x00000050   Code   RO         5095    i.DMMotorHoldCurrentPosition  dmmotor.o
    0x08008f64   0x08008f64   0x000000c4   Code   RO         5096    i.DMMotorInit       dmmotor.o
    0x08009028   0x08009028   0x0000001e   Code   RO         5097    i.DMMotorIsOnline   dmmotor.o
    0x08009046   0x08009046   0x00000020   Code   RO         5098    i.DMMotorModeConfirmed  dmmotor.o
    0x08009066   0x08009066   0x00000024   Code   RO         5099    i.DMMotorResetSoftwareFault  dmmotor.o
    0x0800908a   0x0800908a   0x0000005c   Code   RO         5100    i.DMMotorSendModeCommand  dmmotor.o
    0x080090e6   0x080090e6   0x0000008e   Code   RO         5101    i.DMMotorSetPositionSpeed  dmmotor.o
    0x08009174   0x08009174   0x00000050   Code   RO         5102    i.DMMotorTransmit   dmmotor.o
    0x080091c4   0x080091c4   0x00000030   Code   RO         5103    i.DMMotorUintToFloat  dmmotor.o
    0x080091f4   0x080091f4   0x0000004c   Code   RO         4702    i.DWT_CNT_Update    bsp_dwt.o
    0x08009240   0x08009240   0x0000004c   Code   RO         4704    i.DWT_GetDeltaT     bsp_dwt.o
    0x0800928c   0x0800928c   0x00000050   Code   RO         4706    i.DWT_GetTimeline_ms  bsp_dwt.o
    0x080092dc   0x080092dc   0x00000070   Code   RO         4709    i.DWT_Init          bsp_dwt.o
    0x0800934c   0x0800934c   0x000000d0   Code   RO         4710    i.DWT_SysTimeUpdate  bsp_dwt.o
    0x0800941c   0x0800941c   0x00000006   Code   RO         5338    i.DaemonReload      daemon.o
    0x08009422   0x08009422   0x00000002   PAD
    0x08009424   0x08009424   0x0000003c   Code   RO         5339    i.DaemonTask        daemon.o
    0x08009460   0x08009460   0x00000002   Code   RO          703    i.DebugMon_Handler  stm32f4xx_it.o
    0x08009462   0x08009462   0x00000006   Code   RO           13    i.Error_Handler     main.o
    0x08009468   0x08009468   0x00000002   Code   RO         6590    i.FeetechServoSweepTestTask  test.o
    0x0800946a   0x0800946a   0x00000002   PAD
    0x0800946c   0x0800946c   0x00000034   Code   RO         9368    i.Get_SerialNum     usbd_desc.o
    0x080094a0   0x080094a0   0x0000002a   Code   RO         3668    i.HAL_CAN_ActivateNotification  stm32f4xx_hal_can.o
    0x080094ca   0x080094ca   0x0000014a   Code   RO         3669    i.HAL_CAN_AddTxMessage  stm32f4xx_hal_can.o
    0x08009614   0x08009614   0x00000120   Code   RO         3670    i.HAL_CAN_ConfigFilter  stm32f4xx_hal_can.o
    0x08009734   0x08009734   0x00000002   Code   RO         3673    i.HAL_CAN_ErrorCallback  stm32f4xx_hal_can.o
    0x08009736   0x08009736   0x00000028   Code   RO         3675    i.HAL_CAN_GetRxFifoFillLevel  stm32f4xx_hal_can.o
    0x0800975e   0x0800975e   0x00000194   Code   RO         3676    i.HAL_CAN_GetRxMessage  stm32f4xx_hal_can.o
    0x080098f2   0x080098f2   0x00000036   Code   RO         3678    i.HAL_CAN_GetTxMailboxesFreeLevel  stm32f4xx_hal_can.o
    0x08009928   0x08009928   0x0000024e   Code   RO         3680    i.HAL_CAN_IRQHandler  stm32f4xx_hal_can.o
    0x08009b76   0x08009b76   0x00000174   Code   RO         3681    i.HAL_CAN_Init      stm32f4xx_hal_can.o
    0x08009cea   0x08009cea   0x00000002   PAD
    0x08009cec   0x08009cec   0x00000180   Code   RO          466    i.HAL_CAN_MspInit   can.o
    0x08009e6c   0x08009e6c   0x00000002   Code   RO         3688    i.HAL_CAN_RxFifo0FullCallback  stm32f4xx_hal_can.o
    0x08009e6e   0x08009e6e   0x0000000e   Code   RO         4639    i.HAL_CAN_RxFifo0MsgPendingCallback  bsp_can.o
    0x08009e7c   0x08009e7c   0x00000002   Code   RO         3690    i.HAL_CAN_RxFifo1FullCallback  stm32f4xx_hal_can.o
    0x08009e7e   0x08009e7e   0x0000000e   Code   RO         4640    i.HAL_CAN_RxFifo1MsgPendingCallback  bsp_can.o
    0x08009e8c   0x08009e8c   0x00000002   Code   RO         3692    i.HAL_CAN_SleepCallback  stm32f4xx_hal_can.o
    0x08009e8e   0x08009e8e   0x0000005e   Code   RO         3693    i.HAL_CAN_Start     stm32f4xx_hal_can.o
    0x08009eec   0x08009eec   0x00000002   Code   RO         3695    i.HAL_CAN_TxMailbox0AbortCallback  stm32f4xx_hal_can.o
    0x08009eee   0x08009eee   0x00000002   Code   RO         3696    i.HAL_CAN_TxMailbox0CompleteCallback  stm32f4xx_hal_can.o
    0x08009ef0   0x08009ef0   0x00000002   Code   RO         3697    i.HAL_CAN_TxMailbox1AbortCallback  stm32f4xx_hal_can.o
    0x08009ef2   0x08009ef2   0x00000002   Code   RO         3698    i.HAL_CAN_TxMailbox1CompleteCallback  stm32f4xx_hal_can.o
    0x08009ef4   0x08009ef4   0x00000002   Code   RO         3699    i.HAL_CAN_TxMailbox2AbortCallback  stm32f4xx_hal_can.o
    0x08009ef6   0x08009ef6   0x00000002   Code   RO         3700    i.HAL_CAN_TxMailbox2CompleteCallback  stm32f4xx_hal_can.o
    0x08009ef8   0x08009ef8   0x00000002   Code   RO         3702    i.HAL_CAN_WakeUpFromRxMsgCallback  stm32f4xx_hal_can.o
    0x08009efa   0x08009efa   0x000000ac   Code   RO         2974    i.HAL_DMA_Abort     stm32f4xx_hal_dma.o
    0x08009fa6   0x08009fa6   0x00000028   Code   RO         2975    i.HAL_DMA_Abort_IT  stm32f4xx_hal_dma.o
    0x08009fce   0x08009fce   0x00000006   Code   RO         2977    i.HAL_DMA_GetError  stm32f4xx_hal_dma.o
    0x08009fd4   0x08009fd4   0x00000240   Code   RO         2979    i.HAL_DMA_IRQHandler  stm32f4xx_hal_dma.o
    0x0800a214   0x0800a214   0x000000ec   Code   RO         2980    i.HAL_DMA_Init      stm32f4xx_hal_dma.o
    0x0800a300   0x0800a300   0x00000092   Code   RO         2984    i.HAL_DMA_Start_IT  stm32f4xx_hal_dma.o
    0x0800a392   0x0800a392   0x00000002   PAD
    0x0800a394   0x0800a394   0x00000028   Code   RO         3416    i.HAL_Delay         stm32f4xx_hal.o
    0x0800a3bc   0x0800a3bc   0x000001f4   Code   RO         2867    i.HAL_GPIO_Init     stm32f4xx_hal_gpio.o
    0x0800a5b0   0x0800a5b0   0x00000010   Code   RO         2869    i.HAL_GPIO_ReadPin  stm32f4xx_hal_gpio.o
    0x0800a5c0   0x0800a5c0   0x0000000c   Code   RO         2871    i.HAL_GPIO_WritePin  stm32f4xx_hal_gpio.o
    0x0800a5cc   0x0800a5cc   0x0000000c   Code   RO         3422    i.HAL_GetTick       stm32f4xx_hal.o
    0x0800a5d8   0x0800a5d8   0x0000007a   Code   RO         4225    i.HAL_HalfDuplex_Init  stm32f4xx_hal_uart.o
    0x0800a652   0x0800a652   0x00000002   PAD
    0x0800a654   0x0800a654   0x00000018   Code   RO         3428    i.HAL_IncTick       stm32f4xx_hal.o
    0x0800a66c   0x0800a66c   0x0000003c   Code   RO         3429    i.HAL_Init          stm32f4xx_hal.o
    0x0800a6a8   0x0800a6a8   0x000000b4   Code   RO          848    i.HAL_InitTick      stm32f4xx_hal_timebase_tim.o
    0x0800a75c   0x0800a75c   0x00000054   Code   RO          824    i.HAL_MspInit       stm32f4xx_hal_msp.o
    0x0800a7b0   0x0800a7b0   0x00000028   Code   RO         3259    i.HAL_NVIC_EnableIRQ  stm32f4xx_hal_cortex.o
    0x0800a7d8   0x0800a7d8   0x0000007c   Code   RO         3265    i.HAL_NVIC_SetPriority  stm32f4xx_hal_cortex.o
    0x0800a854   0x0800a854   0x00000028   Code   RO         3266    i.HAL_NVIC_SetPriorityGrouping  stm32f4xx_hal_cortex.o
    0x0800a87c   0x0800a87c   0x00000002   Code   RO         2115    i.HAL_PCDEx_LPM_Callback  stm32f4xx_hal_pcd_ex.o
    0x0800a87e   0x0800a87e   0x0000000a   Code   RO         2116    i.HAL_PCDEx_SetRxFiFo  stm32f4xx_hal_pcd_ex.o
    0x0800a888   0x0800a888   0x0000004e   Code   RO         2117    i.HAL_PCDEx_SetTxFiFo  stm32f4xx_hal_pcd_ex.o
    0x0800a8d6   0x0800a8d6   0x0000000e   Code   RO         9514    i.HAL_PCD_ConnectCallback  usbd_conf.o
    0x0800a8e4   0x0800a8e4   0x00000020   Code   RO         9515    i.HAL_PCD_DataInStageCallback  usbd_conf.o
    0x0800a904   0x0800a904   0x00000020   Code   RO         9516    i.HAL_PCD_DataOutStageCallback  usbd_conf.o
    0x0800a924   0x0800a924   0x0000000e   Code   RO         9517    i.HAL_PCD_DisconnectCallback  usbd_conf.o
    0x0800a932   0x0800a932   0x00000042   Code   RO         1880    i.HAL_PCD_EP_Abort  stm32f4xx_hal_pcd.o
    0x0800a974   0x0800a974   0x0000006a   Code   RO         1881    i.HAL_PCD_EP_Close  stm32f4xx_hal_pcd.o
    0x0800a9de   0x0800a9de   0x0000007c   Code   RO         1882    i.HAL_PCD_EP_ClrStall  stm32f4xx_hal_pcd.o
    0x0800aa5a   0x0800aa5a   0x00000016   Code   RO         1884    i.HAL_PCD_EP_GetRxCount  stm32f4xx_hal_pcd.o
    0x0800aa70   0x0800aa70   0x0000008e   Code   RO         1885    i.HAL_PCD_EP_Open   stm32f4xx_hal_pcd.o
    0x0800aafe   0x0800aafe   0x00000046   Code   RO         1886    i.HAL_PCD_EP_Receive  stm32f4xx_hal_pcd.o
    0x0800ab44   0x0800ab44   0x0000008a   Code   RO         1887    i.HAL_PCD_EP_SetStall  stm32f4xx_hal_pcd.o
    0x0800abce   0x0800abce   0x00000048   Code   RO         1888    i.HAL_PCD_EP_Transmit  stm32f4xx_hal_pcd.o
    0x0800ac16   0x0800ac16   0x000006ca   Code   RO         1890    i.HAL_PCD_IRQHandler  stm32f4xx_hal_pcd.o
    0x0800b2e0   0x0800b2e0   0x00000012   Code   RO         9518    i.HAL_PCD_ISOINIncompleteCallback  usbd_conf.o
    0x0800b2f2   0x0800b2f2   0x00000012   Code   RO         9519    i.HAL_PCD_ISOOUTIncompleteCallback  usbd_conf.o
    0x0800b304   0x0800b304   0x0000015e   Code   RO         1893    i.HAL_PCD_Init      stm32f4xx_hal_pcd.o
    0x0800b462   0x0800b462   0x00000002   PAD
    0x0800b464   0x0800b464   0x000000a8   Code   RO         9521    i.HAL_PCD_MspInit   usbd_conf.o
    0x0800b50c   0x0800b50c   0x00000030   Code   RO         9522    i.HAL_PCD_ResetCallback  usbd_conf.o
    0x0800b53c   0x0800b53c   0x0000000e   Code   RO         9523    i.HAL_PCD_ResumeCallback  usbd_conf.o
    0x0800b54a   0x0800b54a   0x0000000e   Code   RO         9524    i.HAL_PCD_SOFCallback  usbd_conf.o
    0x0800b558   0x0800b558   0x00000034   Code   RO         1899    i.HAL_PCD_SetAddress  stm32f4xx_hal_pcd.o
    0x0800b58c   0x0800b58c   0x00000012   Code   RO         9525    i.HAL_PCD_SetupStageCallback  usbd_conf.o
    0x0800b59e   0x0800b59e   0x0000004c   Code   RO         1902    i.HAL_PCD_Start     stm32f4xx_hal_pcd.o
    0x0800b5ea   0x0800b5ea   0x00000002   PAD
    0x0800b5ec   0x0800b5ec   0x00000034   Code   RO         9526    i.HAL_PCD_SuspendCallback  usbd_conf.o
    0x0800b620   0x0800b620   0x00000184   Code   RO         2468    i.HAL_RCC_ClockConfig  stm32f4xx_hal_rcc.o
    0x0800b7a4   0x0800b7a4   0x00000044   Code   RO         2472    i.HAL_RCC_GetClockConfig  stm32f4xx_hal_rcc.o
    0x0800b7e8   0x0800b7e8   0x0000000c   Code   RO         2473    i.HAL_RCC_GetHCLKFreq  stm32f4xx_hal_rcc.o
    0x0800b7f4   0x0800b7f4   0x00000020   Code   RO         2475    i.HAL_RCC_GetPCLK1Freq  stm32f4xx_hal_rcc.o
    0x0800b814   0x0800b814   0x00000020   Code   RO         2476    i.HAL_RCC_GetPCLK2Freq  stm32f4xx_hal_rcc.o
    0x0800b834   0x0800b834   0x000000b0   Code   RO         2477    i.HAL_RCC_GetSysClockFreq  stm32f4xx_hal_rcc.o
    0x0800b8e4   0x0800b8e4   0x0000049c   Code   RO         2480    i.HAL_RCC_OscConfig  stm32f4xx_hal_rcc.o
    0x0800bd80   0x0800bd80   0x00000002   Code   RO         3908    i.HAL_SPI_ErrorCallback  stm32f4xx_hal_spi.o
    0x0800bd82   0x0800bd82   0x00000002   PAD
    0x0800bd84   0x0800bd84   0x0000015c   Code   RO         3911    i.HAL_SPI_IRQHandler  stm32f4xx_hal_spi.o
    0x0800bee0   0x0800bee0   0x000000c8   Code   RO         3912    i.HAL_SPI_Init      stm32f4xx_hal_spi.o
    0x0800bfa8   0x0800bfa8   0x00000168   Code   RO          539    i.HAL_SPI_MspInit   spi.o
    0x0800c110   0x0800c110   0x00000002   Code   RO         1604    i.HAL_TIMEx_BreakCallback  stm32f4xx_hal_tim_ex.o
    0x0800c112   0x0800c112   0x00000002   Code   RO         1605    i.HAL_TIMEx_CommutCallback  stm32f4xx_hal_tim_ex.o
    0x0800c114   0x0800c114   0x00000074   Code   RO         1607    i.HAL_TIMEx_ConfigBreakDeadTime  stm32f4xx_hal_tim_ex.o
    0x0800c188   0x0800c188   0x000000b4   Code   RO         1623    i.HAL_TIMEx_MasterConfigSynchronization  stm32f4xx_hal_tim_ex.o
    0x0800c23c   0x0800c23c   0x00000066   Code   RO          889    i.HAL_TIM_Base_Init  stm32f4xx_hal_tim.o
    0x0800c2a2   0x0800c2a2   0x00000002   PAD
    0x0800c2a4   0x0800c2a4   0x00000090   Code   RO          581    i.HAL_TIM_Base_MspInit  tim.o
    0x0800c334   0x0800c334   0x000000a8   Code   RO          894    i.HAL_TIM_Base_Start_IT  stm32f4xx_hal_tim.o
    0x0800c3dc   0x0800c3dc   0x0000010c   Code   RO          898    i.HAL_TIM_ConfigClockSource  stm32f4xx_hal_tim.o
    0x0800c4e8   0x0800c4e8   0x00000002   Code   RO          923    i.HAL_TIM_IC_CaptureCallback  stm32f4xx_hal_tim.o
    0x0800c4ea   0x0800c4ea   0x0000016c   Code   RO          937    i.HAL_TIM_IRQHandler  stm32f4xx_hal_tim.o
    0x0800c656   0x0800c656   0x00000002   PAD
    0x0800c658   0x0800c658   0x000000fc   Code   RO          582    i.HAL_TIM_MspPostInit  tim.o
    0x0800c754   0x0800c754   0x00000002   Code   RO          940    i.HAL_TIM_OC_DelayElapsedCallback  stm32f4xx_hal_tim.o
    0x0800c756   0x0800c756   0x00000104   Code   RO          961    i.HAL_TIM_PWM_ConfigChannel  stm32f4xx_hal_tim.o
    0x0800c85a   0x0800c85a   0x00000066   Code   RO          964    i.HAL_TIM_PWM_Init  stm32f4xx_hal_tim.o
    0x0800c8c0   0x0800c8c0   0x00000002   Code   RO          966    i.HAL_TIM_PWM_MspInit  stm32f4xx_hal_tim.o
    0x0800c8c2   0x0800c8c2   0x00000002   Code   RO          967    i.HAL_TIM_PWM_PulseFinishedCallback  stm32f4xx_hal_tim.o
    0x0800c8c4   0x0800c8c4   0x0000010c   Code   RO          969    i.HAL_TIM_PWM_Start  stm32f4xx_hal_tim.o
    0x0800c9d0   0x0800c9d0   0x000000a8   Code   RO          972    i.HAL_TIM_PWM_Stop  stm32f4xx_hal_tim.o
    0x0800ca78   0x0800ca78   0x00000018   Code   RO           14    i.HAL_TIM_PeriodElapsedCallback  main.o
    0x0800ca90   0x0800ca90   0x00000002   Code   RO          980    i.HAL_TIM_TriggerCallback  stm32f4xx_hal_tim.o
    0x0800ca92   0x0800ca92   0x00000070   Code   RO         4233    i.HAL_UARTEx_ReceiveToIdle_DMA  stm32f4xx_hal_uart.o
    0x0800cb02   0x0800cb02   0x00000002   PAD
    0x0800cb04   0x0800cb04   0x000000b0   Code   RO         4778    i.HAL_UARTEx_RxEventCallback  bsp_usart.o
    0x0800cbb4   0x0800cbb4   0x000000c4   Code   RO         4238    i.HAL_UART_AbortReceive  stm32f4xx_hal_uart.o
    0x0800cc78   0x0800cc78   0x0000007e   Code   RO         4241    i.HAL_UART_AbortTransmit  stm32f4xx_hal_uart.o
    0x0800ccf6   0x0800ccf6   0x0000008a   Code   RO         4247    i.HAL_UART_DMAStop  stm32f4xx_hal_uart.o
    0x0800cd80   0x0800cd80   0x00000084   Code   RO         4779    i.HAL_UART_ErrorCallback  bsp_usart.o
    0x0800ce04   0x0800ce04   0x00000308   Code   RO         4252    i.HAL_UART_IRQHandler  stm32f4xx_hal_uart.o
    0x0800d10c   0x0800d10c   0x00000076   Code   RO         4253    i.HAL_UART_Init     stm32f4xx_hal_uart.o
    0x0800d182   0x0800d182   0x00000002   PAD
    0x0800d184   0x0800d184   0x00000250   Code   RO          641    i.HAL_UART_MspInit  usart.o
    0x0800d3d4   0x0800d3d4   0x0000002c   Code   RO         4257    i.HAL_UART_Receive_DMA  stm32f4xx_hal_uart.o
    0x0800d400   0x0800d400   0x0000001a   Code   RO         4780    i.HAL_UART_RxCpltCallback  bsp_usart.o
    0x0800d41a   0x0800d41a   0x00000002   Code   RO         4260    i.HAL_UART_RxHalfCpltCallback  stm32f4xx_hal_uart.o
    0x0800d41c   0x0800d41c   0x000000be   Code   RO         4261    i.HAL_UART_Transmit  stm32f4xx_hal_uart.o
    0x0800d4da   0x0800d4da   0x00000002   PAD
    0x0800d4dc   0x0800d4dc   0x0000009c   Code   RO         4262    i.HAL_UART_Transmit_DMA  stm32f4xx_hal_uart.o
    0x0800d578   0x0800d578   0x00000018   Code   RO         4781    i.HAL_UART_TxCpltCallback  bsp_usart.o
    0x0800d590   0x0800d590   0x00000002   Code   RO         4265    i.HAL_UART_TxHalfCpltCallback  stm32f4xx_hal_uart.o
    0x0800d592   0x0800d592   0x0000002e   Code   RO         6194    i.HSLServoChecksum  hsl_servo.o
    0x0800d5c0   0x0800d5c0   0x00000014   Code   RO         6195    i.HSLServoCurrentStatus  hsl_servo.o
    0x0800d5d4   0x0800d5d4   0x0000004c   Code   RO         6196    i.HSLServoFindStatus  hsl_servo.o
    0x0800d620   0x0800d620   0x00000094   Code   RO         6197    i.HSLServoFinish    hsl_servo.o
    0x0800d6b4   0x0800d6b4   0x00000010   Code   RO         6199    i.HSLServoIdValid   hsl_servo.o
    0x0800d6c4   0x0800d6c4   0x00000030   Code   RO         6200    i.HSLServoInit      hsl_servo.o
    0x0800d6f4   0x0800d6f4   0x00000014   Code   RO         6202    i.HSLServoMove      hsl_servo.o
    0x0800d708   0x0800d708   0x00000084   Code   RO         6208    i.HSLServoStartReceive  hsl_servo.o
    0x0800d78c   0x0800d78c   0x000003a8   Code   RO         6210    i.HSLServoTask      hsl_servo.o
    0x0800db34   0x0800db34   0x00000174   Code   RO         6211    i.HSLServoTransmitBoardFrame  hsl_servo.o
    0x0800dca8   0x0800dca8   0x00000038   Code   RO         6215    i.HSLServoUpdateDebugFrames  hsl_servo.o
    0x0800dce0   0x0800dce0   0x000000c8   Code   RO         6216    i.HSLServoValidatePositionReply  hsl_servo.o
    0x0800dda8   0x0800dda8   0x00000004   Code   RO          704    i.HardFault_Handler  stm32f4xx_it.o
    0x0800ddac   0x0800ddac   0x0000000e   Code   RO          338    i.ImuTask_f         freertos.o
    0x0800ddba   0x0800ddba   0x0000003e   Code   RO         9369    i.IntToUnicode      usbd_desc.o
    0x0800ddf8   0x0800ddf8   0x00000044   Code   RO          467    i.MX_CAN1_Init      can.o
    0x0800de3c   0x0800de3c   0x00000044   Code   RO          468    i.MX_CAN2_Init      can.o
    0x0800de80   0x0800de80   0x00000088   Code   RO          514    i.MX_DMA_Init       dma.o
    0x0800df08   0x0800df08   0x0000007c   Code   RO          339    i.MX_FREERTOS_Init  freertos.o
    0x0800df84   0x0800df84   0x00000244   Code   RO          313    i.MX_GPIO_Init      gpio.o
    0x0800e1c8   0x0800e1c8   0x00000048   Code   RO          540    i.MX_SPI1_Init      spi.o
    0x0800e210   0x0800e210   0x0000006c   Code   RO          583    i.MX_TIM10_Init     tim.o
    0x0800e27c   0x0800e27c   0x000000d8   Code   RO          584    i.MX_TIM1_Init      tim.o
    0x0800e354   0x0800e354   0x000000a0   Code   RO          585    i.MX_TIM4_Init      tim.o
    0x0800e3f4   0x0800e3f4   0x00000038   Code   RO          642    i.MX_USART1_UART_Init  usart.o
    0x0800e42c   0x0800e42c   0x0000003c   Code   RO          643    i.MX_USART3_UART_Init  usart.o
    0x0800e468   0x0800e468   0x00000038   Code   RO          644    i.MX_USART6_UART_Init  usart.o
    0x0800e4a0   0x0800e4a0   0x0000004c   Code   RO         9333    i.MX_USB_DEVICE_Init  usb_device.o
    0x0800e4ec   0x0800e4ec   0x00000004   Code   RO          705    i.MemManage_Handler  stm32f4xx_it.o
    0x0800e4f0   0x0800e4f0   0x00000004   Code   RO          706    i.NMI_Handler       stm32f4xx_it.o
    0x0800e4f4   0x0800e4f4   0x00000010   Code   RO          707    i.OTG_FS_IRQHandler  stm32f4xx_it.o
    0x0800e504   0x0800e504   0x00000064   Code   RO         1906    i.PCD_EP_OutSetupPacket_int  stm32f4xx_hal_pcd.o
    0x0800e568   0x0800e568   0x00000144   Code   RO         1907    i.PCD_EP_OutXfrComplete_int  stm32f4xx_hal_pcd.o
    0x0800e6ac   0x0800e6ac   0x000000b6   Code   RO         1908    i.PCD_WriteEmptyTxFifo  stm32f4xx_hal_pcd.o
    0x0800e762   0x0800e762   0x00000002   PAD
    0x0800e764   0x0800e764   0x00000184   Code   RO         4870    i.PIDCalculate      controller.o
    0x0800e8e8   0x0800e8e8   0x0000003c   Code   RO         5949    i.RingBuffer_Read   usb.o
    0x0800e924   0x0800e924   0x0000000a   Code   RO         6562    i.RobotCMDInit      robot_cmd.o
    0x0800e92e   0x0800e92e   0x00000002   PAD
    0x0800e930   0x0800e930   0x00000010   Code   RO          708    i.SPI1_IRQHandler   stm32f4xx_it.o
    0x0800e940   0x0800e940   0x00000014   Code   RO         3939    i.SPI_DMAAbortOnError  stm32f4xx_hal_spi.o
    0x0800e954   0x0800e954   0x00000012   Code   RO         9891    i.SWAPBYTE          usbd_ctlreq.o
    0x0800e966   0x0800e966   0x0000000a   Code   RO          340    i.Start_catch       freertos.o
    0x0800e970   0x0800e970   0x00000034   Code   RO         9254    i.SysTick_Handler   port.o
    0x0800e9a4   0x0800e9a4   0x000000b4   Code   RO           15    i.SystemClock_Config  main.o
    0x0800ea58   0x0800ea58   0x00000014   Code   RO         4597    i.SystemInit        system_stm32f4xx.o
    0x0800ea6c   0x0800ea6c   0x00000010   Code   RO          709    i.TIM8_TRG_COM_TIM14_IRQHandler  stm32f4xx_it.o
    0x0800ea7c   0x0800ea7c   0x000000e0   Code   RO          982    i.TIM_Base_SetConfig  stm32f4xx_hal_tim.o
    0x0800eb5c   0x0800eb5c   0x00000022   Code   RO          983    i.TIM_CCxChannelCmd  stm32f4xx_hal_tim.o
    0x0800eb7e   0x0800eb7e   0x00000016   Code   RO          993    i.TIM_ETR_SetConfig  stm32f4xx_hal_tim.o
    0x0800eb94   0x0800eb94   0x00000012   Code   RO          994    i.TIM_ITRx_SetConfig  stm32f4xx_hal_tim.o
    0x0800eba6   0x0800eba6   0x00000002   PAD
    0x0800eba8   0x0800eba8   0x00000070   Code   RO          995    i.TIM_OC1_SetConfig  stm32f4xx_hal_tim.o
    0x0800ec18   0x0800ec18   0x0000007c   Code   RO          996    i.TIM_OC2_SetConfig  stm32f4xx_hal_tim.o
    0x0800ec94   0x0800ec94   0x00000078   Code   RO          997    i.TIM_OC3_SetConfig  stm32f4xx_hal_tim.o
    0x0800ed0c   0x0800ed0c   0x00000054   Code   RO          998    i.TIM_OC4_SetConfig  stm32f4xx_hal_tim.o
    0x0800ed60   0x0800ed60   0x00000026   Code   RO         1000    i.TIM_TI1_ConfigInputStage  stm32f4xx_hal_tim.o
    0x0800ed86   0x0800ed86   0x00000028   Code   RO         1002    i.TIM_TI2_ConfigInputStage  stm32f4xx_hal_tim.o
    0x0800edae   0x0800edae   0x00000012   Code   RO         4266    i.UART_DMAAbortOnError  stm32f4xx_hal_uart.o
    0x0800edc0   0x0800edc0   0x00000050   Code   RO         4267    i.UART_DMAError     stm32f4xx_hal_uart.o
    0x0800ee10   0x0800ee10   0x000000b4   Code   RO         4268    i.UART_DMAReceiveCplt  stm32f4xx_hal_uart.o
    0x0800eec4   0x0800eec4   0x00000024   Code   RO         4270    i.UART_DMARxHalfCplt  stm32f4xx_hal_uart.o
    0x0800eee8   0x0800eee8   0x00000058   Code   RO         4272    i.UART_DMATransmitCplt  stm32f4xx_hal_uart.o
    0x0800ef40   0x0800ef40   0x0000000e   Code   RO         4274    i.UART_DMATxHalfCplt  stm32f4xx_hal_uart.o
    0x0800ef4e   0x0800ef4e   0x0000006c   Code   RO         4276    i.UART_EndRxTransfer  stm32f4xx_hal_uart.o
    0x0800efba   0x0800efba   0x00000020   Code   RO         4277    i.UART_EndTransmit_IT  stm32f4xx_hal_uart.o
    0x0800efda   0x0800efda   0x00000026   Code   RO         4278    i.UART_EndTxTransfer  stm32f4xx_hal_uart.o
    0x0800f000   0x0800f000   0x000000fc   Code   RO         4279    i.UART_Receive_IT   stm32f4xx_hal_uart.o
    0x0800f0fc   0x0800f0fc   0x0000022c   Code   RO         4280    i.UART_SetConfig    stm32f4xx_hal_uart.o
    0x0800f328   0x0800f328   0x000000d8   Code   RO         4281    i.UART_Start_Receive_DMA  stm32f4xx_hal_uart.o
    0x0800f400   0x0800f400   0x00000060   Code   RO         4283    i.UART_Transmit_IT  stm32f4xx_hal_uart.o
    0x0800f460   0x0800f460   0x0000008c   Code   RO         4284    i.UART_WaitOnFlagUntilTimeout  stm32f4xx_hal_uart.o
    0x0800f4ec   0x0800f4ec   0x00000010   Code   RO          710    i.USART6_IRQHandler  stm32f4xx_it.o
    0x0800f4fc   0x0800f4fc   0x00000034   Code   RO         4782    i.USARTFindAsyncCallbacks  bsp_usart.o
    0x0800f530   0x0800f530   0x000000be   Code   RO        10062    i.USBD_CDC_DataIn   usbd_cdc.o
    0x0800f5ee   0x0800f5ee   0x00000048   Code   RO        10063    i.USBD_CDC_DataOut  usbd_cdc.o
    0x0800f636   0x0800f636   0x00000002   PAD
    0x0800f638   0x0800f638   0x000000d4   Code   RO        10064    i.USBD_CDC_DeInit   usbd_cdc.o
    0x0800f70c   0x0800f70c   0x00000050   Code   RO        10065    i.USBD_CDC_EP0_RxReady  usbd_cdc.o
    0x0800f75c   0x0800f75c   0x00000010   Code   RO        10066    i.USBD_CDC_GetDeviceQualifierDescriptor  usbd_cdc.o
    0x0800f76c   0x0800f76c   0x00000044   Code   RO        10067    i.USBD_CDC_GetFSCfgDesc  usbd_cdc.o
    0x0800f7b0   0x0800f7b0   0x00000048   Code   RO        10068    i.USBD_CDC_GetHSCfgDesc  usbd_cdc.o
    0x0800f7f8   0x0800f7f8   0x00000044   Code   RO        10069    i.USBD_CDC_GetOtherSpeedCfgDesc  usbd_cdc.o
    0x0800f83c   0x0800f83c   0x000001a0   Code   RO        10070    i.USBD_CDC_Init     usbd_cdc.o
    0x0800f9dc   0x0800f9dc   0x00000050   Code   RO        10071    i.USBD_CDC_ReceivePacket  usbd_cdc.o
    0x0800fa2c   0x0800fa2c   0x00000018   Code   RO        10072    i.USBD_CDC_RegisterInterface  usbd_cdc.o
    0x0800fa44   0x0800fa44   0x0000001e   Code   RO        10073    i.USBD_CDC_SetRxBuffer  usbd_cdc.o
    0x0800fa62   0x0800fa62   0x00000024   Code   RO        10074    i.USBD_CDC_SetTxBuffer  usbd_cdc.o
    0x0800fa86   0x0800fa86   0x00000140   Code   RO        10075    i.USBD_CDC_Setup    usbd_cdc.o
    0x0800fbc6   0x0800fbc6   0x00000002   PAD
    0x0800fbc8   0x0800fbc8   0x00000058   Code   RO        10076    i.USBD_CDC_TransmitPacket  usbd_cdc.o
    0x0800fc20   0x0800fc20   0x0000001c   Code   RO         9725    i.USBD_ClrClassConfig  usbd_core.o
    0x0800fc3c   0x0800fc3c   0x0000003e   Code   RO         9892    i.USBD_ClrFeature   usbd_ctlreq.o
    0x0800fc7a   0x0800fc7a   0x00000006   Code   RO         9726    i.USBD_CoreFindEP   usbd_core.o
    0x0800fc80   0x0800fc80   0x00000006   Code   RO         9727    i.USBD_CoreFindIF   usbd_core.o
    0x0800fc86   0x0800fc86   0x00000018   Code   RO         9998    i.USBD_CtlContinueRx  usbd_ioreq.o
    0x0800fc9e   0x0800fc9e   0x00000018   Code   RO         9999    i.USBD_CtlContinueSendData  usbd_ioreq.o
    0x0800fcb6   0x0800fcb6   0x00000018   Code   RO         9893    i.USBD_CtlError     usbd_ctlreq.o
    0x0800fcce   0x0800fcce   0x0000002e   Code   RO        10000    i.USBD_CtlPrepareRx  usbd_ioreq.o
    0x0800fcfc   0x0800fcfc   0x0000001a   Code   RO        10001    i.USBD_CtlReceiveStatus  usbd_ioreq.o
    0x0800fd16   0x0800fd16   0x00000024   Code   RO        10002    i.USBD_CtlSendData  usbd_ioreq.o
    0x0800fd3a   0x0800fd3a   0x0000001a   Code   RO        10003    i.USBD_CtlSendStatus  usbd_ioreq.o
    0x0800fd54   0x0800fd54   0x00000034   Code   RO         9370    i.USBD_FS_ConfigStrDescriptor  usbd_desc.o
    0x0800fd88   0x0800fd88   0x00000010   Code   RO         9371    i.USBD_FS_DeviceDescriptor  usbd_desc.o
    0x0800fd98   0x0800fd98   0x00000038   Code   RO         9372    i.USBD_FS_InterfaceStrDescriptor  usbd_desc.o
    0x0800fdd0   0x0800fdd0   0x00000010   Code   RO         9373    i.USBD_FS_LangIDStrDescriptor  usbd_desc.o
    0x0800fde0   0x0800fde0   0x0000002c   Code   RO         9374    i.USBD_FS_ManufacturerStrDescriptor  usbd_desc.o
    0x0800fe0c   0x0800fe0c   0x00000040   Code   RO         9375    i.USBD_FS_ProductStrDescriptor  usbd_desc.o
    0x0800fe4c   0x0800fe4c   0x00000018   Code   RO         9376    i.USBD_FS_SerialStrDescriptor  usbd_desc.o
    0x0800fe64   0x0800fe64   0x00000056   Code   RO         9894    i.USBD_GetConfig    usbd_ctlreq.o
    0x0800feba   0x0800feba   0x000001fc   Code   RO         9895    i.USBD_GetDescriptor  usbd_ctlreq.o
    0x080100b6   0x080100b6   0x00000050   Code   RO         9729    i.USBD_GetEpDesc    usbd_core.o
    0x08010106   0x08010106   0x00000016   Code   RO         9896    i.USBD_GetLen       usbd_ctlreq.o
    0x0801011c   0x0801011c   0x00000014   Code   RO         9730    i.USBD_GetNextDesc  usbd_core.o
    0x08010130   0x08010130   0x0000005a   Code   RO         9897    i.USBD_GetStatus    usbd_ctlreq.o
    0x0801018a   0x0801018a   0x00000068   Code   RO         9898    i.USBD_GetString    usbd_ctlreq.o
    0x080101f2   0x080101f2   0x0000002c   Code   RO         9527    i.USBD_Get_USB_Status  usbd_conf.o
    0x0801021e   0x0801021e   0x0000003a   Code   RO         9731    i.USBD_Init         usbd_core.o
    0x08010258   0x08010258   0x00000026   Code   RO         9528    i.USBD_LL_ClearStallEP  usbd_conf.o
    0x0801027e   0x0801027e   0x00000026   Code   RO         9529    i.USBD_LL_CloseEP   usbd_conf.o
    0x080102a4   0x080102a4   0x00000110   Code   RO         9732    i.USBD_LL_DataInStage  usbd_core.o
    0x080103b4   0x080103b4   0x0000010a   Code   RO         9733    i.USBD_LL_DataOutStage  usbd_core.o
    0x080104be   0x080104be   0x00000006   Code   RO         9734    i.USBD_LL_DevConnected  usbd_core.o
    0x080104c4   0x080104c4   0x00000026   Code   RO         9735    i.USBD_LL_DevDisconnected  usbd_core.o
    0x080104ea   0x080104ea   0x00000012   Code   RO         9533    i.USBD_LL_GetRxDataSize  usbd_conf.o
    0x080104fc   0x080104fc   0x00000068   Code   RO         9534    i.USBD_LL_Init      usbd_conf.o
    0x08010564   0x08010564   0x00000038   Code   RO         9535    i.USBD_LL_IsStallEP  usbd_conf.o
    0x0801059c   0x0801059c   0x00000048   Code   RO         9736    i.USBD_LL_IsoINIncomplete  usbd_core.o
    0x080105e4   0x080105e4   0x00000048   Code   RO         9737    i.USBD_LL_IsoOUTIncomplete  usbd_core.o
    0x0801062c   0x0801062c   0x00000030   Code   RO         9536    i.USBD_LL_OpenEP    usbd_conf.o
    0x0801065c   0x0801065c   0x00000030   Code   RO         9537    i.USBD_LL_PrepareReceive  usbd_conf.o
    0x0801068c   0x0801068c   0x0000006e   Code   RO         9738    i.USBD_LL_Reset     usbd_core.o
    0x080106fa   0x080106fa   0x00000016   Code   RO         9739    i.USBD_LL_Resume    usbd_core.o
    0x08010710   0x08010710   0x00000028   Code   RO         9740    i.USBD_LL_SOF       usbd_core.o
    0x08010738   0x08010738   0x00000008   Code   RO         9741    i.USBD_LL_SetSpeed  usbd_core.o
    0x08010740   0x08010740   0x00000026   Code   RO         9538    i.USBD_LL_SetUSBAddress  usbd_conf.o
    0x08010766   0x08010766   0x00000076   Code   RO         9742    i.USBD_LL_SetupStage  usbd_core.o
    0x080107dc   0x080107dc   0x00000026   Code   RO         9539    i.USBD_LL_StallEP   usbd_conf.o
    0x08010802   0x08010802   0x0000001e   Code   RO         9540    i.USBD_LL_Start     usbd_conf.o
    0x08010820   0x08010820   0x0000001c   Code   RO         9743    i.USBD_LL_Suspend   usbd_core.o
    0x0801083c   0x0801083c   0x00000030   Code   RO         9542    i.USBD_LL_Transmit  usbd_conf.o
    0x0801086c   0x0801086c   0x00000036   Code   RO         9899    i.USBD_ParseSetupRequest  usbd_ctlreq.o
    0x080108a2   0x080108a2   0x00000048   Code   RO         9744    i.USBD_RegisterClass  usbd_core.o
    0x080108ea   0x080108ea   0x00000006   Code   RO         9745    i.USBD_RunTestMode  usbd_core.o
    0x080108f0   0x080108f0   0x0000005a   Code   RO         9900    i.USBD_SetAddress   usbd_ctlreq.o
    0x0801094a   0x0801094a   0x00000020   Code   RO         9746    i.USBD_SetClassConfig  usbd_core.o
    0x0801096a   0x0801096a   0x00000002   PAD
    0x0801096c   0x0801096c   0x00000104   Code   RO         9901    i.USBD_SetConfig    usbd_ctlreq.o
    0x08010a70   0x08010a70   0x00000038   Code   RO         9902    i.USBD_SetFeature   usbd_ctlreq.o
    0x08010aa8   0x08010aa8   0x0000000c   Code   RO         9747    i.USBD_Start        usbd_core.o
    0x08010ab4   0x08010ab4   0x000000ae   Code   RO         9903    i.USBD_StdDevReq    usbd_ctlreq.o
    0x08010b62   0x08010b62   0x00000284   Code   RO         9904    i.USBD_StdEPReq     usbd_ctlreq.o
    0x08010de6   0x08010de6   0x000000ae   Code   RO         9905    i.USBD_StdItfReq    usbd_ctlreq.o
    0x08010e94   0x08010e94   0x00000002   Code   RO         9543    i.USBD_static_free  usbd_conf.o
    0x08010e96   0x08010e96   0x00000002   PAD
    0x08010e98   0x08010e98   0x0000000c   Code   RO         9544    i.USBD_static_malloc  usbd_conf.o
    0x08010ea4   0x08010ea4   0x000000d0   Code   RO         2157    i.USB_ActivateEndpoint  stm32f4xx_ll_usb.o
    0x08010f74   0x08010f74   0x00000028   Code   RO         2159    i.USB_ActivateSetup  stm32f4xx_ll_usb.o
    0x08010f9c   0x08010f9c   0x0000008c   Code   RO         2161    i.USB_CoreInit      stm32f4xx_ll_usb.o
    0x08011028   0x08011028   0x00000062   Code   RO         2162    i.USB_CoreReset     stm32f4xx_ll_usb.o
    0x0801108a   0x0801108a   0x00000002   PAD
    0x0801108c   0x0801108c   0x0000014c   Code   RO         2165    i.USB_DeactivateEndpoint  stm32f4xx_ll_usb.o
    0x080111d8   0x080111d8   0x00000024   Code   RO         2166    i.USB_DevConnect    stm32f4xx_ll_usb.o
    0x080111fc   0x080111fc   0x00000024   Code   RO         2167    i.USB_DevDisconnect  stm32f4xx_ll_usb.o
    0x08011220   0x08011220   0x000001e8   Code   RO         2168    i.USB_DevInit       stm32f4xx_ll_usb.o
    0x08011408   0x08011408   0x0000000e   Code   RO         2169    i.USB_DisableGlobalInt  stm32f4xx_ll_usb.o
    0x08011416   0x08011416   0x00000002   PAD
    0x08011418   0x08011418   0x00000070   Code   RO         2172    i.USB_EP0_OutStart  stm32f4xx_ll_usb.o
    0x08011488   0x08011488   0x0000008e   Code   RO         2173    i.USB_EPClearStall  stm32f4xx_ll_usb.o
    0x08011516   0x08011516   0x0000009a   Code   RO         2174    i.USB_EPSetStall    stm32f4xx_ll_usb.o
    0x080115b0   0x080115b0   0x000003c0   Code   RO         2175    i.USB_EPStartXfer   stm32f4xx_ll_usb.o
    0x08011970   0x08011970   0x000000ec   Code   RO         2176    i.USB_EPStopXfer    stm32f4xx_ll_usb.o
    0x08011a5c   0x08011a5c   0x0000000e   Code   RO         2177    i.USB_EnableGlobalInt  stm32f4xx_ll_usb.o
    0x08011a6a   0x08011a6a   0x00000050   Code   RO         2178    i.USB_FlushRxFifo   stm32f4xx_ll_usb.o
    0x08011aba   0x08011aba   0x00000054   Code   RO         2179    i.USB_FlushTxFifo   stm32f4xx_ll_usb.o
    0x08011b0e   0x08011b0e   0x00000026   Code   RO         2181    i.USB_GetDevSpeed   stm32f4xx_ll_usb.o
    0x08011b34   0x08011b34   0x0000000a   Code   RO         2183    i.USB_GetMode       stm32f4xx_ll_usb.o
    0x08011b3e   0x08011b3e   0x00000018   Code   RO         5951    i.USB_ProcessTask   usb.o
    0x08011b56   0x08011b56   0x00000014   Code   RO         2191    i.USB_ReadDevAllInEpInterrupt  stm32f4xx_ll_usb.o
    0x08011b6a   0x08011b6a   0x00000014   Code   RO         2192    i.USB_ReadDevAllOutEpInterrupt  stm32f4xx_ll_usb.o
    0x08011b7e   0x08011b7e   0x00000032   Code   RO         2193    i.USB_ReadDevInEPInterrupt  stm32f4xx_ll_usb.o
    0x08011bb0   0x08011bb0   0x0000001a   Code   RO         2194    i.USB_ReadDevOutEPInterrupt  stm32f4xx_ll_usb.o
    0x08011bca   0x08011bca   0x0000000a   Code   RO         2195    i.USB_ReadInterrupts  stm32f4xx_ll_usb.o
    0x08011bd4   0x08011bd4   0x00000060   Code   RO         2196    i.USB_ReadPacket    stm32f4xx_ll_usb.o
    0x08011c34   0x08011c34   0x0000006c   Code   RO         5953    i.USB_RxHandler     usb.o
    0x08011ca0   0x08011ca0   0x00000068   Code   RO         2198    i.USB_SetCurrentMode  stm32f4xx_ll_usb.o
    0x08011d08   0x08011d08   0x0000002a   Code   RO         2199    i.USB_SetDevAddress  stm32f4xx_ll_usb.o
    0x08011d32   0x08011d32   0x00000012   Code   RO         2200    i.USB_SetDevSpeed   stm32f4xx_ll_usb.o
    0x08011d44   0x08011d44   0x000000e8   Code   RO         2201    i.USB_SetTurnaroundTime  stm32f4xx_ll_usb.o
    0x08011e2c   0x08011e2c   0x00000094   Code   RO         5955    i.USB_TransmitCopy  usb.o
    0x08011ec0   0x08011ec0   0x00000048   Code   RO         5957    i.USB_TxCompleteHandler  usb.o
    0x08011f08   0x08011f08   0x00000064   Code   RO         5958    i.USB_TxTask        usb.o
    0x08011f6c   0x08011f6c   0x00000044   Code   RO         2204    i.USB_WritePacket   stm32f4xx_ll_usb.o
    0x08011fb0   0x08011fb0   0x00000004   Code   RO          711    i.UsageFault_Handler  stm32f4xx_it.o
    0x08011fb4   0x08011fb4   0x00000038   Code   RO          341    i.Usb_f             freertos.o
    0x08011fec   0x08011fec   0x000001a8   Code   RO         6591    i.UserKeyDebugTask  test.o
    0x08012194   0x08012194   0x00000026   Code   RO        10639    i.__ARM_fpclassifyf  m_wm.l(fpclassifyf.o)
    0x080121ba   0x080121ba   0x00000012   Code   RO         5104    i.__ARM_isfinitef   dmmotor.o
    0x080121cc   0x080121cc   0x00000012   Code   RO         6735    i.__ARM_isfinitef   arm.o
    0x080121de   0x080121de   0x00000012   Code   RO         7172    i.__ARM_isfinitef   arm_kinematics.o
    0x080121f0   0x080121f0   0x00000012   Code   RO         7289    i.__ARM_isfinitef   arm_trajectory.o
    0x08012202   0x08012202   0x00000012   Code   RO         7607    i.__ARM_isfinitef   arm_tool.o
    0x08012214   0x08012214   0x00000012   Code   RO         7779    i.__ARM_isfinitef   arm_usb_bridge.o
    0x08012226   0x08012226   0x00000002   PAD
    0x08012228   0x08012228   0x00000010   Code   RO         3272    i.__NVIC_GetPriorityGrouping  stm32f4xx_hal_cortex.o
    0x08012238   0x08012238   0x00000028   Code   RO         3273    i.__NVIC_SetPriority  stm32f4xx_hal_cortex.o
    0x08012260   0x08012260   0x00000118   Code   RO        10459    i.__hardfp_acosf    m_wm.l(acosf.o)
    0x08012378   0x08012378   0x000002ac   Code   RO        10483    i.__hardfp_atan2f   m_wm.l(atan2f.o)
    0x08012624   0x08012624   0x0000006c   Code   RO        10495    i.__hardfp_ceilf    m_wm.l(ceilf.o)
    0x08012690   0x08012690   0x00000150   Code   RO        10501    i.__hardfp_cosf     m_wm.l(cosf.o)
    0x080127e0   0x080127e0   0x00000048   Code   RO        10537    i.__hardfp_fmaxf    m_wm.l(fmaxf.o)
    0x08012828   0x08012828   0x00000048   Code   RO        10541    i.__hardfp_fminf    m_wm.l(fminf.o)
    0x08012870   0x08012870   0x00000190   Code   RO        10513    i.__hardfp_sinf     m_wm.l(sinf.o)
    0x08012a00   0x08012a00   0x0000003a   Code   RO        10525    i.__hardfp_sqrtf    m_wm.l(sqrtf.o)
    0x08012a3a   0x08012a3a   0x00000006   Code   RO        10642    i.__mathlib_flt_infnan  m_wm.l(funder.o)
    0x08012a40   0x08012a40   0x00000006   Code   RO        10643    i.__mathlib_flt_infnan2  m_wm.l(funder.o)
    0x08012a46   0x08012a46   0x00000002   PAD
    0x08012a48   0x08012a48   0x00000010   Code   RO        10644    i.__mathlib_flt_invalid  m_wm.l(funder.o)
    0x08012a58   0x08012a58   0x00000010   Code   RO        10647    i.__mathlib_flt_underflow  m_wm.l(funder.o)
    0x08012a68   0x08012a68   0x00000154   Code   RO        10655    i.__mathlib_rredf2  m_wm.l(rredf.o)
    0x08012bbc   0x08012bbc   0x00000022   Code   RO         6592    i.all_cmd_Task      test.o
    0x08012bde   0x08012bde   0x00000002   PAD
    0x08012be0   0x08012be0   0x00000060   Code   RO         6593    i.all_init_Task     test.o
    0x08012c40   0x08012c40   0x00000026   Code   RO         6056    i.crc_update        protocol.o
    0x08012c66   0x08012c66   0x00000002   PAD
    0x08012c68   0x08012c68   0x0000022c   Code   RO         6057    i.dispatch          protocol.o
    0x08012e94   0x08012e94   0x000000c8   Code   RO         4872    i.f_Changing_Integration_Rate  controller.o
    0x08012f5c   0x08012f5c   0x00000042   Code   RO         4873    i.f_Derivative_Filter  controller.o
    0x08012f9e   0x08012f9e   0x00000022   Code   RO         4874    i.f_Derivative_On_Measurement  controller.o
    0x08012fc0   0x08012fc0   0x000000d4   Code   RO         4875    i.f_Integral_Limit  controller.o
    0x08013094   0x08013094   0x00000042   Code   RO         4876    i.f_Output_Filter   controller.o
    0x080130d6   0x080130d6   0x0000003e   Code   RO         4877    i.f_Output_Limit    controller.o
    0x08013114   0x08013114   0x000000bc   Code   RO         4878    i.f_PID_ErrorHandle  controller.o
    0x080131d0   0x080131d0   0x00000084   Code   RO         4879    i.f_Trapezoid_Intergral  controller.o
    0x08013254   0x08013254   0x0000000a   Code   RO         4880    i.fabsf             controller.o
    0x0801325e   0x0801325e   0x0000000a   Code   RO         7290    i.fabsf             arm_trajectory.o
    0x08013268   0x08013268   0x0000000a   Code   RO         7608    i.fabsf             arm_tool.o
    0x08013272   0x08013272   0x00000048   Code   RO           16    i.main              main.o
    0x080132ba   0x080132ba   0x0000000e   Code   RO         8819    i.makeFreeRtosPriority  cmsis_os.o
    0x080132c8   0x080132c8   0x0000000c   Code   RO         7780    i.on_receive_TargetControl  arm_usb_bridge.o
    0x080132d4   0x080132d4   0x0000000c   Code   RO         7781    i.on_receive_TaskStatus  arm_usb_bridge.o
    0x080132e0   0x080132e0   0x00000018   Code   RO         8821    i.osDelay           cmsis_os.o
    0x080132f8   0x080132f8   0x0000000a   Code   RO         8824    i.osKernelStart     cmsis_os.o
    0x08013302   0x08013302   0x0000005e   Code   RO         8858    i.osThreadCreate    cmsis_os.o
    0x08013360   0x08013360   0x0000000c   Code   RO         6061    i.protocol_connection_ready  protocol.o
    0x0801336c   0x0801336c   0x00000022   Code   RO         6062    i.protocol_crc8     protocol.o
    0x0801338e   0x0801338e   0x00000002   PAD
    0x08013390   0x08013390   0x00000158   Code   RO         6063    i.protocol_fsm_feed  protocol.o
    0x080134e8   0x080134e8   0x00000008   Code   RO         6064    i.protocol_get_debug  protocol.o
    0x080134f0   0x080134f0   0x0000001c   Code   RO         6065    i.protocol_init     protocol.o
    0x0801350c   0x0801350c   0x0000000c   Code   RO         6066    i.protocol_link_is_online  protocol.o
    0x08013518   0x08013518   0x00000094   Code   RO         6067    i.protocol_reset_connection  protocol.o
    0x080135ac   0x080135ac   0x00000094   Code   RO         6068    i.protocol_send_callback_status  protocol.o
    0x08013640   0x08013640   0x00000098   Code   RO         6069    i.protocol_send_motion_status  protocol.o
    0x080136d8   0x080136d8   0x00000084   Code   RO         6070    i.protocol_service_callback  protocol.o
    0x0801375c   0x0801375c   0x00000084   Code   RO         6071    i.protocol_service_motion  protocol.o
    0x080137e0   0x080137e0   0x00000078   Code   RO         6072    i.protocol_tick     protocol.o
    0x08013858   0x08013858   0x00000098   Code   RO         8484    i.prvAddCurrentTaskToDelayedList  tasks.o
    0x080138f0   0x080138f0   0x000000b4   Code   RO         8485    i.prvAddNewTaskToReadyList  tasks.o
    0x080139a4   0x080139a4   0x00000048   Code   RO         8486    i.prvCheckTasksWaitingTermination  tasks.o
    0x080139ec   0x080139ec   0x00000050   Code   RO         8487    i.prvDeleteTCB      tasks.o
    0x08013a3c   0x08013a3c   0x0000007c   Code   RO         9186    i.prvHeapInit       heap_4.o
    0x08013ab8   0x08013ab8   0x00000028   Code   RO         8488    i.prvIdleTask       tasks.o
    0x08013ae0   0x08013ae0   0x000000b4   Code   RO         8489    i.prvInitialiseNewTask  tasks.o
    0x08013b94   0x08013b94   0x00000068   Code   RO         8490    i.prvInitialiseTaskLists  tasks.o
    0x08013bfc   0x08013bfc   0x00000068   Code   RO         9187    i.prvInsertBlockIntoFreeList  heap_4.o
    0x08013c64   0x08013c64   0x00000034   Code   RO         8491    i.prvResetNextTaskUnblockTime  tasks.o
    0x08013c98   0x08013c98   0x00000040   Code   RO         9255    i.prvTaskExitError  port.o
    0x08013cd8   0x08013cd8   0x0000014c   Code   RO         9188    i.pvPortMalloc      heap_4.o
    0x08013e24   0x08013e24   0x0000002c   Code   RO         9256    i.pxPortInitialiseStack  port.o
    0x08013e50   0x08013e50   0x00000038   Code   RO         6073    i.send_ack          protocol.o
    0x08013e88   0x08013e88   0x00000038   Code   RO         6074    i.send_callback_head  protocol.o
    0x08013ec0   0x08013ec0   0x000000ec   Code   RO         6075    i.send_frame        protocol.o
    0x08013fac   0x08013fac   0x00000038   Code   RO         6076    i.send_motion_status_head  protocol.o
    0x08013fe4   0x08013fe4   0x00000018   Code   RO         5959    i.serial_write      usb.o
    0x08013ffc   0x08013ffc   0x0000003e   Code   RO        10527    i.sqrtf             m_wm.l(sqrtf.o)
    0x0801403a   0x0801403a   0x00000028   Code   RO         8113    i.uxListRemove      list.o
    0x08014062   0x08014062   0x00000002   PAD
    0x08014064   0x08014064   0x00000018   Code   RO          342    i.vApplicationGetIdleTaskMemory  freertos.o
    0x0801407c   0x0801407c   0x0000001a   Code   RO         8114    i.vListInitialise   list.o
    0x08014096   0x08014096   0x00000006   Code   RO         8115    i.vListInitialiseItem  list.o
    0x0801409c   0x0801409c   0x00000034   Code   RO         8116    i.vListInsert       list.o
    0x080140d0   0x080140d0   0x00000018   Code   RO         8117    i.vListInsertEnd    list.o
    0x080140e8   0x080140e8   0x00000054   Code   RO         9258    i.vPortEnterCritical  port.o
    0x0801413c   0x0801413c   0x0000003c   Code   RO         9259    i.vPortExitCritical  port.o
    0x08014178   0x08014178   0x000000a4   Code   RO         9189    i.vPortFree         heap_4.o
    0x0801421c   0x0801421c   0x00000028   Code   RO         9260    i.vPortSetupTimerInterrupt  port.o
    0x08014244   0x08014244   0x0000005c   Code   RO         8500    i.vTaskDelay        tasks.o
    0x080142a0   0x080142a0   0x000000b0   Code   RO         8514    i.vTaskStartScheduler  tasks.o
    0x08014350   0x08014350   0x00000010   Code   RO         8516    i.vTaskSuspendAll   tasks.o
    0x08014360   0x08014360   0x0000008c   Code   RO         8517    i.vTaskSwitchContext  tasks.o
    0x080143ec   0x080143ec   0x00000168   Code   RO         9262    i.xPortStartScheduler  port.o
    0x08014554   0x08014554   0x00000064   Code   RO         8520    i.xTaskCreate       tasks.o
    0x080145b8   0x080145b8   0x000000ba   Code   RO         8521    i.xTaskCreateStatic  tasks.o
    0x08014672   0x08014672   0x00000002   PAD
    0x08014674   0x08014674   0x00000148   Code   RO         8528    i.xTaskIncrementTick  tasks.o
    0x080147bc   0x080147bc   0x00000104   Code   RO         8534    i.xTaskResumeAll    tasks.o
    0x080148c0   0x080148c0   0x00000062   Code   RO        10443    x$fpl$d2f           fz_wm.l(d2f.o)
    0x08014922   0x08014922   0x00000002   PAD
    0x08014924   0x08014924   0x000002b0   Code   RO        10446    x$fpl$ddiv          fz_wm.l(ddiv.o)
    0x08014bd4   0x08014bd4   0x00000154   Code   RO        10455    x$fpl$dmul          fz_wm.l(dmul.o)
    0x08014d28   0x08014d28   0x0000009c   Code   RO        10626    x$fpl$dnaninf       fz_wm.l(dnaninf.o)
    0x08014dc4   0x08014dc4   0x0000000c   Code   RO        10628    x$fpl$dretinf       fz_wm.l(dretinf.o)
    0x08014dd0   0x08014dd0   0x00000056   Code   RO        10457    x$fpl$f2d           fz_wm.l(f2d.o)
    0x08014e26   0x08014e26   0x00000002   PAD
    0x08014e28   0x08014e28   0x00000052   Code   RO        10630    x$fpl$fcmp4         fz_wm.l(fcmp4.o)
    0x08014e7a   0x08014e7a   0x00000018   Code   RO        10702    x$fpl$fcmpinf       fz_wm.l(fcmpi.o)
    0x08014e92   0x08014e92   0x0000008c   Code   RO        10634    x$fpl$fnaninf       fz_wm.l(fnaninf.o)
    0x08014f1e   0x08014f1e   0x0000000a   Code   RO        10704    x$fpl$fpinit        fz_wm.l(fpinit.o)
    0x08014f28   0x08014f28   0x0000000a   Code   RO        10636    x$fpl$fretinf       fz_wm.l(fretinf.o)
    0x08014f32   0x08014f32   0x00000000   Code   RO        10638    x$fpl$usenofp       fz_wm.l(usenofp.o)
    0x08014f32   0x08014f32   0x00000002   PAD
    0x08014f34   0x08014f34   0x00000070   Data   RO          344    .constdata          freertos.o
    0x08014fa4   0x08014fa4   0x00000008   Data   RO         2986    .constdata          stm32f4xx_hal_dma.o
    0x08014fac   0x08014fac   0x00000018   Data   RO         4598    .constdata          system_stm32f4xx.o
    0x08014fc4   0x08014fc4   0x0000000f   Data   RO         6737    .constdata          arm.o
    0x08014fd3   0x08014fd3   0x00000001   PAD
    0x08014fd4   0x08014fd4   0x00000024   Data   RO         7292    .constdata          arm_trajectory.o
    0x08014ff8   0x08014ff8   0x00000020   Data   RO        10656    .constdata          m_wm.l(rredf.o)
    0x08015018   0x08015018   0x00000028   Data   RO          345    .conststring        freertos.o
    0x08015040   0x08015040   0x00000040   Data   RO        10795    Region$$Table       anon$$obj.o


    Execution Region RW_IRAM1 (Exec base: 0x20000000, Load base: 0x08015080, Size: 0x00019078, Max: 0x0001c000, ABSOLUTE, COMPRESSED[0x0000002c])

    Exec Addr    Load Addr    Size         Type   Attr      Idx    E Section Name        Object

    0x20000000   COMPRESSED   0x00000010   Data   RW          346    .data               freertos.o
    0x20000010   COMPRESSED   0x00000004   Data   RW         4599    .data               system_stm32f4xx.o
    0x20000014   COMPRESSED   0x0000000c   Data   RW         4642    .data               bsp_can.o
    0x20000020   COMPRESSED   0x00000048   Data   RW         4711    .data               bsp_dwt.o
    0x20000068   COMPRESSED   0x0000018d   Data   RW         4996    .data               dji_motor.o
    0x200001f5   COMPRESSED   0x00000003   PAD
    0x200001f8   COMPRESSED   0x0000000a   Data   RW         5106    .data               dmmotor.o
    0x20000202   COMPRESSED   0x00000001   Data   RW         5341    .data               daemon.o
    0x20000203   COMPRESSED   0x00000001   PAD
    0x20000204   COMPRESSED   0x00000018   Data   RW         6078    .data               protocol.o
    0x2000021c   COMPRESSED   0x00000008   Data   RW         7540    .data               arm_wrist.o
    0x20000224   COMPRESSED   0x00000001   Data   RW         9906    .data               usbd_ctlreq.o
    0x20000225   COMPRESSED   0x00000003   PAD
    0x20000228        -       0x00000050   Zero   RW          469    .bss                can.o
    0x20000278        -       0x00000118   Zero   RW          541    .bss                spi.o
    0x20000390        -       0x000000d8   Zero   RW          586    .bss                tim.o
    0x20000468        -       0x00000048   Zero   RW          851    .bss                stm32f4xx_hal_timebase_tim.o
    0x200004b0        -       0x0000003c   Zero   RW         4788    .bss                bsp_usart.o
    0x200004ec        -       0x00000030   Zero   RW         4994    .bss                dji_motor.o
    0x2000051c        -       0x00000014   Zero   RW         5105    .bss                dmmotor.o
    0x20000530        -       0x00000080   Zero   RW         5340    .bss                daemon.o
    0x200005b0        -       0x0000061c   Zero   RW         5960    .bss                usb.o
    0x20000bcc        -       0x00001988   Zero   RW         7291    .bss                arm_trajectory.o
    0x20002554        -       0x000000c0   Zero   RW         7782    .bss                arm_usb_bridge.o
    0x20002614        -       0x00004e20   Zero   RW         9194    .bss                heap_4.o
    0x20007434        -       0x000002dc   Zero   RW         9334    .bss                usb_device.o
    0x20007710        -       0x00000200   Zero   RW         9377    .bss                usbd_desc.o
    0x20007910        -       0x00001000   Zero   RW         9455    .bss                usbd_cdc_if.o
    0x20008910        -       0x00000704   Zero   RW         9545    .bss                usbd_conf.o
    0x20009014        -       0x00000060   Zero   RW        10661    .bss                c_w.l(libspace.o)
    0x20009074   COMPRESSED   0x00000004   PAD
    0x20009078        -       0x00008000   Zero   RW            2    HEAP                startup_stm32f407xx.o
    0x20011078        -       0x00008000   Zero   RW            1    STACK               startup_stm32f407xx.o


    Execution Region RW_IRAM2 (Exec base: 0x2001c000, Load base: 0x080150ac, Size: 0x00001074, Max: 0x00004000, ABSOLUTE, COMPRESSED[0x000000c0])

    Exec Addr    Load Addr    Size         Type   Attr      Idx    E Section Name        Object

    0x2001c000   COMPRESSED   0x00000004   Data   RW          470    .data               can.o
    0x2001c004   COMPRESSED   0x00000009   Data   RW         3436    .data               stm32f4xx_hal.o
    0x2001c00d   COMPRESSED   0x00000002   Data   RW         4789    .data               bsp_usart.o
    0x2001c00f   COMPRESSED   0x00000001   PAD
    0x2001c010   COMPRESSED   0x00000008   Data   RW         4881    .data               controller.o
    0x2001c018   COMPRESSED   0x0000001d   Data   RW         5961    .data               usb.o
    0x2001c035   COMPRESSED   0x00000003   PAD
    0x2001c038   COMPRESSED   0x00000048   Data   RW         7783    .data               arm_usb_bridge.o
    0x2001c080   COMPRESSED   0x0000003c   Data   RW         8537    .data               tasks.o
    0x2001c0bc   COMPRESSED   0x00000020   Data   RW         9195    .data               heap_4.o
    0x2001c0dc   COMPRESSED   0x0000000c   Data   RW         9263    .data               port.o
    0x2001c0e8   COMPRESSED   0x0000004e   Data   RW         9378    .data               usbd_desc.o
    0x2001c136   COMPRESSED   0x00000002   PAD
    0x2001c138   COMPRESSED   0x00000014   Data   RW         9456    .data               usbd_cdc_if.o
    0x2001c14c   COMPRESSED   0x0000008a   Data   RW        10077    .data               usbd_cdc.o
    0x2001c1d6   COMPRESSED   0x00000002   PAD
    0x2001c1d8        -       0x00000264   Zero   RW          343    .bss                freertos.o
    0x2001c43c        -       0x00000198   Zero   RW          645    .bss                usart.o
    0x2001c5d4        -       0x0000005c   Zero   RW         4641    .bss                bsp_can.o
    0x2001c630        -       0x000000f4   Zero   RW         6077    .bss                protocol.o
    0x2001c724        -       0x00000184   Zero   RW         6230    .bss                hsl_servo.o
    0x2001c8a8        -       0x00000018   Zero   RW         6423    .bss                buzzer.o
    0x2001c8c0        -       0x00000078   Zero   RW         6594    .bss                test.o
    0x2001c938        -       0x000005c0   Zero   RW         6736    .bss                arm.o
    0x2001cef8        -       0x0000008c   Zero   RW         7609    .bss                arm_tool.o
    0x2001cf84        -       0x000000f0   Zero   RW         8536    .bss                tasks.o


==============================================================================

Image component sizes


      Code (inc. data)   RO Data    RW Data    ZI Data      Debug   Object Name

     11300        766         15          0       1472      70196   arm.o
      2172        180          0          0          0      24703   arm_kinematics.o
      3056        220          0          0        140      19862   arm_tool.o
     10848        510         36          0       6536      53378   arm_trajectory.o
      4232        572          0         72        192      25143   arm_usb_bridge.o
        24          4          0          8          0        695   arm_wrist.o
       646         50          0         12         92       6604   bsp_can.o
       552        104          0         72          0       4172   bsp_dwt.o
       410         26          0          2         60       6534   bsp_usart.o
       220         32          0          0         24       2874   buzzer.o
       520         44          0          4         80       2578   can.o
       142          0          0          0          0      23095   cmsis_os.o
      1358         50          0          8          0      12186   controller.o
        66         10          0          1        128       2408   daemon.o
       468         16          0        397         48       8518   dji_motor.o
       136          6          0          0          0        950   dma.o
      1674         58          0         10         20      21021   dmmotor.o
         0          0          0          0          0      14408   event_groups.o
       242         32        152         16        612      15717   freertos.o
       580         24          0          0          0       1471   gpio.o
       724         74          0         32      20000       7535   heap_4.o
      2070         98          0          0        388      13113   hsl_servo.o
       148          0          0          0          0       3686   list.o
       282         14          0          0          0     763520   main.o
       894         78          0         12          0      11252   port.o
      2268        310          0         24        244      16665   protocol.o
         0          0          0          0          0        392   ramp_contorller.o
        10          0          0          0          0        495   robot_cmd.o
       432         38          0          0        280       2059   spi.o
        64         26        392          0      65536        844   startup_stm32f407xx.o
       136         24          0          9          0       8854   stm32f4xx_hal.o
      2236          4          0          0          0      15378   stm32f4xx_hal_can.o
       260         22          0          0          0      33558   stm32f4xx_hal_cortex.o
      1442         16          8          0          0       7757   stm32f4xx_hal_dma.o
       528         46          0          0          0       2907   stm32f4xx_hal_gpio.o
        84          6          0          0          0        986   stm32f4xx_hal_msp.o
      3562         16          0          0          0      13928   stm32f4xx_hal_pcd.o
        90          0          0          0          0       2561   stm32f4xx_hal_pcd_ex.o
      1888         94          0          0          0       6413   stm32f4xx_hal_rcc.o
       570          6          0          0          0       3564   stm32f4xx_hal_spi.o
      2526        150          0          0          0      17427   stm32f4xx_hal_tim.o
       300         30          0          0          0       3477   stm32f4xx_hal_tim_ex.o
       180         20          0          0         72       1596   stm32f4xx_hal_timebase_tim.o
      3836         40          0          0          0      21599   stm32f4xx_hal_uart.o
       214         72          0          0          0       8867   stm32f4xx_it.o
      3908         84          0          0          0      22980   stm32f4xx_ll_usb.o
        20          6         24          4          0       1251   system_stm32f4xx.o
      2158        270          0         60        240      20569   tasks.o
       558         30          0          0        120       5958   test.o
       880         70          0          0        216       4196   tim.o
       764         82          0          0        408       3426   usart.o
       536         86          0         29       1564      11714   usb.o
        76         16          0          0        732        780   usb_device.o
      1772         52          0        138          0      14389   usbd_cdc.o
       222         22          0         20       4096       4448   usbd_cdc_if.o
      1004         24          0          0       1796      17752   usbd_conf.o
      1372          0          0          0          0      16685   usbd_core.o
      2366         30          0          1          0      18076   usbd_ctlreq.o
       386        122          0         78        512       7021   usbd_desc.o
       182          0          0          0          0       4848   usbd_ioreq.o
         0          0          0          0          0        976   user_lib.o

    ----------------------------------------------------------------------
     79692       4782        692       1024     105608    1440015   Object Totals
         0          0         64          0          0          0   (incl. Generated)
        98          0          1         15          0          0   (incl. Padding)

    ----------------------------------------------------------------------

      Code (inc. data)   RO Data    RW Data    ZI Data      Debug   Library Member Name

        90          0          0          0          0          0   __dczerorl2.o
         8          0          0          0          0         68   __main.o
         0          0          0          0          0          0   __rtentry.o
        12          0          0          0          0          0   __rtentry2.o
         6          0          0          0          0          0   __rtentry4.o
        52          8          0          0          0          0   __scatter.o
        28          0          0          0          0          0   __scatter_zi.o
        22          0          0          0          0        100   _rserrno.o
        16          0          0          0          0         68   aeabi_memset.o
        10          0          0          0          0         68   defsig_exit.o
        50          0          0          0          0         88   defsig_general.o
        80         58          0          0          0         76   defsig_rtmem_inner.o
        14          0          0          0          0         80   defsig_rtmem_outer.o
        18          0          0          0          0         80   exit.o
        94          0          0          0          0         80   h1_alloc.o
        52          0          0          0          0         68   h1_extend.o
        78          0          0          0          0         80   h1_free.o
        14          0          0          0          0         84   h1_init.o
         6          0          0          0          0        152   heapauxi.o
         4          0          0          0          0        136   hguard.o
         0          0          0          0          0          0   indicate_semi.o
       138          0          0          0          0        168   init_alloc.o
         2          0          0          0          0          0   libinit.o
        14          0          0          0          0          0   libinit2.o
         2          0          0          0          0          0   libshutdown.o
         2          0          0          0          0          0   libshutdown2.o
         8          4          0          0         96         68   libspace.o
       238          0          0          0          0        100   lludivv7m.o
         0          0          0          0          0          0   maybetermalloc1.o
         8          4          0          0          0         68   rt_errno_addr_intlibspace.o
         8          4          0          0          0         68   rt_heap_descriptor_intlibspace.o
        68          0          0          0          0         68   rt_memclr.o
        78          0          0          0          0         80   rt_memclr_w.o
       138          0          0          0          0         68   rt_memcpy_v6.o
       100          0          0          0          0         80   rt_memcpy_w.o
         2          0          0          0          0          0   rtexit.o
        10          0          0          0          0          0   rtexit2.o
        12          4          0          0          0         68   sys_exit.o
        74          0          0          0          0         80   sys_stackheap_outer.o
        14          0          0          0          0         76   sys_wrch.o
         2          0          0          0          0         68   use_no_semi.o
        98          4          0          0          0        140   d2f.o
       688        140          0          0          0        256   ddiv.o
       340         12          0          0          0        152   dmul.o
       156          4          0          0          0        140   dnaninf.o
        12          0          0          0          0        116   dretinf.o
        86          4          0          0          0        132   f2d.o
        82          4          0          0          0        160   fcmp4.o
        24          0          0          0          0        116   fcmpi.o
       140          4          0          0          0        132   fnaninf.o
        10          0          0          0          0        116   fpinit.o
        10          0          0          0          0        116   fretinf.o
         0          0          0          0          0          0   usenofp.o
       280         46          0          0          0        176   acosf.o
       684         90          0          0          0        208   atan2f.o
       108         10          0          0          0        116   ceilf.o
       336         56          0          0          0        136   cosf.o
        72          0          0          0          0        148   fmaxf.o
        72          0          0          0          0        148   fminf.o
        38          0          0          0          0        116   fpclassifyf.o
        44         12          0          0          0        464   funder.o
       340         24         32          0          0        160   rredf.o
       400         56          0          0          0        212   sinf.o
       120          0          0          0          0        272   sqrtf.o

    ----------------------------------------------------------------------
      5728        548         32          0        100       6020   Library Totals
        16          0          0          0          4          0   (incl. Padding)

    ----------------------------------------------------------------------

      Code (inc. data)   RO Data    RW Data    ZI Data      Debug   Library Name

      1572         82          0          0         96       2288   c_w.l
      1646        172          0          0          0       1576   fz_wm.l
      2494        294         32          0          0       2156   m_wm.l

    ----------------------------------------------------------------------
      5728        548         32          0        100       6020   Library Totals

    ----------------------------------------------------------------------

==============================================================================


      Code (inc. data)   RO Data    RW Data    ZI Data      Debug   

     85420       5330        724       1024     105708    1382187   Grand Totals
     85420       5330        724        236     105708    1382187   ELF Image Totals (compressed)
     85420       5330        724        236          0          0   ROM Totals

==============================================================================

    Total RO  Size (Code + RO Data)                86144 (  84.13kB)
    Total RW  Size (RW Data + ZI Data)            106732 ( 104.23kB)
    Total ROM Size (Code + RO Data + RW Data)      86380 (  84.36kB)

==============================================================================

