<html>
<body>
<pre>
<h1>�Vision Build Log</h1>
<h2>Tool Versions:</h2>
IDE-Version: ��Vision V5.36.0.0
Copyright (C) 2021 ARM Ltd and ARM Germany GmbH. All rights reserved.
License Information: ZHANG 1173725220@qq.com, CQU, LIC=32B1Q-NHTZI-LQT0Q-NB76Z-FM837-T69RK
 
Tool Versions:
Toolchain:       MDK-ARM Plus  Version: 5.36.0.0
Toolchain Path:  C:\Keil_v5\ARM\ARMCC\Bin
C Compiler:      Armcc.exe V5.06 update 7 (build 960)
Assembler:       Armasm.exe V5.06 update 7 (build 960)
Linker/Locator:  ArmLink.exe V5.06 update 7 (build 960)
Library Manager: ArmAr.exe V5.06 update 7 (build 960)
Hex Converter:   FromElf.exe V5.06 update 7 (build 960)
CPU DLL:         SARMCM3.DLL V5.36.0.0
Dialog DLL:      DCM.DLL V1.17.3.0
Target DLL:      CMSIS_AGDI.dll V1.33.0.0
Dialog DLL:      TCM.DLL V1.53.0.0
 
<h2>Project:</h2>
C:\Users\11737\Desktop\vison\Engineer\MDK-ARM\Engineer.uvprojx
Project File Date:  04/17/2026

<h2>Output:</h2>
*** Using Compiler 'V5.06 update 7 (build 960)', folder: 'C:\Keil_v5\ARM\ARMCC\Bin'
Build target 'Engineer'
assembling startup_stm32f407xx.s...
compiling tim.c...
compiling stm32f4xx_it.c...
compiling dma.c...
compiling stm32f4xx_hal_timebase_tim.c...
compiling gpio.c...
compiling stm32f4xx_hal_msp.c...
compiling spi.c...
compiling can.c...
compiling usart.c...
compiling stm32f4xx_hal_tim_ex.c...
compiling freertos.c...
../APPLICATION/nac.h(107): warning:  #1295-D: Deprecated declaration NacSend - give arg types
  void NacSend();
../APPLICATION/nac.h(117): warning:  #1-D: last line of file ends without a newline
  #endif
../APPLICATION/chassis/chassis.h(11): warning:  #1295-D: Deprecated declaration ChassisTest_OldVersion - give arg types
  void ChassisTest_OldVersion();
../APPLICATION/Test.h(5): warning:  #1295-D: Deprecated declaration all_init_Task - give arg types
  void all_init_Task();
../APPLICATION/Test.h(6): warning:  #1295-D: Deprecated declaration all_cmd_Task - give arg types
  void all_cmd_Task();
../APPLICATION/catch/catch.h(4): warning:  #1295-D: Deprecated declaration catch_init - give arg types
  void catch_init();
../APPLICATION/catch/catch.h(5): warning:  #1295-D: Deprecated declaration catch_all - give arg types
  void catch_all();
../APPLICATION/catch/catch.h(7): warning:  #1-D: last line of file ends without a newline
  #endif
../Core/Src/freertos.c: 8 warnings, 0 errors
compiling main.c...
../APPLICATION/nac.h(107): warning:  #1295-D: Deprecated declaration NacSend - give arg types
  void NacSend();
../APPLICATION/nac.h(117): warning:  #1-D: last line of file ends without a newline
  #endif
../APPLICATION/chassis/chassis.h(11): warning:  #1295-D: Deprecated declaration ChassisTest_OldVersion - give arg types
  void ChassisTest_OldVersion();
../APPLICATION/Test.h(5): warning:  #1295-D: Deprecated declaration all_init_Task - give arg types
  void all_init_Task();
../APPLICATION/Test.h(6): warning:  #1295-D: Deprecated declaration all_cmd_Task - give arg types
  void all_cmd_Task();
../Core/Src/main.c: 5 warnings, 0 errors
compiling stm32f4xx_hal_tim.c...
compiling stm32f4xx_hal_flash_ramfunc.c...
compiling stm32f4xx_hal_pcd_ex.c...
compiling stm32f4xx_hal_dma_ex.c...
compiling stm32f4xx_hal_flash_ex.c...
compiling stm32f4xx_hal_pcd.c...
compiling stm32f4xx_hal_flash.c...
compiling stm32f4xx_hal_dma.c...
compiling stm32f4xx_hal_pwr.c...
compiling stm32f4xx_hal_gpio.c...
compiling stm32f4xx_hal_rcc.c...
compiling stm32f4xx_hal_pwr_ex.c...
compiling stm32f4xx_hal_rcc_ex.c...
compiling stm32f4xx_ll_usb.c...
compiling stm32f4xx_hal_cortex.c...
compiling stm32f4xx_hal_exti.c...
compiling bsp_usart.c...
compiling system_stm32f4xx.c...
compiling stm32f4xx_hal_can.c...
compiling bsp_can.c...
compiling stm32f4xx_hal.c...
compiling controller.c...
..\MODULE\algorithm\controller.c(20): warning:  #1035-D: single-precision operand implicitly converted to double-precision
      pid->ITerm = pid->Ki * ((pid->Err + pid->Last_Err) / 2.0) * pid->dt;
..\MODULE\algorithm\controller.c: 1 warning, 0 errors
compiling DJI_motor.c...
compiling motor_task.c...
compiling bsp_dwt.c...
compiling stm32f4xx_hal_spi.c...
compiling stm32f4xx_hal_uart.c...
compiling protocol.c...
..\MODULE\protocol\protocol.c(108): warning:  #223-D: function "send_Handshake" declared implicitly
                  send_Handshake(&handshake);
..\MODULE\protocol\protocol.c(124): warning:  #159-D: declaration is incompatible with previous "send_Handshake"  (declared at line 108)
  void send_Handshake(const Packet_Handshake* pkt) {
..\MODULE\protocol\protocol.c: 2 warnings, 0 errors
compiling feite_motor.c...
compiling kalman_filter.c...
compiling QuaternionEKF.c...
compiling BMI088Middleware.c...
compiling hsl_servo.c...
..\MODULE\feite_motor\hsl_servo.h(58): warning:  #1-D: last line of file ends without a newline
  #endif
..\MODULE\feite_motor\hsl_servo.c(138): warning:  #177-D: variable "calSum"  was declared but never referenced
      uint8_t bBuf[4], calSum = 0;
..\MODULE\feite_motor\hsl_servo.c(190): warning:  #1-D: last line of file ends without a newline
  }
..\MODULE\feite_motor\hsl_servo.c(17): warning:  #550-D: variable "u8Status"  was set but never used
  static uint8_t u8Status;
..\MODULE\feite_motor\hsl_servo.c: 4 warnings, 0 errors
compiling daemon.c...
compiling relay.c...
..\MODULE\relay\relay.c(37): warning:  #1-D: last line of file ends without a newline
  }
..\MODULE\relay\relay.c(4): warning:  #177-D: variable "relay_instances"  was declared but never referenced
  static Relay_Instance *relay_instances[RELAY_MAX_NUM];
..\MODULE\relay\relay.c(5): warning:  #177-D: variable "idx"  was declared but never referenced
  static uint8_t idx; // 用于记录当前注册的daemon数量
..\MODULE\relay\relay.c: 3 warnings, 0 errors
compiling ramp_contorller.c...
compiling croutine.c...
compiling usb.c...
..\MODULE\usb\usb.c(192): warning:  #223-D: function "protocol_fsm_feed" declared implicitly
          protocol_fsm_feed(byte);
..\MODULE\usb\usb.c(140): warning:  #177-D: function "RingBuffer_Peek"  was declared but never referenced
  static uint8_t RingBuffer_Peek(uint32_t offset, uint8_t *data)
..\MODULE\usb\usb.c: 2 warnings, 0 errors
compiling remote.c...
compiling BMI088driver.c...
compiling event_groups.c...
compiling list.c...
compiling queue.c...
compiling dmmotor.c...
..\MODULE\motor\DMmotor\dmmotor.c(12): warning:  #550-D: variable "dm_task_handle"  was set but never used
  static osThreadId dm_task_handle[DM_MOTOR_CNT];
..\MODULE\motor\DMmotor\dmmotor.c: 1 warning, 0 errors
compiling stream_buffer.c...
compiling ins_task.c...
compiling timers.c...
compiling tasks.c...
compiling robot_cmd.c...
../APPLICATION/nac.h(107): warning:  #1295-D: Deprecated declaration NacSend - give arg types
  void NacSend();
../APPLICATION/nac.h(117): warning:  #1-D: last line of file ends without a newline
  #endif
../APPLICATION/chassis/chassis.h(11): warning:  #1295-D: Deprecated declaration ChassisTest_OldVersion - give arg types
  void ChassisTest_OldVersion();
..\APPLICATION\cmd\robot_cmd.c: 3 warnings, 0 errors
compiling user_lib.c...
compiling heap_4.c...
compiling cmsis_os.c...
compiling port.c...
compiling chassis.c...
../APPLICATION/nac.h(107): warning:  #1295-D: Deprecated declaration NacSend - give arg types
  void NacSend();
../APPLICATION/nac.h(117): warning:  #1-D: last line of file ends without a newline
  #endif
..\APPLICATION\chassis\chassis.h(11): warning:  #1295-D: Deprecated declaration ChassisTest_OldVersion - give arg types
  void ChassisTest_OldVersion();
..\APPLICATION\chassis\chassis.c(33): warning:  #188-D: enumerated type mixed with another type
                  .Improve       = PID_Trapezoid_Intergral | PID_Integral_Limit | PID_Derivative_On_Measurement,
..\APPLICATION\chassis\chassis.c(41): warning:  #188-D: enumerated type mixed with another type
                  .Improve       = PID_Trapezoid_Intergral | PID_Integral_Limit | PID_Derivative_On_Measurement,
..\APPLICATION\chassis\chassis.c(49): warning:  #188-D: enumerated type mixed with another type
              .close_loop_type       = CURRENT_LOOP | SPEED_LOOP,
..\APPLICATION\chassis\chassis.c(79): warning:  #188-D: enumerated type mixed with another type
                  .Improve       = PID_Trapezoid_Intergral | PID_Integral_Limit | PID_Derivative_On_Measurement,
..\APPLICATION\chassis\chassis.c(87): warning:  #188-D: enumerated type mixed with another type
                  .Improve       = PID_Trapezoid_Intergral | PID_Integral_Limit | PID_Derivative_On_Measurement,
..\APPLICATION\chassis\chassis.c(95): warning:  #188-D: enumerated type mixed with another type
              .close_loop_type       = CURRENT_LOOP | SPEED_LOOP,
..\APPLICATION\chassis\chassis.c(110): warning:  #188-D: enumerated type mixed with another type
                  .Improve           = PID_Trapezoid_Intergral | PID_Integral_Limit | PID_Derivative_On_Measurement | PID_DerivativeFilter | PID_ChangingIntegrationRate,
..\APPLICATION\chassis\chassis.c(120): warning:  #188-D: enumerated type mixed with another type
                  .Improve       = PID_Integral_Limit | PID_Derivative_On_Measurement | PID_ChangingIntegrationRate | PID_OutputFilter,
..\APPLICATION\chassis\chassis.c(151): warning:  #188-D: enumerated type mixed with another type
              .close_loop_type       = SPEED_LOOP | ANGLE_LOOP,
..\APPLICATION\chassis\chassis.c(172): warning:  #188-D: enumerated type mixed with another type
          .Improve           = PID_Trapezoid_Intergral | PID_DerivativeFilter | PID_DerivativeFilter | PID_Derivative_On_Measurement | PID_Integral_Limit | PID_Derivative_On_Measurement | PID_ErrorHandle,
..\APPLICATION\chassis\chassis.c(71): warning:  #177-D: variable "chassis_motor_config1"  was declared but never referenced
  		 Motor_Init_Config_s chassis_motor_config1 = {
..\APPLICATION\chassis\chassis.c(221): warning:  #546-D: transfer of control bypasses initialization of:
            variable "target_error"  (declared at line 249)
      switch(chassis_ctrl_cmd.correct_mode)
      ^
..\APPLICATION\chassis\chassis.c(299): warning:  #177-D: function "SteeringWheelCalculate"  was declared but never referenced
  static void SteeringWheelCalculate()
..\APPLICATION\chassis\chassis.c: 16 warnings, 0 errors
compiling Test.c...
../APPLICATION/nac.h(107): warning:  #1295-D: Deprecated declaration NacSend - give arg types
  void NacSend();
../APPLICATION/nac.h(117): warning:  #1-D: last line of file ends without a newline
  #endif
../APPLICATION/chassis/chassis.h(11): warning:  #1295-D: Deprecated declaration ChassisTest_OldVersion - give arg types
  void ChassisTest_OldVersion();
..\APPLICATION\Test.h(5): warning:  #1295-D: Deprecated declaration all_init_Task - give arg types
  void all_init_Task();
..\APPLICATION\Test.h(6): warning:  #1295-D: Deprecated declaration all_cmd_Task - give arg types
  void all_cmd_Task();
../APPLICATION/catch/catch.h(4): warning:  #1295-D: Deprecated declaration catch_init - give arg types
  void catch_init();
../APPLICATION/catch/catch.h(5): warning:  #1295-D: Deprecated declaration catch_all - give arg types
  void catch_all();
../APPLICATION/catch/catch.h(7): warning:  #1-D: last line of file ends without a newline
  #endif
..\APPLICATION\Test.c: 8 warnings, 0 errors
compiling usbd_core.c...
compiling usbd_desc.c...
compiling usbd_ctlreq.c...
compiling usb_device.c...
compiling usbd_cdc_if.c...
compiling usbd_ioreq.c...
compiling usbd_conf.c...
compiling usbd_cdc.c...
compiling catch.c...
..\APPLICATION\catch\catch.h(4): warning:  #1295-D: Deprecated declaration catch_init - give arg types
  void catch_init();
..\APPLICATION\catch\catch.h(5): warning:  #1295-D: Deprecated declaration catch_all - give arg types
  void catch_all();
..\APPLICATION\catch\catch.h(7): warning:  #1-D: last line of file ends without a newline
  #endif
../MODULE/feite_motor/hsl_servo.h(58): warning:  #1-D: last line of file ends without a newline
  #endif
..\APPLICATION\catch\catch.c(72): warning:  #188-D: enumerated type mixed with another type
                  .Improve           = PID_Trapezoid_Intergral | PID_Integral_Limit | PID_Derivative_On_Measurement | PID_DerivativeFilter | PID_ErrorHandle,
..\APPLICATION\catch\catch.c(83): warning:  #188-D: enumerated type mixed with another type
  							.Improve       = PID_Trapezoid_Intergral | PID_Integral_Limit | PID_Derivative_On_Measurement,
..\APPLICATION\catch\catch.c(101): warning:  #188-D: enumerated type mixed with another type
  					.close_loop_type       = CURRENT_LOOP | SPEED_LOOP | ANGLE_LOOP   ,
..\APPLICATION\catch\catch.c(121): warning:  #188-D: enumerated type mixed with another type
              .Improve           = PID_Trapezoid_Intergral | PID_Integral_Limit | PID_Derivative_On_Measurement | PID_DerivativeFilter | PID_ErrorHandle,
..\APPLICATION\catch\catch.c(130): warning:  #188-D: enumerated type mixed with another type
              .Improve       = PID_Trapezoid_Intergral | PID_Integral_Limit | PID_Derivative_On_Measurement,
..\APPLICATION\catch\catch.c(146): warning:  #188-D: enumerated type mixed with another type
          .close_loop_type       = CURRENT_LOOP | SPEED_LOOP | ANGLE_LOOP,
..\APPLICATION\catch\catch.c(156): warning:  #177-D: function "LiftInit"  was declared but never referenced
  static void LiftInit() {
..\APPLICATION\catch\catch.c: 11 warnings, 0 errors
linking...
Program Size: Code=64000 RO-data=4440 RW-data=1428 ZI-data=97184  
FromELF: creating hex file...
"Engineer\Engineer.axf" - 0 Error(s), 64 Warning(s).

<h2>Software Packages used:</h2>

Package Vendor: ARM
                http://www.keil.com/pack/ARM.CMSIS.5.8.0.pack
                ARM.CMSIS.5.8.0
                CMSIS (Common Microcontroller Software Interface Standard)
   * Component: CORE Version: 5.5.0

Package Vendor: Keil
                https://www.keil.com/pack/Keil.STM32F4xx_DFP.3.0.0.pack
                Keil.STM32F4xx_DFP.3.0.0
                STMicroelectronics STM32F4 Series Device Support

<h2>Collection of Component include folders:</h2>
  .\RTE\_Engineer
  C:\Users\11737\AppData\Local\Arm\Packs\ARM\CMSIS\5.8.0\CMSIS\Core\Include

<h2>Collection of Component Files used:</h2>

   * Component: ARM::CMSIS:CORE:5.5.0
      Include file:  CMSIS\Core\Include\tz_context.h
Build Time Elapsed:  00:00:21
</pre>
</body>
</html>
